Archive member included to satisfy reference by file (symbol)

D:/windows_app/SEGGER/lib/libc_v7em_fpv4_sp_d16_hard_t_le_eabi.a(libc2_asm.o)
                              Output/blinky_pca10040_s132 Debug/Obj/nrf_memobj.o (memcpy)
D:/windows_app/SEGGER/lib/libdebugio_v7em_fpv4_sp_d16_hard_t_le_eabi.a(libdebugio.o)
                              Output/blinky_pca10040_s132 Debug/Obj/thumb_crt0.o (debug_fopen)
D:/windows_app/SEGGER/lib/libdebugio_mempoll_v7em_fpv4_sp_d16_hard_t_le_eabi.a(mempoll_debug_operations.o)
                              D:/windows_app/SEGGER/lib/libdebugio_v7em_fpv4_sp_d16_hard_t_le_eabi.a(libdebugio.o) (__do_debug_operation)
D:/windows_app/SEGGER/lib/libdebugio_mempoll_v7em_fpv4_sp_d16_hard_t_le_eabi.a(do_nv_debug_operation.o)
                              D:/windows_app/SEGGER/lib/libdebugio_v7em_fpv4_sp_d16_hard_t_le_eabi.a(libdebugio.o) (__do_nvdebug_operation)
D:/windows_app/SEGGER/lib/libm_v7em_fpv4_sp_d16_hard_t_le_eabi.a(libm_asm.o)
                              D:/windows_app/SEGGER/lib/libvfscanf_v7em_fpv4_sp_d16_hard_t_le_eabi.o (__aeabi_i2d)
D:/windows_app/SEGGER/lib/libm_v7em_fpv4_sp_d16_hard_t_le_eabi.a(libm2.o)
                              D:/windows_app/SEGGER/lib/libvfprintf_v7em_fpv4_sp_d16_hard_t_le_eabi.o (frexp)
D:/windows_app/SEGGER/lib/libm_v7em_fpv4_sp_d16_hard_t_le_eabi.a(libm2_asm.o)
                              D:/windows_app/SEGGER/lib/libm_v7em_fpv4_sp_d16_hard_t_le_eabi.a(libm2.o) (fabs)
D:/windows_app/SEGGER/lib/libc_v7em_fpv4_sp_d16_hard_t_le_eabi.a(libc_asm.o)
                              D:/windows_app/SEGGER/lib/libvfprintf_v7em_fpv4_sp_d16_hard_t_le_eabi.o (__aeabi_uldivmod)
D:/windows_app/SEGGER/lib/libc_v7em_fpv4_sp_d16_hard_t_le_eabi.a(libc2.o)
                              D:/windows_app/SEGGER/lib/libvfscanf_v7em_fpv4_sp_d16_hard_t_le_eabi.o (__getc)

Discarded input sections

 .text          0x0000000000000000        0x0 Output/blinky_pca10040_s132 Debug/Obj/thumb_crt0.o
 .data          0x0000000000000000        0x0 Output/blinky_pca10040_s132 Debug/Obj/thumb_crt0.o
 .bss           0x0000000000000000        0x0 Output/blinky_pca10040_s132 Debug/Obj/thumb_crt0.o
 .text.__aeabi_read_tp
                0x0000000000000000        0x8 Output/blinky_pca10040_s132 Debug/Obj/thumb_crt0.o
 .text.__heap_lock
                0x0000000000000000        0x2 Output/blinky_pca10040_s132 Debug/Obj/thumb_crt0.o
 .text.__heap_unlock
                0x0000000000000000        0x2 Output/blinky_pca10040_s132 Debug/Obj/thumb_crt0.o
 .text.__printf_lock
                0x0000000000000000        0x2 Output/blinky_pca10040_s132 Debug/Obj/thumb_crt0.o
 .text.__printf_unlock
                0x0000000000000000        0x2 Output/blinky_pca10040_s132 Debug/Obj/thumb_crt0.o
 .text.__scanf_lock
                0x0000000000000000        0x2 Output/blinky_pca10040_s132 Debug/Obj/thumb_crt0.o
 .text.__scanf_unlock
                0x0000000000000000        0x2 Output/blinky_pca10040_s132 Debug/Obj/thumb_crt0.o
 .text.__debug_io_lock
                0x0000000000000000        0x2 Output/blinky_pca10040_s132 Debug/Obj/thumb_crt0.o
 .text.__debug_io_unlock
                0x0000000000000000        0x2 Output/blinky_pca10040_s132 Debug/Obj/thumb_crt0.o
 .text.abort    0x0000000000000000        0x2 Output/blinky_pca10040_s132 Debug/Obj/thumb_crt0.o
 .text.__assert
                0x0000000000000000        0x2 Output/blinky_pca10040_s132 Debug/Obj/thumb_crt0.o
 .text.__aeabi_assert
                0x0000000000000000        0x2 Output/blinky_pca10040_s132 Debug/Obj/thumb_crt0.o
 .text.__cxa_pure_virtual
                0x0000000000000000        0x2 Output/blinky_pca10040_s132 Debug/Obj/thumb_crt0.o
 .text.__cxa_guard_acquire
                0x0000000000000000       0x10 Output/blinky_pca10040_s132 Debug/Obj/thumb_crt0.o
 .text.__cxa_guard_release
                0x0000000000000000        0x6 Output/blinky_pca10040_s132 Debug/Obj/thumb_crt0.o
 .text.__cxa_guard_abort
                0x0000000000000000        0x2 Output/blinky_pca10040_s132 Debug/Obj/thumb_crt0.o
 .text.__sync_synchronize
                0x0000000000000000        0x2 Output/blinky_pca10040_s132 Debug/Obj/thumb_crt0.o
 .text.__getchar
                0x0000000000000000        0x4 Output/blinky_pca10040_s132 Debug/Obj/thumb_crt0.o
 .text.__putchar
                0x0000000000000000        0x4 Output/blinky_pca10040_s132 Debug/Obj/thumb_crt0.o
 .text.__open   0x0000000000000000        0x4 Output/blinky_pca10040_s132 Debug/Obj/thumb_crt0.o
 .text.__close  0x0000000000000000        0x4 Output/blinky_pca10040_s132 Debug/Obj/thumb_crt0.o
 .text.__write  0x0000000000000000        0xa Output/blinky_pca10040_s132 Debug/Obj/thumb_crt0.o
 .text.__read   0x0000000000000000        0xa Output/blinky_pca10040_s132 Debug/Obj/thumb_crt0.o
 .text.__seek   0x0000000000000000       0x1a Output/blinky_pca10040_s132 Debug/Obj/thumb_crt0.o
 .bss.__user_locale_name_buffer
[...]
Memory Configuration

Name             Origin             Length             Attributes
UNPLACED_SECTIONS 0x0000000100000000 0x0000000000000000 xw
RAM              0x0000000020000000 0x0000000000010000 xw
FLASH            0x0000000000000000 0x0000000000080000 xw
*default*        0x0000000000000000 0xffffffffffffffff

Linker script and memory map

                0x0000000000000000                __vfprintf = __vfprintf_long
                0x0000000000000000                __vfscanf = __vfscanf_int
                0x0000000020000000                __RAM_segment_start__ = 0x20000000
                0x0000000020010000                __RAM_segment_end__ = 0x20010000
                0x0000000000010000                __RAM_segment_size__ = 0x10000
                0x0000000000000000                __FLASH_segment_start__ = 0x0
                0x0000000000080000                __FLASH_segment_end__ = 0x80000
                0x0000000000080000                __FLASH_segment_size__ = 0x80000
                0x0000000000000200                __HEAPSIZE__ = 0x200
                0x0000000000000000                __STACKSIZE_ABT__ = 0x0
                0x0000000000000000                __STACKSIZE_FIQ__ = 0x0
                0x0000000000000000                __STACKSIZE_IRQ__ = 0x0
                0x0000000000000000                __STACKSIZE_PROCESS__ = 0x0
                0x0000000000000000                __STACKSIZE_SVC__ = 0x0
                0x0000000000000000                __STACKSIZE_UND__ = 0x0
                0x0000000000000800                __STACKSIZE__ = 0x800
                0x0000000020000000                __reserved_ram_load_start__ = 0x20000000

.reserved_ram   0x0000000020000000     0x5668
                0x0000000020000000                __reserved_ram_start__ = .
 *(.reserved_ram .reserved_ram.*)
                0x0000000020005668                . = MAX (((__reserved_ram_start__ + 0x20005668) - 0x20000000), .)
 *fill*         0x0000000020000000     0x5668 
                0x0000000020005668                __reserved_ram_end__ = (__reserved_ram_start__ + SIZEOF (.reserved_ram))
                0x0000000000005668                __reserved_ram_size__ = SIZEOF (.reserved_ram)
                0x0000000020005668                __reserved_ram_load_end__ = __reserved_ram_end__
                0x0000000000000001                . = ASSERT (((__reserved_ram_start__ == __reserved_ram_end__) || ((__reserved_ram_end__ >= __RAM_segment_start__) && (__reserved_ram_end__ <= __RAM_segment_end__))), error: .reserved_ram is too large to fit in RAM memory segment)
                0x0000000020005668                __vectors_ram_load_start__ = 0x20005668

.vectors_ram    0x0000000020005668        0x0
                0x0000000020005668                __vectors_ram_start__ = .
                0x0000000020005668                __app_ram_start__ = __vectors_ram_start__
 *(.vectors_ram .vectors_ram.*)
                0x0000000020005668                __vectors_ram_end__ = (__vectors_ram_start__ + SIZEOF (.vectors_ram))
                0x0000000000000000                __vectors_ram_size__ = SIZEOF (.vectors_ram)
                0x0000000020005668                __vectors_ram_load_end__ = __vectors_ram_end__
                0x0000000000000001                . = ASSERT (((__vectors_ram_start__ == __vectors_ram_end__) || ((__vectors_ram_end__ >= __RAM_segment_start__) && (__vectors_ram_end__ <= __RAM_segment_end__))), error: .vectors_ram is too large to fit in RAM memory segment)
                0x0000000000000001                . = ASSERT ((__reserved_ram_end__ <= __vectors_ram_start__), error: section .reserved_ram overlaps absolute placed section .vectors_ram)
                0x0000000020005668                __nrf_sections_run_load_start__ = ALIGN (__vectors_ram_end__, 0x4)

.nrf_sections_run
                0x0000000020005668        0x0
                0x0000000020005668                __nrf_sections_run_start__ = .
                0x0000000020005668                __start_nrf_sections_run = __nrf_sections_run_start__
 *(.nrf_sections_run .nrf_sections_run.*)
                0x0000000020005668                __nrf_sections_run_end__ = (__nrf_sections_run_start__ + SIZEOF (.nrf_sections_run))
                0x0000000000000000                __nrf_sections_run_size__ = SIZEOF (.nrf_sections_run)
                0x0000000020005668                __nrf_sections_run_load_end__ = __nrf_sections_run_end__
                0x0000000000000001                . = ASSERT (((__nrf_sections_run_start__ == __nrf_sections_run_end__) || ((__nrf_sections_run_end__ >= __RAM_segment_start__) && (__nrf_sections_run_end__ <= __RAM_segment_end__))), error: .nrf_sections_run is too large to fit in RAM memory segment)
                0x0000000000000000                __reserved_flash_load_start__ = 0x0

.reserved_flash
                0x0000000000000000    0x23000
                0x0000000000000000                __reserved_flash_start__ = .
 *(.reserved_flash .reserved_flash.*)
                0x0000000000023000                . = MAX (((__reserved_flash_start__ + 0x23000) - 0x0), .)
 *fill*         0x0000000000000000    0x23000 
                0x0000000000023000                __reserved_flash_end__ = (__reserved_flash_start__ + SIZEOF (.reserved_flash))
                0x0000000000023000                __reserved_flash_size__ = SIZEOF (.reserved_flash)
                0x0000000000023000                __reserved_flash_load_end__ = __reserved_flash_end__
                0x0000000000000001                . = ASSERT (((__reserved_flash_start__ == __reserved_flash_end__) || ((__reserved_flash_end__ >= __FLASH_segment_start__) && (__reserved_flash_end__ <= __FLASH_segment_end__))), error: .reserved_flash is too large to fit in FLASH memory segment)
                0x0000000000023000                __vectors_load_start__ = 0x23000

.vectors        0x0000000000023000       0xdc
                0x0000000000023000                __vectors_start__ = .
 *(.vectors .vectors.*)
 .vectors       0x0000000000023000       0xdc Output/blinky_pca10040_s132 Debug/Obj/ses_nrf52_Vectors.o
                0x0000000000023000                _vectors
                0x00000000000230dc                __vectors_end__ = (__vectors_start__ + SIZEOF (.vectors))
                0x00000000000000dc                __vectors_size__ = SIZEOF (.vectors)
                0x00000000000230dc                __vectors_load_end__ = __vectors_end__
                0x0000000000000001                . = ASSERT (((__vectors_start__ == __vectors_end__) || ((__vectors_end__ >= __FLASH_segment_start__) && (__vectors_end__ <= __FLASH_segment_end__))), error: .vectors is too large to fit in FLASH memory segment)
                0x0000000000000001                . = ASSERT ((__reserved_flash_end__ <= __vectors_start__), error: section .reserved_flash overlaps absolute placed section .vectors)
                0x00000000000230dc                __init_load_start__ = ALIGN (__vectors_end__, 0x4)

.init           0x00000000000230dc      0x218
                0x00000000000230dc                __init_start__ = .
 *(.init .init.*)
 .init          0x00000000000230dc      0x160 Output/blinky_pca10040_s132 Debug/Obj/thumb_crt0.o
                0x00000000000230dc                _start
                0x0000000000023192                exit
 .init          0x000000000002323c       0x58 Output/blinky_pca10040_s132 Debug/Obj/ses_nRF_Startup.o
                0x000000000002323c                Reset_Handler
                0x0000000000023260                InitializeUserMemorySections
 .init          0x0000000000023294       0x60 Output/blinky_pca10040_s132 Debug/Obj/ses_nrf52_Vectors.o
                0x0000000000023294                NMI_Handler
                0x0000000000023296                HardFault_Handler
                0x0000000000023298                MemoryManagement_Handler
                0x000000000002329a                BusFault_Handler
                0x000000000002329c                UsageFault_Handler
                0x000000000002329e                SVC_Handler
                0x00000000000232a0                DebugMon_Handler
                0x00000000000232a2                PendSV_Handler
                0x00000000000232a4                SysTick_Handler
                0x00000000000232a8                POWER_CLOCK_IRQHandler
                0x00000000000232aa                RADIO_IRQHandler
                0x00000000000232ac                UARTE0_UART0_IRQHandler
                0x00000000000232ae                SPIM0_SPIS0_TWIM0_TWIS0_SPI0_TWI0_IRQHandler
                0x00000000000232b0                SPIM1_SPIS1_TWIM1_TWIS1_SPI1_TWI1_IRQHandler
                0x00000000000232b2                NFCT_IRQHandler
                0x00000000000232b6                SAADC_IRQHandler
                0x00000000000232b8                TIMER0_IRQHandler
                0x00000000000232ba                TIMER1_IRQHandler
                0x00000000000232bc                TIMER2_IRQHandler
                0x00000000000232be                RTC0_IRQHandler
                0x00000000000232c0                TEMP_IRQHandler
                0x00000000000232c2                RNG_IRQHandler
                0x00000000000232c4                ECB_IRQHandler
                0x00000000000232c6                CCM_AAR_IRQHandler
                0x00000000000232c8                WDT_IRQHandler
                0x00000000000232ca                RTC1_IRQHandler
                0x00000000000232cc                QDEC_IRQHandler
                0x00000000000232ce                COMP_LPCOMP_IRQHandler
                0x00000000000232d0                SWI0_EGU0_IRQHandler
                0x00000000000232d2                SWI1_EGU1_IRQHandler
                0x00000000000232d6                SWI3_EGU3_IRQHandler
                0x00000000000232d8                SWI4_EGU4_IRQHandler
                0x00000000000232da                SWI5_EGU5_IRQHandler
                0x00000000000232dc                TIMER3_IRQHandler
                0x00000000000232de                TIMER4_IRQHandler
                0x00000000000232e0                PWM0_IRQHandler
                0x00000000000232e2                PDM_IRQHandler
                0x00000000000232e4                MWU_IRQHandler
                0x00000000000232e6                PWM1_IRQHandler
                0x00000000000232e8                PWM2_IRQHandler
                0x00000000000232ea                SPIM2_SPIS2_SPI2_IRQHandler
                0x00000000000232ec                RTC2_IRQHandler
                0x00000000000232ee                I2S_IRQHandler
                0x00000000000232f0                FPU_IRQHandler
                0x00000000000232f4                __init_end__ = (__init_start__ + SIZEOF (.init))
                0x0000000000000218                __init_size__ = SIZEOF (.init)
                0x00000000000232f4                __init_load_end__ = __init_end__
                0x0000000000000001                . = ASSERT (((__init_start__ == __init_end__) || ((__init_end__ >= __FLASH_segment_start__) && (__init_end__ <= __FLASH_segment_end__))), error: .init is too large to fit in FLASH memory segment)
                0x00000000000232f4                __init_rodata_load_start__ = ALIGN (__init_end__, 0x4)

.init_rodata    0x00000000000232f4        0x0
                0x00000000000232f4                __init_rodata_start__ = .
 *(.init_rodata .init_rodata.*)
                0x00000000000232f4                __init_rodata_end__ = (__init_rodata_start__ + SIZEOF (.init_rodata))
                0x0000000000000000                __init_rodata_size__ = SIZEOF (.init_rodata)
                0x00000000000232f4                __init_rodata_load_end__ = __init_rodata_end__
                0x0000000000000001                . = ASSERT (((__init_rodata_start__ == __init_rodata_end__) || ((__init_rodata_end__ >= __FLASH_segment_start__) && (__init_rodata_end__ <= __FLASH_segment_end__))), error: .init_rodata is too large to fit in FLASH memory segment)
                0x00000000000232f4                __text_load_start__ = ALIGN (__init_rodata_end__, 0x4)

.text           0x00000000000232f4      0xc68
                0x00000000000232f4                __text_start__ = .
 *(.text .text.* .glue_7t .glue_7 .gnu.linkonce.t.* .gcc_except_table .ARM.extab* .gnu.linkonce.armextab.*)
 .glue_7        0x00000000000232f4        0x0 linker stubs
 .glue_7t       0x00000000000232f4        0x0 linker stubs
 .text.nrf_gpio_pin_port_decode
                0x00000000000232f4       0x28 Output/blinky_pca10040_s132 Debug/Obj/boards.o
 .text.nrf_gpio_cfg
                0x000000000002331c       0x60 Output/blinky_pca10040_s132 Debug/Obj/boards.o
 .text.nrf_gpio_cfg_output
                0x000000000002337c       0x22 Output/blinky_pca10040_s132 Debug/Obj/boards.o
 .text.nrf_gpio_pin_set
                0x000000000002339e       0x28 Output/blinky_pca10040_s132 Debug/Obj/boards.o
 .text.nrf_gpio_pin_clear
                0x00000000000233c6       0x28 Output/blinky_pca10040_s132 Debug/Obj/boards.o
 .text.nrf_gpio_pin_write
                0x00000000000233ee       0x24 Output/blinky_pca10040_s132 Debug/Obj/boards.o
 .text.nrf_gpio_port_out_set
                0x0000000000023412       0x14 Output/blinky_pca10040_s132 Debug/Obj/boards.o
 .text.nrf_gpio_port_out_clear
                0x0000000000023426       0x14 Output/blinky_pca10040_s132 Debug/Obj/boards.o
 *fill*         0x000000000002343a        0x2 
 .text.bsp_board_led_off
                0x000000000002343c       0x34 Output/blinky_pca10040_s132 Debug/Obj/boards.o
                0x000000000002343c                bsp_board_led_off
 .text.bsp_board_leds_off
                0x0000000000023470       0x24 Output/blinky_pca10040_s132 Debug/Obj/boards.o
                0x0000000000023470                bsp_board_leds_off
 .text.bsp_board_leds_init
                0x0000000000023494       0x34 Output/blinky_pca10040_s132 Debug/Obj/boards.o
                0x0000000000023494                bsp_board_leds_init
 .text.app_error_handler
                0x00000000000234c8       0x30 Output/blinky_pca10040_s132 Debug/Obj/app_error.o
                0x00000000000234c8                app_error_handler
 .text.app_error_save_and_stop
                0x00000000000234f8       0x98 Output/blinky_pca10040_s132 Debug/Obj/app_error.o
                0x00000000000234f8                app_error_save_and_stop
 .text.app_error_fault_handler
                0x0000000000023590       0x6c Output/blinky_pca10040_s132 Debug/Obj/app_error_weak.o
                0x0000000000023590                app_error_fault_handler
 .text.assert_nrf_callback
                0x00000000000235fc       0x2e Output/blinky_pca10040_s132 Debug/Obj/nrf_assert.o
                0x00000000000235fc                assert_nrf_callback
 *fill*         0x000000000002362a        0x2 
 .text.nrf_section_iter_init
                0x000000000002362c       0x54 Output/blinky_pca10040_s132 Debug/Obj/nrf_section_iter.o
                0x000000000002362c                nrf_section_iter_init
 .text.nrf_section_iter_next
                0x0000000000023680       0x64 Output/blinky_pca10040_s132 Debug/Obj/nrf_section_iter.o
                0x0000000000023680                nrf_section_iter_next
 .text.nrf_section_iter_get
                0x00000000000236e4       0x24 Output/blinky_pca10040_s132 Debug/Obj/nrf_sdh.o
 .text.nrf_sdh_evts_poll
                0x0000000000023708       0x4c Output/blinky_pca10040_s132 Debug/Obj/nrf_sdh.o
                0x0000000000023708                nrf_sdh_evts_poll
 .text.SWI2_EGU2_IRQHandler
                0x0000000000023754        0xa Output/blinky_pca10040_s132 Debug/Obj/nrf_sdh.o
                0x0000000000023754                SWI2_EGU2_IRQHandler
 *fill*         0x000000000002375e        0x2 
 .text.nrf_section_iter_get
                0x0000000000023760       0x24 Output/blinky_pca10040_s132 Debug/Obj/nrf_sdh_soc.o
 .text.sd_evt_get
                0x0000000000023784        0x8 Output/blinky_pca10040_s132 Debug/Obj/nrf_sdh_soc.o
 .text.nrf_sdh_soc_evts_poll
                0x000000000002378c       0x78 Output/blinky_pca10040_s132 Debug/Obj/nrf_sdh_soc.o
 .text.NVIC_EnableIRQ
                0x0000000000023804       0x2c Output/blinky_pca10040_s132 Debug/Obj/main.o
 .text.nrf_gpio_pin_port_decode
                0x0000000000023830       0x28 Output/blinky_pca10040_s132 Debug/Obj/main.o
 .text.nrf_gpio_cfg
                0x0000000000023858       0x60 Output/blinky_pca10040_s132 Debug/Obj/main.o
 .text.nrf_gpio_cfg_output
                0x00000000000238b8       0x22 Output/blinky_pca10040_s132 Debug/Obj/main.o
 .text.nrf_gpio_cfg_input
                0x00000000000238da       0x2c Output/blinky_pca10040_s132 Debug/Obj/main.o
 .text.nrf_gpio_pin_toggle
                0x0000000000023906       0x44 Output/blinky_pca10040_s132 Debug/Obj/main.o
 *fill*         0x000000000002394a        0x2 
 .text.GPIOTE_IRQHandler
                0x000000000002394c       0x18 Output/blinky_pca10040_s132 Debug/Obj/main.o
                0x000000000002394c                GPIOTE_IRQHandler
 .text.main     0x0000000000023964       0x34 Output/blinky_pca10040_s132 Debug/Obj/main.o
                0x0000000000023964                main
 .text.NVIC_SystemReset
                0x0000000000023998       0x24 Output/blinky_pca10040_s132 Debug/Obj/system_nrf52.o
 .text.SystemCoreClockUpdate
                0x00000000000239bc       0x14 Output/blinky_pca10040_s132 Debug/Obj/system_nrf52.o
                0x00000000000239bc                SystemCoreClockUpdate
 .text.SystemInit
                0x00000000000239d0      0x2bc Output/blinky_pca10040_s132 Debug/Obj/system_nrf52.o
                0x00000000000239d0                SystemInit
 .text.errata_12
                0x0000000000023c8c       0x58 Output/blinky_pca10040_s132 Debug/Obj/system_nrf52.o
 .text.errata_16
                0x0000000000023ce4       0x38 Output/blinky_pca10040_s132 Debug/Obj/system_nrf52.o
 .text.errata_31
                0x0000000000023d1c       0x58 Output/blinky_pca10040_s132 Debug/Obj/system_nrf52.o
 .text.errata_32
                0x0000000000023d74       0x38 Output/blinky_pca10040_s132 Debug/Obj/system_nrf52.o
 .text.errata_36
                0x0000000000023dac       0x58 Output/blinky_pca10040_s132 Debug/Obj/system_nrf52.o
 .text.errata_37
                0x0000000000023e04       0x38 Output/blinky_pca10040_s132 Debug/Obj/system_nrf52.o
 .text.errata_57
                0x0000000000023e3c       0x38 Output/blinky_pca10040_s132 Debug/Obj/system_nrf52.o
 .text.errata_66
                0x0000000000023e74       0x38 Output/blinky_pca10040_s132 Debug/Obj/system_nrf52.o
 .text.errata_108
                0x0000000000023eac       0x58 Output/blinky_pca10040_s132 Debug/Obj/system_nrf52.o
 .text.errata_136
                0x0000000000023f04       0x58 Output/blinky_pca10040_s132 Debug/Obj/system_nrf52.o
                0x0000000000023f5c                __text_end__ = (__text_start__ + SIZEOF (.text))
                0x0000000000000c68                __text_size__ = SIZEOF (.text)
                0x0000000000023f5c                __text_load_end__ = __text_end__

.vfp11_veneer   0x0000000100000000        0x0
 .vfp11_veneer  0x0000000100000000        0x0 linker stubs

.v4_bx          0x0000000100000000        0x0
 .v4_bx         0x0000000100000000        0x0 linker stubs

.iplt           0x0000000100000000        0x0
 .iplt          0x0000000100000000        0x0 Output/blinky_pca10040_s132 Debug/Obj/thumb_crt0.o
                0x0000000000000001                . = ASSERT (((__text_start__ == __text_end__) || ((__text_end__ >= __FLASH_segment_start__) && (__text_end__ <= __FLASH_segment_end__))), error: .text is too large to fit in FLASH memory segment)
                0x0000000000023f5c                __sdh_soc_observers_load_start__ = ALIGN (__text_end__, 0x4)

.sdh_soc_observers
                0x0000000000023f5c        0x0
                0x0000000000023f5c                __sdh_soc_observers_start__ = .
                0x0000000000023f5c                __start_sdh_soc_observers = __sdh_soc_observers_start__
 *(SORT(.sdh_soc_observers*))
                0x0000000000023f5c                __sdh_soc_observers_end__ = (__sdh_soc_observers_start__ + SIZEOF (.sdh_soc_observers))
                0x0000000000000000                __sdh_soc_observers_size__ = SIZEOF (.sdh_soc_observers)
                0x0000000000023f5c                __stop_sdh_soc_observers = __sdh_soc_observers_end__
                0x0000000000023f5c                __sdh_soc_observers_load_end__ = __sdh_soc_observers_end__
                0x0000000000000001                . = ASSERT (((__sdh_soc_observers_start__ == __sdh_soc_observers_end__) || ((__sdh_soc_observers_end__ >= __FLASH_segment_start__) && (__sdh_soc_observers_end__ <= __FLASH_segment_end__))), error: .sdh_soc_observers is too large to fit in FLASH memory segment)
                0x0000000000023f5c                __log_const_data_load_start__ = ALIGN (__sdh_soc_observers_end__, 0x4)

.log_const_data
                0x0000000000023f5c        0x0
                0x0000000000023f5c                __log_const_data_start__ = .
                0x0000000000023f5c                __start_log_const_data = __log_const_data_start__
 *(SORT(.log_const_data*))
                0x0000000000023f5c                __log_const_data_end__ = (__log_const_data_start__ + SIZEOF (.log_const_data))
                0x0000000000000000                __log_const_data_size__ = SIZEOF (.log_const_data)
                0x0000000000023f5c                __stop_log_const_data = __log_const_data_end__
                0x0000000000023f5c                __log_const_data_load_end__ = __log_const_data_end__
                0x0000000000000001                . = ASSERT (((__log_const_data_start__ == __log_const_data_end__) || ((__log_const_data_end__ >= __FLASH_segment_start__) && (__log_const_data_end__ <= __FLASH_segment_end__))), error: .log_const_data is too large to fit in FLASH memory segment)
                0x0000000000023f5c                __sdh_req_observers_load_start__ = ALIGN (__log_const_data_end__, 0x4)

.sdh_req_observers
                0x0000000000023f5c        0x0
                0x0000000000023f5c                __sdh_req_observers_start__ = .
                0x0000000000023f5c                __start_sdh_req_observers = __sdh_req_observers_start__
 *(SORT(.sdh_req_observers*))
                0x0000000000023f5c                __sdh_req_observers_end__ = (__sdh_req_observers_start__ + SIZEOF (.sdh_req_observers))
                0x0000000000000000                __sdh_req_observers_size__ = SIZEOF (.sdh_req_observers)
                0x0000000000023f5c                __stop_sdh_req_observers = __sdh_req_observers_end__
                0x0000000000023f5c                __sdh_req_observers_load_end__ = __sdh_req_observers_end__
                0x0000000000000001                . = ASSERT (((__sdh_req_observers_start__ == __sdh_req_observers_end__) || ((__sdh_req_observers_end__ >= __FLASH_segment_start__) && (__sdh_req_observers_end__ <= __FLASH_segment_end__))), error: .sdh_req_observers is too large to fit in FLASH memory segment)
                0x0000000000023f5c                __sdh_state_observers_load_start__ = ALIGN (__sdh_req_observers_end__, 0x4)

.sdh_state_observers
                0x0000000000023f5c        0x0
                0x0000000000023f5c                __sdh_state_observers_start__ = .
                0x0000000000023f5c                __start_sdh_state_observers = __sdh_state_observers_start__
 *(SORT(.sdh_state_observers*))
                0x0000000000023f5c                __sdh_state_observers_end__ = (__sdh_state_observers_start__ + SIZEOF (.sdh_state_observers))
                0x0000000000000000                __sdh_state_observers_size__ = SIZEOF (.sdh_state_observers)
                0x0000000000023f5c                __stop_sdh_state_observers = __sdh_state_observers_end__
                0x0000000000023f5c                __sdh_state_observers_load_end__ = __sdh_state_observers_end__
                0x0000000000000001                . = ASSERT (((__sdh_state_observers_start__ == __sdh_state_observers_end__) || ((__sdh_state_observers_end__ >= __FLASH_segment_start__) && (__sdh_state_observers_end__ <= __FLASH_segment_end__))), error: .sdh_state_observers is too large to fit in FLASH memory segment)
                0x0000000000023f5c                __sdh_stack_observers_load_start__ = ALIGN (__sdh_state_observers_end__, 0x4)

.sdh_stack_observers
                0x0000000000023f5c        0x8
                0x0000000000023f5c                __sdh_stack_observers_start__ = .
                0x0000000000023f5c                __start_sdh_stack_observers = __sdh_stack_observers_start__
 *(SORT(.sdh_stack_observers*))
 .sdh_stack_observers0
                0x0000000000023f5c        0x8 Output/blinky_pca10040_s132 Debug/Obj/nrf_sdh_soc.o
                0x0000000000023f64                __sdh_stack_observers_end__ = (__sdh_stack_observers_start__ + SIZEOF (.sdh_stack_observers))
                0x0000000000000008                __sdh_stack_observers_size__ = SIZEOF (.sdh_stack_observers)
                0x0000000000023f64                __stop_sdh_stack_observers = __sdh_stack_observers_end__
                0x0000000000023f64                __sdh_stack_observers_load_end__ = __sdh_stack_observers_end__
                0x0000000000000001                . = ASSERT (((__sdh_stack_observers_start__ == __sdh_stack_observers_end__) || ((__sdh_stack_observers_end__ >= __FLASH_segment_start__) && (__sdh_stack_observers_end__ <= __FLASH_segment_end__))), error: .sdh_stack_observers is too large to fit in FLASH memory segment)
                0x0000000000023f64                __nrf_sections_load_start__ = ALIGN (__sdh_stack_observers_end__, 0x4)

.nrf_sections   0x0000000000023f64        0x0
                0x0000000000023f64                __nrf_sections_start__ = .
                0x0000000000023f64                __start_nrf_sections = __nrf_sections_start__
 *(.nrf_sections .nrf_sections.*)
                0x0000000000023f64                __nrf_sections_end__ = (__nrf_sections_start__ + SIZEOF (.nrf_sections))
                0x0000000000000000                __nrf_sections_size__ = SIZEOF (.nrf_sections)
                0x0000000000023f64                __nrf_sections_load_end__ = __nrf_sections_end__
                0x0000000000000001                . = ASSERT (((__nrf_sections_start__ == __nrf_sections_end__) || ((__nrf_sections_end__ >= __FLASH_segment_start__) && (__nrf_sections_end__ <= __FLASH_segment_end__))), error: .nrf_sections is too large to fit in FLASH memory segment)
                0x0000000000023f64                __log_dynamic_data_load_start__ = ALIGN (__nrf_sections_end__, 0x4)

.log_dynamic_data
                0x0000000020005668        0x0 load address 0x0000000000023f64
                0x0000000020005668                __log_dynamic_data_start__ = .
 *(SORT(.log_dynamic_data*))
                0x0000000020005668                __log_dynamic_data_end__ = (__log_dynamic_data_start__ + SIZEOF (.log_dynamic_data))
                0x0000000000000000                __log_dynamic_data_size__ = SIZEOF (.log_dynamic_data)
                0x0000000000023f64                __log_dynamic_data_load_end__ = (__log_dynamic_data_load_start__ + SIZEOF (.log_dynamic_data))
                0x0000000000000001                . = ASSERT (((__log_dynamic_data_load_start__ == __log_dynamic_data_load_end__) || ((__log_dynamic_data_load_end__ >= __FLASH_segment_start__) && (__log_dynamic_data_load_end__ <= __FLASH_segment_end__))), error: .log_dynamic_data is too large to fit in FLASH memory segment)

.log_dynamic_data_run
                0x0000000020005668        0x0
                0x0000000020005668                __log_dynamic_data_run_start__ = .
                0x0000000020005668                __start_log_dynamic_data = __log_dynamic_data_run_start__
                0x0000000020005668                . = MAX ((__log_dynamic_data_run_start__ + SIZEOF (.log_dynamic_data)), .)
                0x0000000020005668                __log_dynamic_data_run_end__ = (__log_dynamic_data_run_start__ + SIZEOF (.log_dynamic_data_run))
                0x0000000000000000                __log_dynamic_data_run_size__ = SIZEOF (.log_dynamic_data_run)
                0x0000000020005668                __stop_log_dynamic_data = __log_dynamic_data_run_end__
                0x0000000020005668                __log_dynamic_data_run_load_end__ = __log_dynamic_data_run_end__
                0x0000000000000001                . = ASSERT (((__log_dynamic_data_run_start__ == __log_dynamic_data_run_end__) || ((__log_dynamic_data_run_end__ >= __RAM_segment_start__) && (__log_dynamic_data_run_end__ <= __RAM_segment_end__))), error: .log_dynamic_data_run is too large to fit in RAM memory segment)
                0x0000000020005668                __nrf_sections_run_end_load_start__ = ALIGN (__log_dynamic_data_run_end__, 0x4)

.nrf_sections_run_end
                0x0000000020005668        0x0
                0x0000000020005668                __nrf_sections_run_end_start__ = .
                0x0000000020005668                __end_nrf_sections_run = __nrf_sections_run_end_start__
 *(.nrf_sections_run_end .nrf_sections_run_end.*)
                0x0000000020005668                __nrf_sections_run_end_end__ = (__nrf_sections_run_end_start__ + SIZEOF (.nrf_sections_run_end))
                0x0000000000000000                __nrf_sections_run_end_size__ = SIZEOF (.nrf_sections_run_end)
                0x0000000020005668                __nrf_sections_run_end_load_end__ = __nrf_sections_run_end_end__
                0x0000000000000001                . = ASSERT (((__nrf_sections_run_end_start__ == __nrf_sections_run_end_end__) || ((__nrf_sections_run_end_end__ >= __RAM_segment_start__) && (__nrf_sections_run_end_end__ <= __RAM_segment_end__))), error: .nrf_sections_run_end is too large to fit in RAM memory segment)
                0x0000000000023f64                __dtors_load_start__ = ALIGN ((__log_dynamic_data_load_start__ + SIZEOF (.log_dynamic_data)), 0x4)

.dtors          0x0000000000023f64        0x0
                0x0000000000023f64                __dtors_start__ = .
 *(SORT(.dtors.*))
 *(.dtors)
 *(.fini_array)
 *(SORT(.fini_array.*))
                0x0000000000023f64                __dtors_end__ = (__dtors_start__ + SIZEOF (.dtors))
                0x0000000000000000                __dtors_size__ = SIZEOF (.dtors)
                0x0000000000023f64                __dtors_load_end__ = __dtors_end__
                0x0000000000000001                . = ASSERT (((__dtors_start__ == __dtors_end__) || ((__dtors_end__ >= __FLASH_segment_start__) && (__dtors_end__ <= __FLASH_segment_end__))), error: .dtors is too large to fit in FLASH memory segment)
                0x0000000000023f64                __ctors_load_start__ = ALIGN (__dtors_end__, 0x4)

.ctors          0x0000000000023f64        0x0
                0x0000000000023f64                __ctors_start__ = .
 *(SORT(.ctors.*))
 *(.ctors)
 *(.init_array)
 *(SORT(.init_array.*))
                0x0000000000023f64                __ctors_end__ = (__ctors_start__ + SIZEOF (.ctors))
                0x0000000000000000                __ctors_size__ = SIZEOF (.ctors)
                0x0000000000023f64                __ctors_load_end__ = __ctors_end__
                0x0000000000000001                . = ASSERT (((__ctors_start__ == __ctors_end__) || ((__ctors_end__ >= __FLASH_segment_start__) && (__ctors_end__ <= __FLASH_segment_end__))), error: .ctors is too large to fit in FLASH memory segment)
                0x0000000000023f64                __rodata_load_start__ = ALIGN (__ctors_end__, 0x4)

.rodata         0x0000000000023f64      0x25c
                0x0000000000023f64                __rodata_start__ = .
 *(.rodata .rodata.* .gnu.linkonce.r.*)
 .rodata        0x0000000000023f64       0x6e Output/blinky_pca10040_s132 Debug/Obj/boards.o
 *fill*         0x0000000000023fd2        0x2 
 .rodata.m_board_led_list
                0x0000000000023fd4        0x4 Output/blinky_pca10040_s132 Debug/Obj/boards.o
 .rodata        0x0000000000023fd8       0x5d Output/blinky_pca10040_s132 Debug/Obj/nrf_section_iter.o
 *fill*         0x0000000000024035        0x3 
 .rodata        0x0000000000024038       0x9c Output/blinky_pca10040_s132 Debug/Obj/nrf_sdh.o
 .rodata.sdh_stack_observers
                0x00000000000240d4        0xc Output/blinky_pca10040_s132 Debug/Obj/nrf_sdh.o
 .rodata        0x00000000000240e0       0x9a Output/blinky_pca10040_s132 Debug/Obj/nrf_sdh_soc.o
 *fill*         0x000000000002417a        0x2 
 .rodata.sdh_soc_observers
                0x000000000002417c        0xc Output/blinky_pca10040_s132 Debug/Obj/nrf_sdh_soc.o
 .rodata        0x0000000000024188       0x38 Output/blinky_pca10040_s132 Debug/Obj/main.o
                0x00000000000241c0                __rodata_end__ = (__rodata_start__ + SIZEOF (.rodata))
                0x000000000000025c                __rodata_size__ = SIZEOF (.rodata)
                0x00000000000241c0                __rodata_load_end__ = __rodata_end__

.rel.dyn        0x00000000000241c0        0x0
 .rel.iplt      0x00000000000241c0        0x0 Output/blinky_pca10040_s132 Debug/Obj/thumb_crt0.o
                0x0000000000000001                . = ASSERT (((__rodata_start__ == __rodata_end__) || ((__rodata_end__ >= __FLASH_segment_start__) && (__rodata_end__ <= __FLASH_segment_end__))), error: .rodata is too large to fit in FLASH memory segment)
                0x00000000000241c0                __ARM.exidx_load_start__ = ALIGN (__rodata_end__, 0x4)

.ARM.exidx      0x00000000000241c0        0x0
                0x00000000000241c0                __ARM.exidx_start__ = .
                0x00000000000241c0                __exidx_start = __ARM.exidx_start__
 *(.ARM.exidx .ARM.exidx.*)
                0x00000000000241c0                __ARM.exidx_end__ = (__ARM.exidx_start__ + SIZEOF (.ARM.exidx))
                0x0000000000000000                __ARM.exidx_size__ = SIZEOF (.ARM.exidx)
                0x00000000000241c0                __exidx_end = __ARM.exidx_end__
                0x00000000000241c0                __ARM.exidx_load_end__ = __ARM.exidx_end__
                0x0000000000000001                . = ASSERT (((__ARM.exidx_start__ == __ARM.exidx_end__) || ((__ARM.exidx_end__ >= __FLASH_segment_start__) && (__ARM.exidx_end__ <= __FLASH_segment_end__))), error: .ARM.exidx is too large to fit in FLASH memory segment)
                0x00000000000241c0                __fast_load_start__ = ALIGN (__ARM.exidx_end__, 0x4)

.fast           0x0000000020005668        0x0 load address 0x00000000000241c0
                0x0000000020005668                __fast_start__ = .
 *(.fast .fast.*)
                0x0000000020005668                __fast_end__ = (__fast_start__ + SIZEOF (.fast))
                0x0000000000000000                __fast_size__ = SIZEOF (.fast)
                0x00000000000241c0                __fast_load_end__ = (__fast_load_start__ + SIZEOF (.fast))
                0x0000000000000001                . = ASSERT (((__fast_load_start__ == __fast_load_end__) || ((__fast_load_end__ >= __FLASH_segment_start__) && (__fast_load_end__ <= __FLASH_segment_end__))), error: .fast is too large to fit in FLASH memory segment)

.fast_run       0x0000000020005668        0x0
                0x0000000020005668                __fast_run_start__ = .
                0x0000000020005668                . = MAX ((__fast_run_start__ + SIZEOF (.fast)), .)
                0x0000000020005668                __fast_run_end__ = (__fast_run_start__ + SIZEOF (.fast_run))
                0x0000000000000000                __fast_run_size__ = SIZEOF (.fast_run)
                0x0000000020005668                __fast_run_load_end__ = __fast_run_end__
                0x0000000000000001                . = ASSERT (((__fast_run_start__ == __fast_run_end__) || ((__fast_run_end__ >= __RAM_segment_start__) && (__fast_run_end__ <= __RAM_segment_end__))), error: .fast_run is too large to fit in RAM memory segment)
                0x00000000000241c0                __data_load_start__ = ALIGN ((__fast_load_start__ + SIZEOF (.fast)), 0x4)

.data           0x0000000020005668        0x4 load address 0x00000000000241c0
                0x0000000020005668                __data_start__ = .
 *(.data .data.* .gnu.linkonce.d.*)
 .data.SystemCoreClock
                0x0000000020005668        0x4 Output/blinky_pca10040_s132 Debug/Obj/system_nrf52.o
                0x0000000020005668                SystemCoreClock
                0x000000002000566c                __data_end__ = (__data_start__ + SIZEOF (.data))
                0x0000000000000004                __data_size__ = SIZEOF (.data)
                0x00000000000241c4                __data_load_end__ = (__data_load_start__ + SIZEOF (.data))

.igot.plt       0x0000000100000000        0x0
 .igot.plt      0x0000000100000000        0x0 Output/blinky_pca10040_s132 Debug/Obj/thumb_crt0.o
                0x0000000000000001                . = ASSERT (((__data_load_start__ == __data_load_end__) || ((__data_load_end__ >= __FLASH_segment_start__) && (__data_load_end__ <= __FLASH_segment_end__))), error: .data is too large to fit in FLASH memory segment)

.data_run       0x0000000020005668        0x4 load address 0x00000000000241c0
                0x0000000020005668                __data_run_start__ = .
                0x000000002000566c                . = MAX ((__data_run_start__ + SIZEOF (.data)), .)
 *fill*         0x0000000020005668        0x4 
                0x000000002000566c                __data_run_end__ = (__data_run_start__ + SIZEOF (.data_run))
                0x0000000000000004                __data_run_size__ = SIZEOF (.data_run)
                0x000000002000566c                __data_run_load_end__ = __data_run_end__
                0x0000000000000001                . = ASSERT (((__data_run_start__ == __data_run_end__) || ((__data_run_end__ >= __RAM_segment_start__) && (__data_run_end__ <= __RAM_segment_end__))), error: .data_run is too large to fit in RAM memory segment)
                0x00000000000241c4                __tdata_load_start__ = ALIGN ((__data_load_start__ + SIZEOF (.data)), 0x4)

.tdata          0x000000002000566c        0x0 load address 0x00000000000241c4
                0x000000002000566c                __tdata_start__ = .
 *(.tdata .tdata.*)
                0x000000002000566c                __tdata_end__ = (__tdata_start__ + SIZEOF (.tdata))
                0x0000000000000000                __tdata_size__ = SIZEOF (.tdata)
                0x00000000000241c4                __tdata_load_end__ = (__tdata_load_start__ + SIZEOF (.tdata))
                0x00000000000241c4                __FLASH_segment_used_end__ = (ALIGN ((__data_load_start__ + SIZEOF (.data)), 0x4) + SIZEOF (.tdata))
                0x00000000000241c4                __FLASH_segment_used_size__ = (__FLASH_segment_used_end__ - __FLASH_segment_start__)
                0x0000000000000001                . = ASSERT (((__tdata_load_start__ == __tdata_load_end__) || ((__tdata_load_end__ >= __FLASH_segment_start__) && (__tdata_load_end__ <= __FLASH_segment_end__))), error: .tdata is too large to fit in FLASH memory segment)

.tdata_run      0x000000002000566c        0x0
                0x000000002000566c                __tdata_run_start__ = .
                0x000000002000566c                . = MAX ((__tdata_run_start__ + SIZEOF (.tdata)), .)
                0x000000002000566c                __tdata_run_end__ = (__tdata_run_start__ + SIZEOF (.tdata_run))
                0x0000000000000000                __tdata_run_size__ = SIZEOF (.tdata_run)
                0x000000002000566c                __tdata_run_load_end__ = __tdata_run_end__
                0x0000000000000001                . = ASSERT (((__tdata_run_start__ == __tdata_run_end__) || ((__tdata_run_end__ >= __RAM_segment_start__) && (__tdata_run_end__ <= __RAM_segment_end__))), error: .tdata_run is too large to fit in RAM memory segment)
                0x000000002000566c                __bss_load_start__ = ALIGN (__tdata_run_end__, 0x4)

.bss            0x000000002000566c       0x20
                0x000000002000566c                __bss_start__ = .
 *(.bss .bss.* .gnu.linkonce.b.*)
 .bss.m_error_data.7211
                0x000000002000566c       0x20 Output/blinky_pca10040_s132 Debug/Obj/app_error.o
 *(COMMON)
                0x000000002000568c                __bss_end__ = (__bss_start__ + SIZEOF (.bss))
                0x0000000000000020                __bss_size__ = SIZEOF (.bss)
                0x000000002000568c                __bss_load_end__ = __bss_end__
                0x0000000000000001                . = ASSERT (((__bss_start__ == __bss_end__) || ((__bss_end__ >= __RAM_segment_start__) && (__bss_end__ <= __RAM_segment_end__))), error: .bss is too large to fit in RAM memory segment)
                0x000000002000568c                __tbss_load_start__ = ALIGN (__bss_end__, 0x4)

.tbss           0x000000002000568c        0x0
                0x000000002000568c                __tbss_start__ = .
 *(.tbss .tbss.*)
                0x000000002000568c                __tbss_end__ = (__tbss_start__ + SIZEOF (.tbss))
                0x0000000000000000                __tbss_size__ = SIZEOF (.tbss)
                0x000000002000568c                __tbss_load_end__ = __tbss_end__
                0x0000000000000001                . = ASSERT (((__tbss_start__ == __tbss_end__) || ((__tbss_end__ >= __RAM_segment_start__) && (__tbss_end__ <= __RAM_segment_end__))), error: .tbss is too large to fit in RAM memory segment)
                0x000000002000568c                __non_init_load_start__ = ALIGN (__tbss_end__, 0x4)

.non_init       0x000000002000568c        0x0
                0x000000002000568c                __non_init_start__ = .
 *(.non_init .non_init.*)
                0x000000002000568c                __non_init_end__ = (__non_init_start__ + SIZEOF (.non_init))
                0x0000000000000000                __non_init_size__ = SIZEOF (.non_init)
                0x000000002000568c                __non_init_load_end__ = __non_init_end__
                0x0000000000000001                . = ASSERT (((__non_init_start__ == __non_init_end__) || ((__non_init_end__ >= __RAM_segment_start__) && (__non_init_end__ <= __RAM_segment_end__))), error: .non_init is too large to fit in RAM memory segment)
                0x000000002000568c                __heap_load_start__ = ALIGN (__non_init_end__, 0x4)

.heap           0x000000002000568c      0x200
                0x000000002000568c                __heap_start__ = .
 *(.heap .heap.*)
                0x000000002000588c                . = ALIGN (MAX ((__heap_start__ + __HEAPSIZE__), .), 0x4)
 *fill*         0x000000002000568c      0x200 
                0x000000002000588c                __heap_end__ = (__heap_start__ + SIZEOF (.heap))
                0x0000000000000200                __heap_size__ = SIZEOF (.heap)
                0x000000002000588c                __heap_load_end__ = __heap_end__
                0x0000000000000001                . = ASSERT (((__heap_start__ == __heap_end__) || ((__heap_end__ >= __RAM_segment_start__) && (__heap_end__ <= __RAM_segment_end__))), error: .heap is too large to fit in RAM memory segment)
                0x000000002000f800                __stack_load_start__ = (__RAM_segment_end__ - 0x800)

.stack          0x000000002000f800      0x800
                0x000000002000f800                __stack_start__ = .
                0x000000002000f800                __StackLimit = __stack_start__
 *(.stack .stack.*)
                0x0000000020010000                . = ALIGN (MAX ((__stack_start__ + __STACKSIZE__), .), 0x8)
 *fill*         0x000000002000f800      0x800 
                0x0000000020010000                __stack_end__ = (__stack_start__ + SIZEOF (.stack))
                0x0000000000000800                __stack_size__ = SIZEOF (.stack)
                0x0000000020010000                __StackTop = __stack_end__
                0x0000000020010000                __stack_load_end__ = __stack_end__
                0x0000000000000001                . = ASSERT (((__stack_start__ == __stack_end__) || ((__stack_end__ >= __RAM_segment_start__) && (__stack_end__ <= __RAM_segment_end__))), error: .stack is too large to fit in RAM memory segment)
                0x0000000000000001                . = ASSERT ((__heap_end__ <= __stack_start__), error: section .heap overlaps absolute placed section .stack)
                0x0000000020010000                __stack_process_load_start__ = ALIGN (__stack_end__, 0x8)

.stack_process  0x0000000020010000        0x0
                0x0000000020010000                __stack_process_start__ = .
 *(.stack_process .stack_process.*)
                0x0000000020010000                . = ALIGN (MAX ((__stack_process_start__ + __STACKSIZE_PROCESS__), .), 0x8)
                0x0000000020010000                __stack_process_end__ = (__stack_process_start__ + SIZEOF (.stack_process))
                0x0000000000000000                __stack_process_size__ = SIZEOF (.stack_process)
                0x0000000020010000                __stack_process_load_end__ = __stack_process_end__
                0x0000000020010000                __RAM_segment_used_end__ = (ALIGN (__stack_end__, 0x8) + SIZEOF (.stack_process))
                0x0000000000010000                __RAM_segment_used_size__ = (__RAM_segment_used_end__ - __RAM_segment_start__)
                0x0000000000000001                . = ASSERT (((__stack_process_start__ == __stack_process_end__) || ((__stack_process_end__ >= __RAM_segment_start__) && (__stack_process_end__ <= __RAM_segment_end__))), error: .stack_process is too large to fit in RAM memory segment)
START GROUP
LOAD Output/blinky_pca10040_s132 Debug/Obj/thumb_crt0.o
LOAD Output/blinky_pca10040_s132 Debug/Obj/nrf_log_frontend.o
LOAD Output/blinky_pca10040_s132 Debug/Obj/boards.o
LOAD Output/blinky_pca10040_s132 Debug/Obj/app_error.o
LOAD Output/blinky_pca10040_s132 Debug/Obj/app_error_weak.o
LOAD Output/blinky_pca10040_s132 Debug/Obj/app_util_platform.o
LOAD Output/blinky_pca10040_s132 Debug/Obj/nrf_assert.o
LOAD Output/blinky_pca10040_s132 Debug/Obj/nrf_section_iter.o
LOAD Output/blinky_pca10040_s132 Debug/Obj/nrf_balloc.o
LOAD Output/blinky_pca10040_s132 Debug/Obj/nrf_memobj.o
LOAD Output/blinky_pca10040_s132 Debug/Obj/nrf_strerror.o
LOAD Output/blinky_pca10040_s132 Debug/Obj/nrf_sdh.o
LOAD Output/blinky_pca10040_s132 Debug/Obj/nrf_sdh_soc.o
LOAD Output/blinky_pca10040_s132 Debug/Obj/nrf_drv_common.o
LOAD Output/blinky_pca10040_s132 Debug/Obj/nrf_drv_gpiote.o
LOAD Output/blinky_pca10040_s132 Debug/Obj/main.o
LOAD Output/blinky_pca10040_s132 Debug/Obj/ses_nRF_Startup.o
LOAD Output/blinky_pca10040_s132 Debug/Obj/ses_nrf52_Vectors.o
LOAD Output/blinky_pca10040_s132 Debug/Obj/system_nrf52.o
LOAD D:/windows_app/SEGGER/lib/libdebugio_mempoll_v7em_fpv4_sp_d16_hard_t_le_eabi.a
LOAD D:/windows_app/SEGGER/lib/libm_v7em_fpv4_sp_d16_hard_t_le_eabi.a
LOAD D:/windows_app/SEGGER/lib/libc_v7em_fpv4_sp_d16_hard_t_le_eabi.a
LOAD D:/windows_app/SEGGER/lib/libcpp_v7em_fpv4_sp_d16_hard_t_le_eabi.a
LOAD D:/windows_app/SEGGER/lib/libdebugio_v7em_fpv4_sp_d16_hard_t_le_eabi.a
LOAD D:/windows_app/SEGGER/lib/libvfprintf_v7em_fpv4_sp_d16_hard_t_le_eabi.o
LOAD D:/windows_app/SEGGER/lib/libvfscanf_v7em_fpv4_sp_d16_hard_t_le_eabi.o
END GROUP
OUTPUT(Output/Debug/Exe/blinky_pca10040_s132.elf elf32-littlearm)

.ARM.attributes
                0x0000000000000000       0x35
 .ARM.attributes
                0x0000000000000000       0x25 Output/blinky_pca10040_s132 Debug/Obj/thumb_crt0.o
 .ARM.attributes
                0x0000000000000025       0x39 Output/blinky_pca10040_s132 Debug/Obj/boards.o
 .ARM.attributes
                0x000000000000005e       0x39 Output/blinky_pca10040_s132 Debug/Obj/app_error.o
 .ARM.attributes
                0x0000000000000097       0x39 Output/blinky_pca10040_s132 Debug/Obj/app_error_weak.o
 .ARM.attributes
                0x00000000000000d0       0x39 Output/blinky_pca10040_s132 Debug/Obj/nrf_assert.o
 .ARM.attributes
                0x0000000000000109       0x39 Output/blinky_pca10040_s132 Debug/Obj/nrf_section_iter.o
 .ARM.attributes
                0x0000000000000142       0x39 Output/blinky_pca10040_s132 Debug/Obj/nrf_sdh.o
 .ARM.attributes
                0x000000000000017b       0x39 Output/blinky_pca10040_s132 Debug/Obj/nrf_sdh_soc.o
 .ARM.attributes
                0x00000000000001b4       0x39 Output/blinky_pca10040_s132 Debug/Obj/main.o
 .ARM.attributes
                0x00000000000001ed       0x25 Output/blinky_pca10040_s132 Debug/Obj/ses_nRF_Startup.o
 .ARM.attributes
                0x0000000000000212       0x25 Output/blinky_pca10040_s132 Debug/Obj/ses_nrf52_Vectors.o
 .ARM.attributes
                0x0000000000000237       0x39 Output/blinky_pca10040_s132 Debug/Obj/system_nrf52.o

.comment        0x0000000000000000       0x4c
 .comment       0x0000000000000000       0x4c Output/blinky_pca10040_s132 Debug/Obj/boards.o
                                         0x4d (size before relaxing)
 .comment       0x000000000000004c       0x4d Output/blinky_pca10040_s132 Debug/Obj/app_error.o
 .comment       0x000000000000004c       0x4d Output/blinky_pca10040_s132 Debug/Obj/app_error_weak.o
 .comment       0x000000000000004c       0x4d Output/blinky_pca10040_s132 Debug/Obj/nrf_assert.o
 .comment       0x000000000000004c       0x4d Output/blinky_pca10040_s132 Debug/Obj/nrf_section_iter.o
 .comment       0x000000000000004c       0x4d Output/blinky_pca10040_s132 Debug/Obj/nrf_sdh.o
 .comment       0x000000000000004c       0x4d Output/blinky_pca10040_s132 Debug/Obj/nrf_sdh_soc.o
 .comment       0x000000000000004c       0x4d Output/blinky_pca10040_s132 Debug/Obj/main.o
 .comment       0x000000000000004c       0x4d Output/blinky_pca10040_s132 Debug/Obj/system_nrf52.o

.debug_line     0x0000000000000000     0x387e
 .debug_line    0x0000000000000000      0x28e Output/blinky_pca10040_s132 Debug/Obj/thumb_crt0.o
 .debug_line    0x000000000000028e      0x625 Output/blinky_pca10040_s132 Debug/Obj/boards.o
 .debug_line    0x00000000000008b3      0x30f Output/blinky_pca10040_s132 Debug/Obj/app_error.o
 .debug_line    0x0000000000000bc2      0x934 Output/blinky_pca10040_s132 Debug/Obj/app_error_weak.o
 .debug_line    0x00000000000014f6      0x2cd Output/blinky_pca10040_s132 Debug/Obj/nrf_assert.o
 .debug_line    0x00000000000017c3      0x3d2 Output/blinky_pca10040_s132 Debug/Obj/nrf_section_iter.o
 .debug_line    0x0000000000001b95      0xb04 Output/blinky_pca10040_s132 Debug/Obj/nrf_sdh.o
 .debug_line    0x0000000000002699      0x7f3 Output/blinky_pca10040_s132 Debug/Obj/nrf_sdh_soc.o
 .debug_line    0x0000000000002e8c      0x4ac Output/blinky_pca10040_s132 Debug/Obj/main.o
 .debug_line    0x0000000000003338       0x9f Output/blinky_pca10040_s132 Debug/Obj/ses_nRF_Startup.o
 .debug_line    0x00000000000033d7       0xa8 Output/blinky_pca10040_s132 Debug/Obj/ses_nrf52_Vectors.o
 .debug_line    0x000000000000347f      0x3ff Output/blinky_pca10040_s132 Debug/Obj/system_nrf52.o

.debug_info     0x0000000000000000     0x89d0
 .debug_info    0x0000000000000000       0x96 Output/blinky_pca10040_s132 Debug/Obj/thumb_crt0.o
 .debug_info    0x0000000000000096      0xd96 Output/blinky_pca10040_s132 Debug/Obj/boards.o
 .debug_info    0x0000000000000e2c      0x805 Output/blinky_pca10040_s132 Debug/Obj/app_error.o
 .debug_info    0x0000000000001631     0x144b Output/blinky_pca10040_s132 Debug/Obj/app_error_weak.o
 .debug_info    0x0000000000002a7c      0x66e Output/blinky_pca10040_s132 Debug/Obj/nrf_assert.o
 .debug_info    0x00000000000030ea      0x705 Output/blinky_pca10040_s132 Debug/Obj/nrf_section_iter.o
 .debug_info    0x00000000000037ef     0x1ec9 Output/blinky_pca10040_s132 Debug/Obj/nrf_sdh.o
 .debug_info    0x00000000000056b8     0x13b3 Output/blinky_pca10040_s132 Debug/Obj/nrf_sdh_soc.o
 .debug_info    0x0000000000006a6b      0xd74 Output/blinky_pca10040_s132 Debug/Obj/main.o
 .debug_info    0x00000000000077df       0xb6 Output/blinky_pca10040_s132 Debug/Obj/ses_nRF_Startup.o
 .debug_info    0x0000000000007895       0xb8 Output/blinky_pca10040_s132 Debug/Obj/ses_nrf52_Vectors.o
 .debug_info    0x000000000000794d     0x1083 Output/blinky_pca10040_s132 Debug/Obj/system_nrf52.o

.debug_abbrev   0x0000000000000000     0x1218
 .debug_abbrev  0x0000000000000000       0x12 Output/blinky_pca10040_s132 Debug/Obj/thumb_crt0.o
 .debug_abbrev  0x0000000000000012      0x269 Output/blinky_pca10040_s132 Debug/Obj/boards.o
 .debug_abbrev  0x000000000000027b      0x18c Output/blinky_pca10040_s132 Debug/Obj/app_error.o
 .debug_abbrev  0x0000000000000407      0x210 Output/blinky_pca10040_s132 Debug/Obj/app_error_weak.o
 .debug_abbrev  0x0000000000000617      0x134 Output/blinky_pca10040_s132 Debug/Obj/nrf_assert.o
 .debug_abbrev  0x000000000000074b      0x146 Output/blinky_pca10040_s132 Debug/Obj/nrf_section_iter.o
 .debug_abbrev  0x0000000000000891      0x358 Output/blinky_pca10040_s132 Debug/Obj/nrf_sdh.o
 .debug_abbrev  0x0000000000000be9      0x204 Output/blinky_pca10040_s132 Debug/Obj/nrf_sdh_soc.o
 .debug_abbrev  0x0000000000000ded      0x21f Output/blinky_pca10040_s132 Debug/Obj/main.o
 .debug_abbrev  0x000000000000100c       0x14 Output/blinky_pca10040_s132 Debug/Obj/ses_nRF_Startup.o
 .debug_abbrev  0x0000000000001020       0x14 Output/blinky_pca10040_s132 Debug/Obj/ses_nrf52_Vectors.o
 .debug_abbrev  0x0000000000001034      0x1e4 Output/blinky_pca10040_s132 Debug/Obj/system_nrf52.o

.debug_aranges  0x0000000000000000      0x8c0
 .debug_aranges
                0x0000000000000000       0xe0 Output/blinky_pca10040_s132 Debug/Obj/thumb_crt0.o
 .debug_aranges
                0x00000000000000e0       0xf0 Output/blinky_pca10040_s132 Debug/Obj/boards.o
 .debug_aranges
                0x00000000000001d0       0x30 Output/blinky_pca10040_s132 Debug/Obj/app_error.o
 .debug_aranges
                0x0000000000000200      0x190 Output/blinky_pca10040_s132 Debug/Obj/app_error_weak.o
 .debug_aranges
                0x0000000000000390       0x20 Output/blinky_pca10040_s132 Debug/Obj/nrf_assert.o
 .debug_aranges
                0x00000000000003b0       0x28 Output/blinky_pca10040_s132 Debug/Obj/nrf_section_iter.o
 .debug_aranges
                0x00000000000003d8      0x258 Output/blinky_pca10040_s132 Debug/Obj/nrf_sdh.o
 .debug_aranges
                0x0000000000000630      0x178 Output/blinky_pca10040_s132 Debug/Obj/nrf_sdh_soc.o
 .debug_aranges
                0x00000000000007a8       0x58 Output/blinky_pca10040_s132 Debug/Obj/main.o
 .debug_aranges
                0x0000000000000800       0x20 Output/blinky_pca10040_s132 Debug/Obj/ses_nRF_Startup.o
 .debug_aranges
                0x0000000000000820       0x20 Output/blinky_pca10040_s132 Debug/Obj/ses_nrf52_Vectors.o
 .debug_aranges
                0x0000000000000840       0x80 Output/blinky_pca10040_s132 Debug/Obj/system_nrf52.o

.debug_ranges   0x0000000000000000      0x800
 .debug_ranges  0x0000000000000000       0xd8 Output/blinky_pca10040_s132 Debug/Obj/thumb_crt0.o
 .debug_ranges  0x00000000000000d8       0xe0 Output/blinky_pca10040_s132 Debug/Obj/boards.o
 .debug_ranges  0x00000000000001b8       0x20 Output/blinky_pca10040_s132 Debug/Obj/app_error.o
 .debug_ranges  0x00000000000001d8      0x180 Output/blinky_pca10040_s132 Debug/Obj/app_error_weak.o
 .debug_ranges  0x0000000000000358       0x10 Output/blinky_pca10040_s132 Debug/Obj/nrf_assert.o
 .debug_ranges  0x0000000000000368       0x18 Output/blinky_pca10040_s132 Debug/Obj/nrf_section_iter.o
 .debug_ranges  0x0000000000000380      0x248 Output/blinky_pca10040_s132 Debug/Obj/nrf_sdh.o
 .debug_ranges  0x00000000000005c8      0x180 Output/blinky_pca10040_s132 Debug/Obj/nrf_sdh_soc.o
 .debug_ranges  0x0000000000000748       0x48 Output/blinky_pca10040_s132 Debug/Obj/main.o
 .debug_ranges  0x0000000000000790       0x70 Output/blinky_pca10040_s132 Debug/Obj/system_nrf52.o

.debug_frame    0x0000000000000000     0x13d8
 .debug_frame   0x0000000000000000      0x418 Output/blinky_pca10040_s132 Debug/Obj/boards.o
 .debug_frame   0x0000000000000418       0x80 Output/blinky_pca10040_s132 Debug/Obj/app_error.o
 .debug_frame   0x0000000000000498      0x318 Output/blinky_pca10040_s132 Debug/Obj/app_error_weak.o
 .debug_frame   0x00000000000007b0       0x38 Output/blinky_pca10040_s132 Debug/Obj/nrf_assert.o
 .debug_frame   0x00000000000007e8       0x60 Output/blinky_pca10040_s132 Debug/Obj/nrf_section_iter.o
 .debug_frame   0x0000000000000848      0x674 Output/blinky_pca10040_s132 Debug/Obj/nrf_sdh.o
 .debug_frame   0x0000000000000ebc      0x300 Output/blinky_pca10040_s132 Debug/Obj/nrf_sdh_soc.o
 .debug_frame   0x00000000000011bc      0x130 Output/blinky_pca10040_s132 Debug/Obj/main.o
 .debug_frame   0x00000000000012ec       0xec Output/blinky_pca10040_s132 Debug/Obj/system_nrf52.o

.debug_pubnames
                0x0000000000000000     0x31e6
 .debug_pubnames
                0x0000000000000000      0x4aa Output/blinky_pca10040_s132 Debug/Obj/boards.o
 .debug_pubnames
                0x00000000000004aa       0x82 Output/blinky_pca10040_s132 Debug/Obj/app_error.o
 .debug_pubnames
                0x000000000000052c      0x9e2 Output/blinky_pca10040_s132 Debug/Obj/app_error_weak.o
 .debug_pubnames
                0x0000000000000f0e       0x2a Output/blinky_pca10040_s132 Debug/Obj/nrf_assert.o
 .debug_pubnames
                0x0000000000000f38       0x46 Output/blinky_pca10040_s132 Debug/Obj/nrf_section_iter.o
 .debug_pubnames
                0x0000000000000f7e     0x11ef Output/blinky_pca10040_s132 Debug/Obj/nrf_sdh.o
 .debug_pubnames
                0x000000000000216d      0x92a Output/blinky_pca10040_s132 Debug/Obj/nrf_sdh_soc.o
 .debug_pubnames
                0x0000000000002a97      0x63f Output/blinky_pca10040_s132 Debug/Obj/main.o
 .debug_pubnames
                0x00000000000030d6      0x110 Output/blinky_pca10040_s132 Debug/Obj/system_nrf52.o

.debug_pubtypes
                0x0000000000000000     0x1885
 .debug_pubtypes
                0x0000000000000000      0x249 Output/blinky_pca10040_s132 Debug/Obj/boards.o
 .debug_pubtypes
                0x0000000000000249      0x1ef Output/blinky_pca10040_s132 Debug/Obj/app_error.o
 .debug_pubtypes
                0x0000000000000438      0x3a6 Output/blinky_pca10040_s132 Debug/Obj/app_error_weak.o
 .debug_pubtypes
                0x00000000000007de      0x1c5 Output/blinky_pca10040_s132 Debug/Obj/nrf_assert.o
 .debug_pubtypes
                0x00000000000009a3      0x1fd Output/blinky_pca10040_s132 Debug/Obj/nrf_section_iter.o
 .debug_pubtypes
                0x0000000000000ba0      0x4d3 Output/blinky_pca10040_s132 Debug/Obj/nrf_sdh.o
 .debug_pubtypes
                0x0000000000001073      0x3ef Output/blinky_pca10040_s132 Debug/Obj/nrf_sdh_soc.o
 .debug_pubtypes
                0x0000000000001462      0x26f Output/blinky_pca10040_s132 Debug/Obj/main.o
 .debug_pubtypes
                0x00000000000016d1      0x1b4 Output/blinky_pca10040_s132 Debug/Obj/system_nrf52.o

.debug_macro    0x0000000000000000     0x1e23
 .debug_macro   0x0000000000000000      0x155 Output/blinky_pca10040_s132 Debug/Obj/boards.o
 .debug_macro   0x0000000000000155       0x35 Output/blinky_pca10040_s132 Debug/Obj/boards.o
 .debug_macro   0x000000000000018a       0x22 Output/blinky_pca10040_s132 Debug/Obj/boards.o
 .debug_macro   0x00000000000001ac      0x372 Output/blinky_pca10040_s132 Debug/Obj/boards.o
 .debug_macro   0x000000000000051e       0x71 Output/blinky_pca10040_s132 Debug/Obj/boards.o
 .debug_macro   0x000000000000058f       0x2a Output/blinky_pca10040_s132 Debug/Obj/boards.o
 .debug_macro   0x00000000000005b9       0x10 Output/blinky_pca10040_s132 Debug/Obj/boards.o
 .debug_macro   0x00000000000005c9       0x28 Output/blinky_pca10040_s132 Debug/Obj/boards.o
 .debug_macro   0x00000000000005f1       0x16 Output/blinky_pca10040_s132 Debug/Obj/boards.o
 .debug_macro   0x0000000000000607      0x261 Output/blinky_pca10040_s132 Debug/Obj/boards.o
 .debug_macro   0x0000000000000868      0x115 Output/blinky_pca10040_s132 Debug/Obj/boards.o
 .debug_macro   0x000000000000097d      0x103 Output/blinky_pca10040_s132 Debug/Obj/app_error.o
 .debug_macro   0x0000000000000a80       0x9a Output/blinky_pca10040_s132 Debug/Obj/app_error.o
 .debug_macro   0x0000000000000b1a      0x24a Output/blinky_pca10040_s132 Debug/Obj/app_error_weak.o
 .debug_macro   0x0000000000000d64       0x31 Output/blinky_pca10040_s132 Debug/Obj/app_error_weak.o
 .debug_macro   0x0000000000000d95       0x10 Output/blinky_pca10040_s132 Debug/Obj/app_error_weak.o
 .debug_macro   0x0000000000000da5      0x167 Output/blinky_pca10040_s132 Debug/Obj/app_error_weak.o
 .debug_macro   0x0000000000000f0c       0x68 Output/blinky_pca10040_s132 Debug/Obj/app_error_weak.o
 .debug_macro   0x0000000000000f74       0x28 Output/blinky_pca10040_s132 Debug/Obj/app_error_weak.o
 .debug_macro   0x0000000000000f9c       0x22 Output/blinky_pca10040_s132 Debug/Obj/app_error_weak.o
 .debug_macro   0x0000000000000fbe       0x16 Output/blinky_pca10040_s132 Debug/Obj/app_error_weak.o
 .debug_macro   0x0000000000000fd4       0x40 Output/blinky_pca10040_s132 Debug/Obj/app_error_weak.o
 .debug_macro   0x0000000000001014       0x70 Output/blinky_pca10040_s132 Debug/Obj/app_error_weak.o
 .debug_macro   0x0000000000001084       0x2e Output/blinky_pca10040_s132 Debug/Obj/app_error_weak.o
 .debug_macro   0x00000000000010b2       0x7e Output/blinky_pca10040_s132 Debug/Obj/app_error_weak.o
 .debug_macro   0x0000000000001130       0x8c Output/blinky_pca10040_s132 Debug/Obj/app_error_weak.o
 .debug_macro   0x00000000000011bc       0x10 Output/blinky_pca10040_s132 Debug/Obj/app_error_weak.o
 .debug_macro   0x00000000000011cc       0x1c Output/blinky_pca10040_s132 Debug/Obj/app_error_weak.o
 .debug_macro   0x00000000000011e8       0x1c Output/blinky_pca10040_s132 Debug/Obj/app_error_weak.o
 .debug_macro   0x0000000000001204      0x10d Output/blinky_pca10040_s132 Debug/Obj/app_error_weak.o
 .debug_macro   0x0000000000001311      0x10c Output/blinky_pca10040_s132 Debug/Obj/nrf_assert.o
 .debug_macro   0x000000000000141d      0x173 Output/blinky_pca10040_s132 Debug/Obj/nrf_section_iter.o
 .debug_macro   0x0000000000001590       0x6b Output/blinky_pca10040_s132 Debug/Obj/nrf_section_iter.o
 .debug_macro   0x00000000000015fb       0x11 Output/blinky_pca10040_s132 Debug/Obj/nrf_section_iter.o
 .debug_macro   0x000000000000160c      0x227 Output/blinky_pca10040_s132 Debug/Obj/nrf_sdh.o
 .debug_macro   0x0000000000001833       0x2a Output/blinky_pca10040_s132 Debug/Obj/nrf_sdh.o
 .debug_macro   0x000000000000185d      0x15b Output/blinky_pca10040_s132 Debug/Obj/nrf_sdh.o
 .debug_macro   0x00000000000019b8      0x1fe Output/blinky_pca10040_s132 Debug/Obj/nrf_sdh_soc.o
 .debug_macro   0x0000000000001bb6       0x16 Output/blinky_pca10040_s132 Debug/Obj/nrf_sdh_soc.o
 .debug_macro   0x0000000000001bcc      0x17c Output/blinky_pca10040_s132 Debug/Obj/main.o
 .debug_macro   0x0000000000001d48       0x10 Output/blinky_pca10040_s132 Debug/Obj/main.o
 .debug_macro   0x0000000000001d58       0x1f Output/blinky_pca10040_s132 Debug/Obj/main.o
 .debug_macro   0x0000000000001d77       0xac Output/blinky_pca10040_s132 Debug/Obj/system_nrf52.o

.debug_str      0x0000000000000000    0x69f04
 .debug_str     0x0000000000000000    0x5efdc Output/blinky_pca10040_s132 Debug/Obj/boards.o
                                      0x5fb42 (size before relaxing)
 .debug_str     0x000000000005efdc      0x17f Output/blinky_pca10040_s132 Debug/Obj/app_error.o
                                      0x5dde9 (size before relaxing)
 .debug_str     0x000000000005f15b     0x91d0 Output/blinky_pca10040_s132 Debug/Obj/app_error_weak.o
                                      0x67078 (size before relaxing)
 .debug_str     0x000000000006832b       0x56 Output/blinky_pca10040_s132 Debug/Obj/nrf_assert.o
                                      0x5dde2 (size before relaxing)
 .debug_str     0x0000000000068381      0x26b Output/blinky_pca10040_s132 Debug/Obj/nrf_section_iter.o
                                      0x628fc (size before relaxing)
 .debug_str     0x00000000000685ec      0xc69 Output/blinky_pca10040_s132 Debug/Obj/nrf_sdh.o
                                      0x66fd0 (size before relaxing)
 .debug_str     0x0000000000069255      0x4d7 Output/blinky_pca10040_s132 Debug/Obj/nrf_sdh_soc.o
                                      0x65c33 (size before relaxing)
 .debug_str     0x000000000006972c      0x321 Output/blinky_pca10040_s132 Debug/Obj/main.o
                                      0x5ff8a (size before relaxing)
 .debug_str     0x0000000000069a4d      0x4b7 Output/blinky_pca10040_s132 Debug/Obj/system_nrf52.o
                                      0x5b36b (size before relaxing)
