Archive member included to satisfy reference by file (symbol)

d:/windows_app/5.4 2016q3/bin/../lib/gcc/arm-none-eabi/5.4.1/../../../../arm-none-eabi/lib/armv7e-m/fpu\libc_nano.a(lib_a-exit.o)
                              d:/windows_app/5.4 2016q3/bin/../lib/gcc/arm-none-eabi/5.4.1/../../../../arm-none-eabi/lib/armv7e-m/fpu/crt0.o (exit)
d:/windows_app/5.4 2016q3/bin/../lib/gcc/arm-none-eabi/5.4.1/../../../../arm-none-eabi/lib/armv7e-m/fpu\libc_nano.a(lib_a-impure.o)
                              d:/windows_app/5.4 2016q3/bin/../lib/gcc/arm-none-eabi/5.4.1/../../../../arm-none-eabi/lib/armv7e-m/fpu\libc_nano.a(lib_a-exit.o) (_global_impure_ptr)
d:/windows_app/5.4 2016q3/bin/../lib/gcc/arm-none-eabi/5.4.1/../../../../arm-none-eabi/lib/armv7e-m/fpu\libc_nano.a(lib_a-init.o)
                              d:/windows_app/5.4 2016q3/bin/../lib/gcc/arm-none-eabi/5.4.1/../../../../arm-none-eabi/lib/armv7e-m/fpu/crt0.o (__libc_init_array)
d:/windows_app/5.4 2016q3/bin/../lib/gcc/arm-none-eabi/5.4.1/../../../../arm-none-eabi/lib/armv7e-m/fpu\libc_nano.a(lib_a-locale.o)
                              _build/nrf52832_xxaa/nrf_log_str_formatter.c.o (__locale_ctype_ptr)
d:/windows_app/5.4 2016q3/bin/../lib/gcc/arm-none-eabi/5.4.1/../../../../arm-none-eabi/lib/armv7e-m/fpu\libc_nano.a(lib_a-mbtowc_r.o)
                              d:/windows_app/5.4 2016q3/bin/../lib/gcc/arm-none-eabi/5.4.1/../../../../arm-none-eabi/lib/armv7e-m/fpu\libc_nano.a(lib_a-locale.o) (__ascii_mbtowc)
d:/windows_app/5.4 2016q3/bin/../lib/gcc/arm-none-eabi/5.4.1/../../../../arm-none-eabi/lib/armv7e-m/fpu\libc_nano.a(lib_a-memcpy-stub.o)
                              _build/nrf52832_xxaa/nrf_log_frontend.c.o (memcpy)
d:/windows_app/5.4 2016q3/bin/../lib/gcc/arm-none-eabi/5.4.1/../../../../arm-none-eabi/lib/armv7e-m/fpu\libc_nano.a(lib_a-memset.o)
                              d:/windows_app/5.4 2016q3/bin/../lib/gcc/arm-none-eabi/5.4.1/../../../../arm-none-eabi/lib/armv7e-m/fpu/crt0.o (memset)
d:/windows_app/5.4 2016q3/bin/../lib/gcc/arm-none-eabi/5.4.1/../../../../arm-none-eabi/lib/armv7e-m/fpu\libc_nano.a(lib_a-printf.o)
                              _build/nrf52832_xxaa/main.c.o (printf)
d:/windows_app/5.4 2016q3/bin/../lib/gcc/arm-none-eabi/5.4.1/../../../../arm-none-eabi/lib/armv7e-m/fpu\libc_nano.a(lib_a-strcmp.o)
                              d:/windows_app/5.4 2016q3/bin/../lib/gcc/arm-none-eabi/5.4.1/../../../../arm-none-eabi/lib/armv7e-m/fpu\libc_nano.a(lib_a-locale.o) (strcmp)
d:/windows_app/5.4 2016q3/bin/../lib/gcc/arm-none-eabi/5.4.1/../../../../arm-none-eabi/lib/armv7e-m/fpu\libc_nano.a(lib_a-strcpy.o)
                              _build/nrf52832_xxaa/SEGGER_RTT.c.o (strcpy)
d:/windows_app/5.4 2016q3/bin/../lib/gcc/arm-none-eabi/5.4.1/../../../../arm-none-eabi/lib/armv7e-m/fpu\libc_nano.a(lib_a-strlen.o)
                              _build/nrf52832_xxaa/nrf_log_frontend.c.o (strlen)
d:/windows_app/5.4 2016q3/bin/../lib/gcc/arm-none-eabi/5.4.1/../../../../arm-none-eabi/lib/armv7e-m/fpu\libc_nano.a(lib_a-wctomb_r.o)
                              d:/windows_app/5.4 2016q3/bin/../lib/gcc/arm-none-eabi/5.4.1/../../../../arm-none-eabi/lib/armv7e-m/fpu\libc_nano.a(lib_a-locale.o) (__ascii_wctomb)
d:/windows_app/5.4 2016q3/bin/../lib/gcc/arm-none-eabi/5.4.1/../../../../arm-none-eabi/lib/armv7e-m/fpu\libc_nano.a(lib_a-ctype_.o)
                              d:/windows_app/5.4 2016q3/bin/../lib/gcc/arm-none-eabi/5.4.1/../../../../arm-none-eabi/lib/armv7e-m/fpu\libc_nano.a(lib_a-locale.o) (_ctype_)
d:/windows_app/5.4 2016q3/bin/../lib/gcc/arm-none-eabi/5.4.1/../../../../arm-none-eabi/lib/armv7e-m/fpu\libc_nano.a(lib_a-findfp.o)
                              d:/windows_app/5.4 2016q3/bin/../lib/gcc/arm-none-eabi/5.4.1/../../../../arm-none-eabi/lib/armv7e-m/fpu\libc_nano.a(lib_a-printf.o) (__sinit)
d:/windows_app/5.4 2016q3/bin/../lib/gcc/arm-none-eabi/5.4.1/../../../../arm-none-eabi/lib/armv7e-m/fpu\libc_nano.a(lib_a-fwalk.o)
                              d:/windows_app/5.4 2016q3/bin/../lib/gcc/arm-none-eabi/5.4.1/../../../../arm-none-eabi/lib/armv7e-m/fpu\libc_nano.a(lib_a-findfp.o) (_fwalk)
d:/windows_app/5.4 2016q3/bin/../lib/gcc/arm-none-eabi/5.4.1/../../../../arm-none-eabi/lib/armv7e-m/fpu\libc_nano.a(lib_a-nano-mallocr.o)
                              d:/windows_app/5.4 2016q3/bin/../lib/gcc/arm-none-eabi/5.4.1/../../../../arm-none-eabi/lib/armv7e-m/fpu\libc_nano.a(lib_a-findfp.o) (_malloc_r)
d:/windows_app/5.4 2016q3/bin/../lib/gcc/arm-none-eabi/5.4.1/../../../../arm-none-eabi/lib/armv7e-m/fpu\libc_nano.a(lib_a-nano-vfprintf.o)
                              d:/windows_app/5.4 2016q3/bin/../lib/gcc/arm-none-eabi/5.4.1/../../../../arm-none-eabi/lib/armv7e-m/fpu\libc_nano.a(lib_a-printf.o) (_vfprintf_r)
d:/windows_app/5.4 2016q3/bin/../lib/gcc/arm-none-eabi/5.4.1/../../../../arm-none-eabi/lib/armv7e-m/fpu\libc_nano.a(lib_a-nano-vfprintf_i.o)
[...]
Memory Configuration

Name             Origin             Length             Attributes
FLASH            0x00023000         0x0005d000         xr
RAM              0x20002a68         0x0000d598         xrw
*default*        0x00000000         0xffffffff

Linker script and memory map


.text           0x00023000     0x9198
 *(.isr_vector)
 .isr_vector    0x00023000      0x200 _build/nrf52832_xxaa/gcc_startup_nrf52.S.o
                0x00023000                __isr_vector
 *(.text*)
 .text          0x00023200       0x5c d:/windows_app/5.4 2016q3/bin/../lib/gcc/arm-none-eabi/5.4.1/armv7e-m/fpu/crtbegin.o
 .text          0x0002325c       0x74 d:/windows_app/5.4 2016q3/bin/../lib/gcc/arm-none-eabi/5.4.1/../../../../arm-none-eabi/lib/armv7e-m/fpu/crt0.o
                0x0002325c                _start
                0x0002325c                _mainCRTStartup
 .text.nrf_log_backend_rtt_panic_set
                0x000232d0        0x4 _build/nrf52832_xxaa/nrf_log_backend_rtt.c.o
 .text.nrf_log_backend_rtt_put
                0x000232d4       0x20 _build/nrf52832_xxaa/nrf_log_backend_rtt.c.o
 .text.serial_tx
                0x000232f4       0x28 _build/nrf52832_xxaa/nrf_log_backend_rtt.c.o
 .text.nrf_log_backend_rtt_flush
                0x0002331c        0x4 _build/nrf52832_xxaa/nrf_log_backend_rtt.c.o
 .text.nrf_log_backend_rtt_init
                0x00023320        0x4 _build/nrf52832_xxaa/nrf_log_backend_rtt.c.o
                0x00023320                nrf_log_backend_rtt_init
 .text.nrf_log_backend_serial_put
                0x00023324       0xe0 _build/nrf52832_xxaa/nrf_log_backend_serial.c.o
                0x00023324                nrf_log_backend_serial_put
 .text.nrf_log_default_backends_init
                0x00023404       0x1c _build/nrf52832_xxaa/nrf_log_default_backends.c.o
                0x00023404                nrf_log_default_backends_init
 .text.nrf_log_init
                0x00023420       0x58 _build/nrf52832_xxaa/nrf_log_frontend.c.o
                0x00023420                nrf_log_init
 .text.nrf_log_module_name_get
                0x00023478       0x58 _build/nrf52832_xxaa/nrf_log_frontend.c.o
                0x00023478                nrf_log_module_name_get
 .text.nrf_log_color_id_get
                0x000234d0       0x2c _build/nrf52832_xxaa/nrf_log_frontend.c.o
                0x000234d0                nrf_log_color_id_get
 .text.nrf_log_frontend_dequeue
                0x000234fc      0x22c _build/nrf52832_xxaa/nrf_log_frontend.c.o
                0x000234fc                nrf_log_frontend_dequeue
 .text.nrf_log_frontend_std_0
                0x00023728      0x17c _build/nrf52832_xxaa/nrf_log_frontend.c.o
                0x00023728                nrf_log_frontend_std_0
 .text.nrf_log_frontend_std_1
                0x000238a4      0x190 _build/nrf52832_xxaa/nrf_log_frontend.c.o
                0x000238a4                nrf_log_frontend_std_1
 .text.nrf_log_frontend_std_2
                0x00023a34      0x1a0 _build/nrf52832_xxaa/nrf_log_frontend.c.o
                0x00023a34                nrf_log_frontend_std_2
 .text.nrf_log_backend_add
                0x00023bd4       0x58 _build/nrf52832_xxaa/nrf_log_frontend.c.o
                0x00023bd4                nrf_log_backend_add
 .text.nrf_log_panic
                0x00023c2c       0x28 _build/nrf52832_xxaa/nrf_log_frontend.c.o
                0x00023c2c                nrf_log_panic
 .text.nrf_log_std_entry_process
                0x00023c54      0x130 _build/nrf52832_xxaa/nrf_log_str_formatter.c.o
                0x00023c54                nrf_log_std_entry_process
 .text.nrf_log_hexdump_entry_process
                0x00023d84      0x124 _build/nrf52832_xxaa/nrf_log_str_formatter.c.o
                0x00023d84                nrf_log_hexdump_entry_process
 .text.detection_delay_timeout_handler
                0x00023ea8       0xa8 _build/nrf52832_xxaa/app_button.c.o
 .text.gpiote_event_handler
                0x00023f50       0x5c _build/nrf52832_xxaa/app_button.c.o
 .text.app_button_init
                0x00023fac       0xb0 _build/nrf52832_xxaa/app_button.c.o
                0x00023fac                app_button_init
 .text.app_button_enable
                0x0002405c       0x2c _build/nrf52832_xxaa/app_button.c.o
                0x0002405c                app_button_enable
 .text.app_error_handler_bare
                0x00024088       0x20 _build/nrf52832_xxaa/app_error.c.o
                0x00024088                app_error_handler_bare
 .text.app_error_fault_handler
                0x000240a8       0x68 _build/nrf52832_xxaa/app_error_weak.c.o
                0x000240a8                app_error_fault_handler
 .text.app_fifo_init
                0x00024110       0x20 _build/nrf52832_xxaa/app_fifo.c.o
                0x00024110                app_fifo_init
 .text.app_fifo_put
                0x00024130       0x30 _build/nrf52832_xxaa/app_fifo.c.o
                0x00024130                app_fifo_put
 .text.app_fifo_get
                0x00024160       0x2c _build/nrf52832_xxaa/app_fifo.c.o
                0x00024160                app_fifo_get
 .text.RTC1_IRQHandler
                0x0002418c       0xa0 _build/nrf52832_xxaa/app_timer.c.o
                0x0002418c                RTC1_IRQHandler
 .text.SWI0_EGU0_IRQHandler
                0x0002422c      0x64c _build/nrf52832_xxaa/app_timer.c.o
                0x0002422c                SWI0_EGU0_IRQHandler
 .text.app_timer_init
                0x00024878      0x184 _build/nrf52832_xxaa/app_timer.c.o
                0x00024878                app_timer_init
 .text.app_timer_create
                0x000249fc       0x24 _build/nrf52832_xxaa/app_timer.c.o
                0x000249fc                app_timer_create
 .text.app_timer_start
                0x00024a20       0xac _build/nrf52832_xxaa/app_timer.c.o
                0x00024a20                app_timer_start
 .text.app_timer_stop
                0x00024acc       0x78 _build/nrf52832_xxaa/app_timer.c.o
                0x00024acc                app_timer_stop
 .text.uart_event_handler
                0x00024b44       0xcc _build/nrf52832_xxaa/app_uart_fifo.c.o
 .text.app_uart_init
                0x00024c10       0xe4 _build/nrf52832_xxaa/app_uart_fifo.c.o
                0x00024c10                app_uart_init
 .text.app_uart_get
                0x00024cf4       0x40 _build/nrf52832_xxaa/app_uart_fifo.c.o
                0x00024cf4                app_uart_get
 .text.app_uart_put
                0x00024d34       0x44 _build/nrf52832_xxaa/app_uart_fifo.c.o
                0x00024d34                app_uart_put
 .text.app_util_critical_region_enter
                0x00024d78       0x50 _build/nrf52832_xxaa/app_util_platform.c.o
                0x00024d78                app_util_critical_region_enter
 .text.app_util_critical_region_exit
                0x00024dc8       0x30 _build/nrf52832_xxaa/app_util_platform.c.o
                0x00024dc8                app_util_critical_region_exit
 .text.nrf_atfifo_item_get
                0x00024df8       0x60 _build/nrf52832_xxaa/nrf_atfifo.c.o
                0x00024df8                nrf_atfifo_item_get
 .text.nrf_atfifo_item_free
                0x00024e58       0x20 _build/nrf52832_xxaa/nrf_atfifo.c.o
                0x00024e58                nrf_atfifo_item_free
 .text.nrf_balloc_init
                0x00024e78       0x38 _build/nrf52832_xxaa/nrf_balloc.c.o
                0x00024e78                nrf_balloc_init
 .text.nrf_balloc_alloc
                0x00024eb0       0x50 _build/nrf52832_xxaa/nrf_balloc.c.o
                0x00024eb0                nrf_balloc_alloc
 .text.nrf_balloc_free
                0x00024f00       0x38 _build/nrf52832_xxaa/nrf_balloc.c.o
                0x00024f00                nrf_balloc_free
 .text.nrf_fprintf_buffer_flush
                0x00024f38       0x18 _build/nrf52832_xxaa/nrf_fprintf.c.o
                0x00024f38                nrf_fprintf_buffer_flush
 .text.nrf_fprintf
                0x00024f50       0x20 _build/nrf52832_xxaa/nrf_fprintf.c.o
                0x00024f50                nrf_fprintf
 .text.unsigned_print
                0x00024f70      0x120 _build/nrf52832_xxaa/nrf_fprintf_format.c.o
 .text.nrf_fprintf_fmt
                0x00025090      0x508 _build/nrf52832_xxaa/nrf_fprintf_format.c.o
                0x00025090                nrf_fprintf_fmt
 .text.nrf_fstorage_is_busy
                0x00025598       0x4c _build/nrf52832_xxaa/nrf_fstorage.c.o
                0x00025598                nrf_fstorage_is_busy
 .text.sd_flash_write
                0x000255e4        0x4 _build/nrf52832_xxaa/nrf_fstorage_sd.c.o
 .text.sd_flash_page_erase
                0x000255e8        0x4 _build/nrf52832_xxaa/nrf_fstorage_sd.c.o
 .text.nrf_fstorage_sdh_req_handler
                0x000255ec       0x14 _build/nrf52832_xxaa/nrf_fstorage_sd.c.o
                0x000255ec                nrf_fstorage_sdh_req_handler
 .text.queue_process
                0x00025600       0xe8 _build/nrf52832_xxaa/nrf_fstorage_sd.c.o
 .text.nrf_fstorage_sys_evt_handler
                0x000256e8       0xe8 _build/nrf52832_xxaa/nrf_fstorage_sd.c.o
                0x000256e8                nrf_fstorage_sys_evt_handler
 .text.nrf_fstorage_sdh_state_handler
                0x000257d0      0x100 _build/nrf52832_xxaa/nrf_fstorage_sd.c.o
                0x000257d0                nrf_fstorage_sdh_state_handler
 .text.nrf_memobj_pool_init
                0x000258d0        0x4 _build/nrf52832_xxaa/nrf_memobj.c.o
                0x000258d0                nrf_memobj_pool_init
 .text.nrf_memobj_alloc
                0x000258d4       0x8c _build/nrf52832_xxaa/nrf_memobj.c.o
                0x000258d4                nrf_memobj_alloc
 .text.nrf_memobj_get
                0x00025960       0x20 _build/nrf52832_xxaa/nrf_memobj.c.o
                0x00025960                nrf_memobj_get
 .text.nrf_memobj_put
                0x00025980       0x4c _build/nrf52832_xxaa/nrf_memobj.c.o
                0x00025980                nrf_memobj_put
 .text.nrf_memobj_write
                0x000259cc       0x5c _build/nrf52832_xxaa/nrf_memobj.c.o
                0x000259cc                nrf_memobj_write
 .text.nrf_memobj_read
                0x00025a28       0x5c _build/nrf52832_xxaa/nrf_memobj.c.o
                0x00025a28                nrf_memobj_read
 .text.nrf_section_iter_init
                0x00025a84       0x14 _build/nrf52832_xxaa/nrf_section_iter.c.o
                0x00025a84                nrf_section_iter_init
 .text.nrf_section_iter_next
                0x00025a98       0x18 _build/nrf52832_xxaa/nrf_section_iter.c.o
                0x00025a98                nrf_section_iter_next
 .text.nrf_strerror_get
                0x00025ab0       0x6c _build/nrf52832_xxaa/nrf_strerror.c.o
                0x00025ab0                nrf_strerror_get
 .text._write   0x00025b1c       0x1c _build/nrf52832_xxaa/retarget.c.o
                0x00025b1c                _write
 .text._read    0x00025b38       0x14 _build/nrf52832_xxaa/retarget.c.o
                0x00025b38                _read
 .text.sdk_mapped_flags_first_key_index_get
                0x00025b4c       0x2c _build/nrf52832_xxaa/sdk_mapped_flags.c.o
                0x00025b4c                sdk_mapped_flags_first_key_index_get
 .text.sdk_mapped_flags_update_by_key
                0x00025b78       0x3c _build/nrf52832_xxaa/sdk_mapped_flags.c.o
                0x00025b78                sdk_mapped_flags_update_by_key
 .text.sdk_mapped_flags_bulk_update_by_key
                0x00025bb4       0x58 _build/nrf52832_xxaa/sdk_mapped_flags.c.o
                0x00025bb4                sdk_mapped_flags_bulk_update_by_key
 .text.sdk_mapped_flags_key_list_get
                0x00025c0c       0x34 _build/nrf52832_xxaa/sdk_mapped_flags.c.o
                0x00025c0c                sdk_mapped_flags_key_list_get
 .text.bsp_board_led_state_get
                0x00025c40       0x20 _build/nrf52832_xxaa/boards.c.o
                0x00025c40                bsp_board_led_state_get
 .text.bsp_board_led_on
                0x00025c60       0x18 _build/nrf52832_xxaa/boards.c.o
                0x00025c60                bsp_board_led_on
 .text.bsp_board_led_off
                0x00025c78       0x18 _build/nrf52832_xxaa/boards.c.o
                0x00025c78                bsp_board_led_off
 .text.bsp_board_leds_off
                0x00025c90       0x2c _build/nrf52832_xxaa/boards.c.o
                0x00025c90                bsp_board_leds_off
 .text.bsp_board_leds_on
                0x00025cbc       0x2c _build/nrf52832_xxaa/boards.c.o
                0x00025cbc                bsp_board_leds_on
 .text.bsp_board_led_invert
                0x00025ce8       0x28 _build/nrf52832_xxaa/boards.c.o
                0x00025ce8                bsp_board_led_invert
 .text.bsp_board_leds_init
                0x00025d10       0x3c _build/nrf52832_xxaa/boards.c.o
                0x00025d10                bsp_board_leds_init
 .text.bsp_board_button_state_get
                0x00025d4c       0x20 _build/nrf52832_xxaa/boards.c.o
                0x00025d4c                bsp_board_button_state_get
 .text.bsp_board_pin_to_button_idx
                0x00025d6c       0x24 _build/nrf52832_xxaa/boards.c.o
                0x00025d6c                bsp_board_pin_to_button_idx
 .text.bsp_board_button_idx_to_pin
                0x00025d90        0xc _build/nrf52832_xxaa/boards.c.o
                0x00025d90                bsp_board_button_idx_to_pin
 .text.soc_evt_handler
                0x00025d9c       0x20 _build/nrf52832_xxaa/nrf_drv_clock.c.o
 .text.sd_state_evt_handler
                0x00025dbc       0xc0 _build/nrf52832_xxaa/nrf_drv_clock.c.o
 .text.POWER_CLOCK_IRQHandler
                0x00025e7c       0x78 _build/nrf52832_xxaa/nrf_drv_clock.c.o
                0x00025e7c                POWER_CLOCK_IRQHandler
 .text.nrf_drv_common_irq_enable
                0x00025ef4       0x50 _build/nrf52832_xxaa/nrf_drv_common.c.o
                0x00025ef4                nrf_drv_common_irq_enable
 .text.nrf_drv_gpiote_init
                0x00025f44       0x84 _build/nrf52832_xxaa/nrf_drv_gpiote.c.o
                0x00025f44                nrf_drv_gpiote_init
 .text.nrf_drv_gpiote_is_init
                0x00025fc8       0x14 _build/nrf52832_xxaa/nrf_drv_gpiote.c.o
                0x00025fc8                nrf_drv_gpiote_is_init
 .text.nrf_drv_gpiote_in_init
                0x00025fdc      0x190 _build/nrf52832_xxaa/nrf_drv_gpiote.c.o
                0x00025fdc                nrf_drv_gpiote_in_init
 .text.nrf_drv_gpiote_in_event_enable
                0x0002616c       0xc4 _build/nrf52832_xxaa/nrf_drv_gpiote.c.o
                0x0002616c                nrf_drv_gpiote_in_event_enable
 .text.nrf_drv_gpiote_in_is_set
                0x00026230       0x14 _build/nrf52832_xxaa/nrf_drv_gpiote.c.o
                0x00026230                nrf_drv_gpiote_in_is_set
 .text.GPIOTE_IRQHandler
                0x00026244      0x4f4 _build/nrf52832_xxaa/nrf_drv_gpiote.c.o
                0x00026244                GPIOTE_IRQHandler
 .text.nrf_drv_uart_init
                0x00026738      0x1dc _build/nrf52832_xxaa/nrf_drv_uart.c.o
                0x00026738                nrf_drv_uart_init
 .text.nrf_drv_uart_tx
                0x00026914      0x158 _build/nrf52832_xxaa/nrf_drv_uart.c.o
                0x00026914                nrf_drv_uart_tx
 .text.nrf_drv_uart_tx_in_progress
                0x00026a6c       0x18 _build/nrf52832_xxaa/nrf_drv_uart.c.o
                0x00026a6c                nrf_drv_uart_tx_in_progress
 .text.nrf_drv_uart_rx
                0x00026a84      0x23c _build/nrf52832_xxaa/nrf_drv_uart.c.o
                0x00026a84                nrf_drv_uart_rx
 .text.nrf_drv_uart_rx_enable
                0x00026cc0       0x4c _build/nrf52832_xxaa/nrf_drv_uart.c.o
                0x00026cc0                nrf_drv_uart_rx_enable
 .text.UARTE0_UART0_IRQHandler
                0x00026d0c      0x2fc _build/nrf52832_xxaa/nrf_drv_uart.c.o
                0x00026d0c                UARTE0_UART0_IRQHandler
 .text.alert_timer_handler
                0x00027008        0x8 _build/nrf52832_xxaa/bsp.c.o
 .text.bsp_button_event_handler
                0x00027010       0xa4 _build/nrf52832_xxaa/bsp.c.o
 .text.button_timer_handler
                0x000270b4       0x30 _build/nrf52832_xxaa/bsp.c.o
 .text.leds_timer_handler
                0x000270e4      0x2e8 _build/nrf52832_xxaa/bsp.c.o
 .text.bsp_button_is_pressed
                0x000273cc        0x4 _build/nrf52832_xxaa/bsp.c.o
                0x000273cc                bsp_button_is_pressed
 .text.bsp_indication_set
                0x000273d0      0x32c _build/nrf52832_xxaa/bsp.c.o
                0x000273d0                bsp_indication_set
 .text.bsp_init
                0x000276fc       0xac _build/nrf52832_xxaa/bsp.c.o
                0x000276fc                bsp_init
 .text.bsp_event_to_button_action_assign
                0x000277a8       0x50 _build/nrf52832_xxaa/bsp.c.o
                0x000277a8                bsp_event_to_button_action_assign
 .text.bsp_wakeup_button_enable
                0x000277f8       0x28 _build/nrf52832_xxaa/bsp.c.o
                0x000277f8                bsp_wakeup_button_enable
 .text.ble_evt_handler
                0x00027820       0xb0 _build/nrf52832_xxaa/bsp_btn_ble.c.o
 .text.bsp_btn_ble_sleep_mode_prepare
                0x000278d0       0x24 _build/nrf52832_xxaa/bsp_btn_ble.c.o
                0x000278d0                bsp_btn_ble_sleep_mode_prepare
 .text.bsp_btn_ble_init
                0x000278f4       0x70 _build/nrf52832_xxaa/bsp_btn_ble.c.o
                0x000278f4                bsp_btn_ble_init
 .text.sd_ble_gap_disconnect
                0x00027964        0x4 _build/nrf52832_xxaa/main.c.o
 .text.sd_ble_gap_ppcp_set
                0x00027968        0x4 _build/nrf52832_xxaa/main.c.o
 .text.sd_ble_gap_device_name_set
                0x0002796c        0x4 _build/nrf52832_xxaa/main.c.o
 .text.sd_ble_gap_sec_params_reply
                0x00027970        0x4 _build/nrf52832_xxaa/main.c.o
 .text.sd_ble_gap_phy_update
                0x00027974        0x4 _build/nrf52832_xxaa/main.c.o
 .text.sd_ble_gap_data_length_update
                0x00027978        0x4 _build/nrf52832_xxaa/main.c.o
 .text.sd_ble_gatts_rw_authorize_reply
                0x0002797c        0x4 _build/nrf52832_xxaa/main.c.o
 .text.sd_ble_gatts_sys_attr_set
                0x00027980        0x4 _build/nrf52832_xxaa/main.c.o
 .text.sd_ble_user_mem_reply
                0x00027984        0x4 _build/nrf52832_xxaa/main.c.o
 .text.sd_power_system_off
                0x00027988        0x4 _build/nrf52832_xxaa/main.c.o
 .text.sd_app_evt_wait
                0x0002798c        0x4 _build/nrf52832_xxaa/main.c.o
 .text.conn_params_error_handler
                0x00027990        0x4 _build/nrf52832_xxaa/main.c.o
 .text.ble_evt_handler
                0x00027994      0x164 _build/nrf52832_xxaa/main.c.o
 .text.on_conn_params_evt
                0x00027af8       0x24 _build/nrf52832_xxaa/main.c.o
 .text.gatt_evt_handler
                0x00027b1c       0x48 _build/nrf52832_xxaa/main.c.o
                0x00027b1c                gatt_evt_handler
 .text.bsp_event_handler
                0x00027b64       0x70 _build/nrf52832_xxaa/main.c.o
                0x00027b64                bsp_event_handler
 .text.uart_event_handle
                0x00027bd4       0x7c _build/nrf52832_xxaa/main.c.o
                0x00027bd4                uart_event_handle
 .text.nus_data_handler
                0x00027c50       0x70 _build/nrf52832_xxaa/main.c.o
 .text.on_adv_evt
                0x00027cc0       0x3c _build/nrf52832_xxaa/main.c.o
 .text.gatt_init
                0x00027cfc       0x30 _build/nrf52832_xxaa/main.c.o
                0x00027cfc                gatt_init
 .text.startup.main
                0x00027d2c      0x2a0 _build/nrf52832_xxaa/main.c.o
                0x00027d2c                main
 .text.SEGGER_RTT_WriteNoLock
                0x00027fcc      0x188 _build/nrf52832_xxaa/SEGGER_RTT.c.o
                0x00027fcc                SEGGER_RTT_WriteNoLock
 .text.SEGGER_RTT_Init
                0x00028154       0x60 _build/nrf52832_xxaa/SEGGER_RTT.c.o
                0x00028154                SEGGER_RTT_Init
 .text.sd_ble_gap_addr_get
                0x000281b4        0x4 _build/nrf52832_xxaa/ble_advdata.c.o
 .text.sd_ble_gap_adv_data_set
                0x000281b8        0x4 _build/nrf52832_xxaa/ble_advdata.c.o
 .text.sd_ble_gap_appearance_get
                0x000281bc        0x4 _build/nrf52832_xxaa/ble_advdata.c.o
 .text.sd_ble_gap_device_name_get
                0x000281c0        0x4 _build/nrf52832_xxaa/ble_advdata.c.o
 .text.sd_ble_uuid_encode
                0x000281c4        0x4 _build/nrf52832_xxaa/ble_advdata.c.o
 .text.uuid_list_sized_encode
                0x000281c8       0xb8 _build/nrf52832_xxaa/ble_advdata.c.o
 .text.ble_advdata_encode
                0x00028280      0x3f8 _build/nrf52832_xxaa/ble_advdata.c.o
                0x00028280                ble_advdata_encode
 .text.ble_advdata_set
                0x00028678      0x4dc _build/nrf52832_xxaa/ble_advdata.c.o
                0x00028678                ble_advdata_set
 .text.sd_ble_gap_adv_start
                0x00028b54        0x4 _build/nrf52832_xxaa/ble_advertising.c.o
 .text.sd_ble_gap_adv_stop
                0x00028b58        0x4 _build/nrf52832_xxaa/ble_advertising.c.o
 .text.ble_advertising_start.part.2
                0x00028b5c      0x204 _build/nrf52832_xxaa/ble_advertising.c.o
 .text.ble_advertising_conn_cfg_tag_set
                0x00028d60        0x8 _build/nrf52832_xxaa/ble_advertising.c.o
                0x00028d60                ble_advertising_conn_cfg_tag_set
 .text.ble_advertising_init
                0x00028d68      0x160 _build/nrf52832_xxaa/ble_advertising.c.o
                0x00028d68                ble_advertising_init
 .text.ble_advertising_start
                0x00028ec8       0x2c _build/nrf52832_xxaa/ble_advertising.c.o
                0x00028ec8                ble_advertising_start
 .text.ble_advertising_on_ble_evt
                0x00028ef4       0x9c _build/nrf52832_xxaa/ble_advertising.c.o
                0x00028ef4                ble_advertising_on_ble_evt
 .text.ble_advertising_on_sys_evt
                0x00028f90       0x44 _build/nrf52832_xxaa/ble_advertising.c.o
                0x00028f90                ble_advertising_on_sys_evt
 .text.ble_advertising_restart_without_whitelist
                0x00028fd4       0x58 _build/nrf52832_xxaa/ble_advertising.c.o
                0x00028fd4                ble_advertising_restart_without_whitelist
 .text.sd_ble_gap_conn_param_update
                0x0002902c        0x4 _build/nrf52832_xxaa/ble_conn_params.c.o
 .text.sd_ble_gap_disconnect
                0x00029030        0x4 _build/nrf52832_xxaa/ble_conn_params.c.o
 .text.sd_ble_gap_ppcp_set
                0x00029034        0x4 _build/nrf52832_xxaa/ble_conn_params.c.o
 .text.sd_ble_gap_ppcp_get
                0x00029038        0x4 _build/nrf52832_xxaa/ble_conn_params.c.o
 .text.update_timeout_handler
                0x0002903c       0x80 _build/nrf52832_xxaa/ble_conn_params.c.o
 .text.ble_evt_handler
                0x000290bc      0x1f4 _build/nrf52832_xxaa/ble_conn_params.c.o
 .text.ble_conn_params_init
                0x000292b0       0x7c _build/nrf52832_xxaa/ble_conn_params.c.o
                0x000292b0                ble_conn_params_init
 .text.ble_evt_handler
                0x0002932c      0x11c _build/nrf52832_xxaa/ble_conn_state.c.o
 .text.ble_srv_is_notification_enabled
                0x00029448        0x8 _build/nrf52832_xxaa/ble_srv_common.c.o
                0x00029448                ble_srv_is_notification_enabled
 .text.sd_ble_gap_data_length_update
                0x00029450        0x4 _build/nrf52832_xxaa/nrf_ble_gatt.c.o
 .text.sd_ble_gattc_exchange_mtu_request
                0x00029454        0x4 _build/nrf52832_xxaa/nrf_ble_gatt.c.o
 .text.sd_ble_gatts_exchange_mtu_reply
                0x00029458        0x4 _build/nrf52832_xxaa/nrf_ble_gatt.c.o
 .text.nrf_ble_gatt_init
                0x0002945c       0x2c _build/nrf52832_xxaa/nrf_ble_gatt.c.o
                0x0002945c                nrf_ble_gatt_init
 .text.nrf_ble_gatt_att_mtu_periph_set
                0x00029488       0x18 _build/nrf52832_xxaa/nrf_ble_gatt.c.o
                0x00029488                nrf_ble_gatt_att_mtu_periph_set
 .text.nrf_ble_gatt_on_ble_evt
                0x000294a0      0x218 _build/nrf52832_xxaa/nrf_ble_gatt.c.o
                0x000294a0                nrf_ble_gatt_on_ble_evt
 .text          0x000296b8       0x3c _build/nrf52832_xxaa/gcc_startup_nrf52.S.o
                0x000296b8                Reset_Handler
                0x000296e0                NMI_Handler
                0x000296e2                HardFault_Handler
                0x000296e4                MemoryManagement_Handler
                0x000296e6                BusFault_Handler
                0x000296e8                UsageFault_Handler
                0x000296ea                SVC_Handler
                0x000296ec                DebugMon_Handler
                0x000296ee                PendSV_Handler
                0x000296f0                SysTick_Handler
                0x000296f2                TEMP_IRQHandler
                0x000296f2                QDEC_IRQHandler
                0x000296f2                TIMER3_IRQHandler
                0x000296f2                FPU_IRQHandler
                0x000296f2                SPIM0_SPIS0_TWIM0_TWIS0_SPI0_TWI0_IRQHandler
                0x000296f2                PDM_IRQHandler
                0x000296f2                TIMER4_IRQHandler
                0x000296f2                I2S_IRQHandler
                0x000296f2                SWI4_EGU4_IRQHandler
                0x000296f2                TIMER0_IRQHandler
                0x000296f2                RADIO_IRQHandler
                0x000296f2                RTC0_IRQHandler
                0x000296f2                PWM2_IRQHandler
                0x000296f2                ECB_IRQHandler
                0x000296f2                SPIM1_SPIS1_TWIM1_TWIS1_SPI1_TWI1_IRQHandler
                0x000296f2                Default_Handler
                0x000296f2                SAADC_IRQHandler
                0x000296f2                CCM_AAR_IRQHandler
                0x000296f2                WDT_IRQHandler
                0x000296f2                PWM1_IRQHandler
                0x000296f2                SWI5_EGU5_IRQHandler
                0x000296f2                RNG_IRQHandler
                0x000296f2                RTC2_IRQHandler
                0x000296f2                PWM0_IRQHandler
                0x000296f2                SWI3_EGU3_IRQHandler
                0x000296f2                SWI1_EGU1_IRQHandler
                0x000296f2                SPIM2_SPIS2_SPI2_IRQHandler
                0x000296f2                NFCT_IRQHandler
                0x000296f2                TIMER1_IRQHandler
                0x000296f2                MWU_IRQHandler
                0x000296f2                TIMER2_IRQHandler
                0x000296f2                COMP_LPCOMP_IRQHandler
 .text.SystemInit
                0x000296f4      0x390 _build/nrf52832_xxaa/system_nrf52.c.o
                0x000296f4                SystemInit
 .text.sd_ble_gatts_service_add
                0x00029a84        0x4 _build/nrf52832_xxaa/ble_nus.c.o
 .text.sd_ble_gatts_characteristic_add
                0x00029a88        0x4 _build/nrf52832_xxaa/ble_nus.c.o
 .text.sd_ble_gatts_hvx
                0x00029a8c        0x4 _build/nrf52832_xxaa/ble_nus.c.o
 .text.sd_ble_uuid_vs_add
                0x00029a90        0x4 _build/nrf52832_xxaa/ble_nus.c.o
 .text.ble_nus_on_ble_evt
                0x00029a94       0x9c _build/nrf52832_xxaa/ble_nus.c.o
                0x00029a94                ble_nus_on_ble_evt
 .text.ble_nus_init
                0x00029b30      0x1f0 _build/nrf52832_xxaa/ble_nus.c.o
                0x00029b30                ble_nus_init
 .text.ble_nus_string_send
                0x00029d20       0x54 _build/nrf52832_xxaa/ble_nus.c.o
                0x00029d20                ble_nus_string_send
 .text.sd_softdevice_enable
                0x00029d74        0x4 _build/nrf52832_xxaa/nrf_sdh.c.o
 .text.sd_softdevice_disable
                0x00029d78        0x4 _build/nrf52832_xxaa/nrf_sdh.c.o
 .text.nrf_sdh_enable_request
                0x00029d7c       0xf8 _build/nrf52832_xxaa/nrf_sdh.c.o
                0x00029d7c                nrf_sdh_enable_request
 .text.nrf_sdh_request_continue
                0x00029e74       0xc4 _build/nrf52832_xxaa/nrf_sdh.c.o
                0x00029e74                nrf_sdh_request_continue
 .text.nrf_sdh_is_enabled
                0x00029f38        0xc _build/nrf52832_xxaa/nrf_sdh.c.o
                0x00029f38                nrf_sdh_is_enabled
 .text.SWI2_EGU2_IRQHandler
                0x00029f44       0x2c _build/nrf52832_xxaa/nrf_sdh.c.o
                0x00029f44                SWI2_EGU2_IRQHandler
 .text.sd_ble_enable
                0x00029f70        0x4 _build/nrf52832_xxaa/nrf_sdh_ble.c.o
 .text.sd_ble_cfg_set
                0x00029f74        0x4 _build/nrf52832_xxaa/nrf_sdh_ble.c.o
 .text.sd_ble_evt_get
                0x00029f78        0x4 _build/nrf52832_xxaa/nrf_sdh_ble.c.o
 .text.nrf_sdh_ble_evts_poll
                0x00029f7c       0x4c _build/nrf52832_xxaa/nrf_sdh_ble.c.o
 .text.nrf_sdh_ble_default_cfg_set
                0x00029fc8      0x1a8 _build/nrf52832_xxaa/nrf_sdh_ble.c.o
                0x00029fc8                nrf_sdh_ble_default_cfg_set
 .text.nrf_sdh_ble_enable
                0x0002a170       0x74 _build/nrf52832_xxaa/nrf_sdh_ble.c.o
                0x0002a170                nrf_sdh_ble_enable
 .text.sd_evt_get
                0x0002a1e4        0x4 _build/nrf52832_xxaa/nrf_sdh_soc.c.o
 .text.nrf_sdh_soc_evts_poll
                0x0002a1e8       0x4c _build/nrf52832_xxaa/nrf_sdh_soc.c.o
 .text.exit     0x0002a234       0x28 d:/windows_app/5.4 2016q3/bin/../lib/gcc/arm-none-eabi/5.4.1/../../../../arm-none-eabi/lib/armv7e-m/fpu\libc_nano.a(lib_a-exit.o)
                0x0002a234                exit
 .text.__libc_init_array
                0x0002a25c       0x4c d:/windows_app/5.4 2016q3/bin/../lib/gcc/arm-none-eabi/5.4.1/../../../../arm-none-eabi/lib/armv7e-m/fpu\libc_nano.a(lib_a-init.o)
                0x0002a25c                __libc_init_array
 .text.__get_current_locale
                0x0002a2a8       0x18 d:/windows_app/5.4 2016q3/bin/../lib/gcc/arm-none-eabi/5.4.1/../../../../arm-none-eabi/lib/armv7e-m/fpu\libc_nano.a(lib_a-locale.o)
 .text.__locale_ctype_ptr
                0x0002a2c0       0x14 d:/windows_app/5.4 2016q3/bin/../lib/gcc/arm-none-eabi/5.4.1/../../../../arm-none-eabi/lib/armv7e-m/fpu\libc_nano.a(lib_a-locale.o)
                0x0002a2c0                __locale_ctype_ptr
 .text.__ascii_mbtowc
                0x0002a2d4       0x24 d:/windows_app/5.4 2016q3/bin/../lib/gcc/arm-none-eabi/5.4.1/../../../../arm-none-eabi/lib/armv7e-m/fpu\libc_nano.a(lib_a-mbtowc_r.o)
                0x0002a2d4                __ascii_mbtowc
 .text.memcpy   0x0002a2f8       0x16 d:/windows_app/5.4 2016q3/bin/../lib/gcc/arm-none-eabi/5.4.1/../../../../arm-none-eabi/lib/armv7e-m/fpu\libc_nano.a(lib_a-memcpy-stub.o)
                0x0002a2f8                memcpy
 .text.memset   0x0002a30e       0x10 d:/windows_app/5.4 2016q3/bin/../lib/gcc/arm-none-eabi/5.4.1/../../../../arm-none-eabi/lib/armv7e-m/fpu\libc_nano.a(lib_a-memset.o)
                0x0002a30e                memset
 *fill*         0x0002a31e        0x2 
 .text.printf   0x0002a320       0x30 d:/windows_app/5.4 2016q3/bin/../lib/gcc/arm-none-eabi/5.4.1/../../../../arm-none-eabi/lib/armv7e-m/fpu\libc_nano.a(lib_a-printf.o)
                0x0002a320                iprintf
                0x0002a320                printf
 .text.strcpy   0x0002a350       0x10 d:/windows_app/5.4 2016q3/bin/../lib/gcc/arm-none-eabi/5.4.1/../../../../arm-none-eabi/lib/armv7e-m/fpu\libc_nano.a(lib_a-strcpy.o)
                0x0002a350                strcpy
 .text          0x0002a360       0x10 d:/windows_app/5.4 2016q3/bin/../lib/gcc/arm-none-eabi/5.4.1/../../../../arm-none-eabi/lib/armv7e-m/fpu\libc_nano.a(lib_a-strlen.o)
                0x0002a360                strlen
 .text.__ascii_wctomb
                0x0002a370       0x1a d:/windows_app/5.4 2016q3/bin/../lib/gcc/arm-none-eabi/5.4.1/../../../../arm-none-eabi/lib/armv7e-m/fpu\libc_nano.a(lib_a-wctomb_r.o)
                0x0002a370                __ascii_wctomb
 *fill*         0x0002a38a        0x2 
 .text._cleanup_r
                0x0002a38c        0xc d:/windows_app/5.4 2016q3/bin/../lib/gcc/arm-none-eabi/5.4.1/../../../../arm-none-eabi/lib/armv7e-m/fpu\libc_nano.a(lib_a-findfp.o)
                0x0002a38c                _cleanup_r
 .text.std.isra.0
                0x0002a398       0x48 d:/windows_app/5.4 2016q3/bin/../lib/gcc/arm-none-eabi/5.4.1/../../../../arm-none-eabi/lib/armv7e-m/fpu\libc_nano.a(lib_a-findfp.o)
 .text.__sfmoreglue
                0x0002a3e0       0x2c d:/windows_app/5.4 2016q3/bin/../lib/gcc/arm-none-eabi/5.4.1/../../../../arm-none-eabi/lib/armv7e-m/fpu\libc_nano.a(lib_a-findfp.o)
                0x0002a3e0                __sfmoreglue
 .text.__sinit  0x0002a40c       0x60 d:/windows_app/5.4 2016q3/bin/../lib/gcc/arm-none-eabi/5.4.1/../../../../arm-none-eabi/lib/armv7e-m/fpu\libc_nano.a(lib_a-findfp.o)
                0x0002a40c                __sinit
 .text.__sfp    0x0002a46c       0x78 d:/windows_app/5.4 2016q3/bin/../lib/gcc/arm-none-eabi/5.4.1/../../../../arm-none-eabi/lib/armv7e-m/fpu\libc_nano.a(lib_a-findfp.o)
                0x0002a46c                __sfp
 .text._fwalk_reent
                0x0002a4e4       0x3c d:/windows_app/5.4 2016q3/bin/../lib/gcc/arm-none-eabi/5.4.1/../../../../arm-none-eabi/lib/armv7e-m/fpu\libc_nano.a(lib_a-fwalk.o)
                0x0002a4e4                _fwalk_reent
 .text._malloc_r
                0x0002a520       0xbc d:/windows_app/5.4 2016q3/bin/../lib/gcc/arm-none-eabi/5.4.1/../../../../arm-none-eabi/lib/armv7e-m/fpu\libc_nano.a(lib_a-nano-mallocr.o)
                0x0002a520                _malloc_r
 .text.__sfputc_r
                0x0002a5dc       0x30 d:/windows_app/5.4 2016q3/bin/../lib/gcc/arm-none-eabi/5.4.1/../../../../arm-none-eabi/lib/armv7e-m/fpu\libc_nano.a(lib_a-nano-vfprintf.o)
 .text.__sfputs_r
                0x0002a60c       0x24 d:/windows_app/5.4 2016q3/bin/../lib/gcc/arm-none-eabi/5.4.1/../../../../arm-none-eabi/lib/armv7e-m/fpu\libc_nano.a(lib_a-nano-vfprintf.o)
                0x0002a60c                __sfputs_r
 .text._vfprintf_r
                0x0002a630      0x238 d:/windows_app/5.4 2016q3/bin/../lib/gcc/arm-none-eabi/5.4.1/../../../../arm-none-eabi/lib/armv7e-m/fpu\libc_nano.a(lib_a-nano-vfprintf.o)
                0x0002a630                _vfprintf_r
                0x0002a630                _vfiprintf_r
 .text._printf_common
                0x0002a868       0xec d:/windows_app/5.4 2016q3/bin/../lib/gcc/arm-none-eabi/5.4.1/../../../../arm-none-eabi/lib/armv7e-m/fpu\libc_nano.a(lib_a-nano-vfprintf_i.o)
                0x0002a868                _printf_common
 .text._printf_i
                0x0002a954      0x24c d:/windows_app/5.4 2016q3/bin/../lib/gcc/arm-none-eabi/5.4.1/../../../../arm-none-eabi/lib/armv7e-m/fpu\libc_nano.a(lib_a-nano-vfprintf_i.o)
                0x0002a954                _printf_i
 .text._sbrk_r  0x0002aba0       0x20 d:/windows_app/5.4 2016q3/bin/../lib/gcc/arm-none-eabi/5.4.1/../../../../arm-none-eabi/lib/armv7e-m/fpu\libc_nano.a(lib_a-sbrkr.o)
                0x0002aba0                _sbrk_r
 .text.__sread  0x0002abc0       0x22 d:/windows_app/5.4 2016q3/bin/../lib/gcc/arm-none-eabi/5.4.1/../../../../arm-none-eabi/lib/armv7e-m/fpu\libc_nano.a(lib_a-stdio.o)
                0x0002abc0                __sread
 .text.__swrite
                0x0002abe2       0x38 d:/windows_app/5.4 2016q3/bin/../lib/gcc/arm-none-eabi/5.4.1/../../../../arm-none-eabi/lib/armv7e-m/fpu\libc_nano.a(lib_a-stdio.o)
                0x0002abe2                __swrite
 .text.__sseek  0x0002ac1a       0x24 d:/windows_app/5.4 2016q3/bin/../lib/gcc/arm-none-eabi/5.4.1/../../../../arm-none-eabi/lib/armv7e-m/fpu\libc_nano.a(lib_a-stdio.o)
                0x0002ac1a                __sseek
 .text.__sclose
                0x0002ac3e        0x8 d:/windows_app/5.4 2016q3/bin/../lib/gcc/arm-none-eabi/5.4.1/../../../../arm-none-eabi/lib/armv7e-m/fpu\libc_nano.a(lib_a-stdio.o)
                0x0002ac3e                __sclose
 *fill*         0x0002ac46        0x2 
 .text.__swbuf_r
                0x0002ac48       0xa8 d:/windows_app/5.4 2016q3/bin/../lib/gcc/arm-none-eabi/5.4.1/../../../../arm-none-eabi/lib/armv7e-m/fpu\libc_nano.a(lib_a-wbuf.o)
                0x0002ac48                __swbuf_r
 .text._write_r
                0x0002acf0       0x24 d:/windows_app/5.4 2016q3/bin/../lib/gcc/arm-none-eabi/5.4.1/../../../../arm-none-eabi/lib/armv7e-m/fpu\libc_nano.a(lib_a-writer.o)
                0x0002acf0                _write_r
 .text.__swsetup_r
                0x0002ad14       0xdc d:/windows_app/5.4 2016q3/bin/../lib/gcc/arm-none-eabi/5.4.1/../../../../arm-none-eabi/lib/armv7e-m/fpu\libc_nano.a(lib_a-wsetup.o)
                0x0002ad14                __swsetup_r
 .text._close_r
                0x0002adf0       0x20 d:/windows_app/5.4 2016q3/bin/../lib/gcc/arm-none-eabi/5.4.1/../../../../arm-none-eabi/lib/armv7e-m/fpu\libc_nano.a(lib_a-closer.o)
                0x0002adf0                _close_r
 .text.__sflush_r
                0x0002ae10      0x110 d:/windows_app/5.4 2016q3/bin/../lib/gcc/arm-none-eabi/5.4.1/../../../../arm-none-eabi/lib/armv7e-m/fpu\libc_nano.a(lib_a-fflush.o)
                0x0002ae10                __sflush_r
 .text._fflush_r
                0x0002af20       0x54 d:/windows_app/5.4 2016q3/bin/../lib/gcc/arm-none-eabi/5.4.1/../../../../arm-none-eabi/lib/armv7e-m/fpu\libc_nano.a(lib_a-fflush.o)
                0x0002af20                _fflush_r
 .text._lseek_r
                0x0002af74       0x24 d:/windows_app/5.4 2016q3/bin/../lib/gcc/arm-none-eabi/5.4.1/../../../../arm-none-eabi/lib/armv7e-m/fpu\libc_nano.a(lib_a-lseekr.o)
                0x0002af74                _lseek_r
 .text.__swhatbuf_r
                0x0002af98       0x46 d:/windows_app/5.4 2016q3/bin/../lib/gcc/arm-none-eabi/5.4.1/../../../../arm-none-eabi/lib/armv7e-m/fpu\libc_nano.a(lib_a-makebuf.o)
                0x0002af98                __swhatbuf_r
 *fill*         0x0002afde        0x2 
 .text.__smakebuf_r
                0x0002afe0       0x78 d:/windows_app/5.4 2016q3/bin/../lib/gcc/arm-none-eabi/5.4.1/../../../../arm-none-eabi/lib/armv7e-m/fpu\libc_nano.a(lib_a-makebuf.o)
                0x0002afe0                __smakebuf_r
 *fill*         0x0002b058        0x8 
 .text          0x0002b060       0xa0 d:/windows_app/5.4 2016q3/bin/../lib/gcc/arm-none-eabi/5.4.1/../../../../arm-none-eabi/lib/armv7e-m/fpu\libc_nano.a(lib_a-memchr.o)
                0x0002b060                memchr
 .text.__malloc_lock
                0x0002b100        0x2 d:/windows_app/5.4 2016q3/bin/../lib/gcc/arm-none-eabi/5.4.1/../../../../arm-none-eabi/lib/armv7e-m/fpu\libc_nano.a(lib_a-mlock.o)
                0x0002b100                __malloc_lock
 .text.__malloc_unlock
                0x0002b102        0x2 d:/windows_app/5.4 2016q3/bin/../lib/gcc/arm-none-eabi/5.4.1/../../../../arm-none-eabi/lib/armv7e-m/fpu\libc_nano.a(lib_a-mlock.o)
                0x0002b102                __malloc_unlock
 .text._free_r  0x0002b104       0x9c d:/windows_app/5.4 2016q3/bin/../lib/gcc/arm-none-eabi/5.4.1/../../../../arm-none-eabi/lib/armv7e-m/fpu\libc_nano.a(lib_a-nano-freer.o)
                0x0002b104                _free_r
 .text._read_r  0x0002b1a0       0x24 d:/windows_app/5.4 2016q3/bin/../lib/gcc/arm-none-eabi/5.4.1/../../../../arm-none-eabi/lib/armv7e-m/fpu\libc_nano.a(lib_a-readr.o)
                0x0002b1a0                _read_r
 .text._fstat_r
                0x0002b1c4       0x24 d:/windows_app/5.4 2016q3/bin/../lib/gcc/arm-none-eabi/5.4.1/../../../../arm-none-eabi/lib/armv7e-m/fpu\libc_nano.a(lib_a-fstatr.o)
                0x0002b1c4                _fstat_r
 .text._isatty_r
                0x0002b1e8       0x20 d:/windows_app/5.4 2016q3/bin/../lib/gcc/arm-none-eabi/5.4.1/../../../../arm-none-eabi/lib/armv7e-m/fpu\libc_nano.a(lib_a-isattyr.o)
                0x0002b1e8                _isatty_r
 .text._close   0x0002b208       0x10 d:/windows_app/5.4 2016q3/bin/../lib/gcc/arm-none-eabi/5.4.1/../../../../arm-none-eabi/lib/armv7e-m/fpu\libnosys.a(close.o)
                0x0002b208                _close
 .text._fstat   0x0002b218       0x10 d:/windows_app/5.4 2016q3/bin/../lib/gcc/arm-none-eabi/5.4.1/../../../../arm-none-eabi/lib/armv7e-m/fpu\libnosys.a(fstat.o)
                0x0002b218                _fstat
 .text._isatty  0x0002b228       0x10 d:/windows_app/5.4 2016q3/bin/../lib/gcc/arm-none-eabi/5.4.1/../../../../arm-none-eabi/lib/armv7e-m/fpu\libnosys.a(isatty.o)
                0x0002b228                _isatty
 .text._lseek   0x0002b238       0x10 d:/windows_app/5.4 2016q3/bin/../lib/gcc/arm-none-eabi/5.4.1/../../../../arm-none-eabi/lib/armv7e-m/fpu\libnosys.a(lseek.o)
                0x0002b238                _lseek
 .text._sbrk    0x0002b248       0x1c d:/windows_app/5.4 2016q3/bin/../lib/gcc/arm-none-eabi/5.4.1/../../../../arm-none-eabi/lib/armv7e-m/fpu\libnosys.a(sbrk.o)
                0x0002b248                _sbrk
 .text._exit    0x0002b264        0x4 d:/windows_app/5.4 2016q3/bin/../lib/gcc/arm-none-eabi/5.4.1/../../../../arm-none-eabi/lib/armv7e-m/fpu\libnosys.a(_exit.o)
                0x0002b264                _exit
 .text          0x0002b268       0x30 d:/windows_app/5.4 2016q3/bin/../lib/gcc/arm-none-eabi/5.4.1/armv7e-m/fpu\libgcc.a(_aeabi_uldivmod.o)
                0x0002b268                __aeabi_uldivmod
 .text          0x0002b298      0x2e4 d:/windows_app/5.4 2016q3/bin/../lib/gcc/arm-none-eabi/5.4.1/armv7e-m/fpu\libgcc.a(_udivmoddi4.o)
                0x0002b298                __udivmoddi4
 .text          0x0002b57c        0x4 d:/windows_app/5.4 2016q3/bin/../lib/gcc/arm-none-eabi/5.4.1/armv7e-m/fpu\libgcc.a(_dvmd_tls.o)
                0x0002b57c                __aeabi_idiv0
                0x0002b57c                __aeabi_ldiv0
 *(.init)
 .init          0x0002b580        0x4 d:/windows_app/5.4 2016q3/bin/../lib/gcc/arm-none-eabi/5.4.1/armv7e-m/fpu/crti.o
                0x0002b580                _init
 .init          0x0002b584        0x8 d:/windows_app/5.4 2016q3/bin/../lib/gcc/arm-none-eabi/5.4.1/armv7e-m/fpu/crtn.o
 *(.fini)
 .fini          0x0002b58c        0x4 d:/windows_app/5.4 2016q3/bin/../lib/gcc/arm-none-eabi/5.4.1/armv7e-m/fpu/crti.o
                0x0002b58c                _fini
 .fini          0x0002b590        0x8 d:/windows_app/5.4 2016q3/bin/../lib/gcc/arm-none-eabi/5.4.1/armv7e-m/fpu/crtn.o
 *crtbegin.o(.ctors)
 *crtbegin?.o(.ctors)
 *(EXCLUDE_FILE(*crtend.o *crtend?.o) .ctors)
 *(SORT(.ctors.*))
 *(.ctors)
 *crtbegin.o(.dtors)
 *crtbegin?.o(.dtors)
 *(EXCLUDE_FILE(*crtend.o *crtend?.o) .dtors)
 *(SORT(.dtors.*))
 *(.dtors)
 *(.rodata*)
 .rodata.nrf_log_backend_rtt_api
                0x0002b598        0xc _build/nrf52832_xxaa/nrf_log_backend_rtt.c.o
                0x0002b598                nrf_log_backend_rtt_api
 .rodata.str1.4
                0x0002b5a4        0x4 _build/nrf52832_xxaa/nrf_log_frontend.c.o
 .rodata.mempool
                0x0002b5a8       0x14 _build/nrf52832_xxaa/nrf_log_frontend.c.o
 .rodata.severity_names
                0x0002b5bc       0x14 _build/nrf52832_xxaa/nrf_log_str_formatter.c.o
 .rodata.m_colors
                0x0002b5d0       0x24 _build/nrf52832_xxaa/nrf_log_str_formatter.c.o
 .rodata.str1.4
                0x0002b5f4       0x8e _build/nrf52832_xxaa/nrf_log_str_formatter.c.o
                                 0x92 (size before relaxing)
 *fill*         0x0002b682        0x2 
 .rodata.m_detection_delay_timer_id
                0x0002b684        0x4 _build/nrf52832_xxaa/app_button.c.o
 .rodata.str1.4
                0x0002b688       0x19 _build/nrf52832_xxaa/app_error_weak.c.o
 *fill*         0x0002b6a1        0x3 
 .rodata        0x0002b6a4       0x20 _build/nrf52832_xxaa/app_uart_fifo.c.o
 .rodata.str1.4
                0x0002b6c4        0x7 _build/nrf52832_xxaa/nrf_balloc.c.o
 *fill*         0x0002b6cb        0x1 
 .rodata._aV2C.6721
                0x0002b6cc       0x10 _build/nrf52832_xxaa/nrf_fprintf_format.c.o
 .rodata.str1.4
                0x0002b6dc        0x9 _build/nrf52832_xxaa/nrf_pwr_mgmt.c.o
 *fill*         0x0002b6e5        0x3 
 .rodata.str1.4
                0x0002b6e8      0x308 _build/nrf52832_xxaa/nrf_strerror.c.o
 .rodata.nrf_strerror_array
                0x0002b9f0       0xf0 _build/nrf52832_xxaa/nrf_strerror.c.o
 .rodata.m_unknown_str
                0x0002bae0       0x13 _build/nrf52832_xxaa/nrf_strerror.c.o
 *fill*         0x0002baf3        0x1 
 .rodata.m_board_btn_list
                0x0002baf4        0x4 _build/nrf52832_xxaa/boards.c.o
 .rodata.m_board_led_list
                0x0002baf8        0x4 _build/nrf52832_xxaa/boards.c.o
 .rodata.str1.4
                0x0002bafc        0x6 _build/nrf52832_xxaa/nrf_drv_clock.c.o
 *fill*         0x0002bb02        0x2 
 .rodata.str1.4
                0x0002bb04        0x7 _build/nrf52832_xxaa/nrf_drv_gpiote.c.o
 *fill*         0x0002bb0b        0x1 
 .rodata.str1.4
                0x0002bb0c        0x5 _build/nrf52832_xxaa/nrf_drv_uart.c.o
 *fill*         0x0002bb11        0x3 
 .rodata.m_button_timer_id
                0x0002bb14        0x4 _build/nrf52832_xxaa/bsp.c.o
 .rodata.app_buttons
                0x0002bb18       0x20 _build/nrf52832_xxaa/bsp.c.o
 .rodata.m_leds_timer_id
                0x0002bb38        0x4 _build/nrf52832_xxaa/bsp.c.o
 .rodata.m_alert_timer_id
                0x0002bb3c        0x4 _build/nrf52832_xxaa/bsp.c.o
 .rodata        0x0002bb40       0x18 _build/nrf52832_xxaa/main.c.o
 .rodata.str1.4
                0x0002bb58       0x90 _build/nrf52832_xxaa/main.c.o
 .rodata.str1.4
                0x0002bbe8       0x17 _build/nrf52832_xxaa/SEGGER_RTT.c.o
 *fill*         0x0002bbff        0x1 
 .rodata.str1.4
                0x0002bc00      0x139 _build/nrf52832_xxaa/nrf_ble_gatt.c.o
 *fill*         0x0002bd39        0x3 
 .rodata        0x0002bd3c       0x10 _build/nrf52832_xxaa/ble_nus.c.o
 .rodata        0x0002bd4c        0x4 _build/nrf52832_xxaa/nrf_sdh.c.o
 .rodata.sdh_req_observers
                0x0002bd50        0xc _build/nrf52832_xxaa/nrf_sdh.c.o
 .rodata.sdh_state_observers
                0x0002bd5c        0xc _build/nrf52832_xxaa/nrf_sdh.c.o
 .rodata.str1.4
                0x0002bd68        0x8 _build/nrf52832_xxaa/nrf_sdh.c.o
 .rodata.sdh_stack_observers
                0x0002bd70        0xc _build/nrf52832_xxaa/nrf_sdh.c.o
 .rodata.sdh_ble_observers
                0x0002bd7c        0xc _build/nrf52832_xxaa/nrf_sdh_ble.c.o
 .rodata.str1.4
                0x0002bd88      0x250 _build/nrf52832_xxaa/nrf_sdh_ble.c.o
 .rodata.sdh_soc_observers
                0x0002bfd8        0xc _build/nrf52832_xxaa/nrf_sdh_soc.c.o
 .rodata.str1.4
                0x0002bfe4        0xc _build/nrf52832_xxaa/nrf_sdh_soc.c.o
 .rodata._global_impure_ptr
                0x0002bff0        0x4 d:/windows_app/5.4 2016q3/bin/../lib/gcc/arm-none-eabi/5.4.1/../../../../arm-none-eabi/lib/armv7e-m/fpu\libc_nano.a(lib_a-impure.o)
                0x0002bff0                _global_impure_ptr
 .rodata.str1.1
                0x0002bff4        0xa d:/windows_app/5.4 2016q3/bin/../lib/gcc/arm-none-eabi/5.4.1/../../../../arm-none-eabi/lib/armv7e-m/fpu\libc_nano.a(lib_a-locale.o)
                                  0xb (size before relaxing)
 .rodata._ctype_
                0x0002bffe      0x101 d:/windows_app/5.4 2016q3/bin/../lib/gcc/arm-none-eabi/5.4.1/../../../../arm-none-eabi/lib/armv7e-m/fpu\libc_nano.a(lib_a-ctype_.o)
                0x0002bffe                _ctype_
 *fill*         0x0002c0ff        0x1 
 .rodata.__sf_fake_stdin
                0x0002c100       0x20 d:/windows_app/5.4 2016q3/bin/../lib/gcc/arm-none-eabi/5.4.1/../../../../arm-none-eabi/lib/armv7e-m/fpu\libc_nano.a(lib_a-findfp.o)
                0x0002c100                __sf_fake_stdin
 .rodata.__sf_fake_stdout
                0x0002c120       0x20 d:/windows_app/5.4 2016q3/bin/../lib/gcc/arm-none-eabi/5.4.1/../../../../arm-none-eabi/lib/armv7e-m/fpu\libc_nano.a(lib_a-findfp.o)
                0x0002c120                __sf_fake_stdout
 .rodata.__sf_fake_stderr
                0x0002c140       0x20 d:/windows_app/5.4 2016q3/bin/../lib/gcc/arm-none-eabi/5.4.1/../../../../arm-none-eabi/lib/armv7e-m/fpu\libc_nano.a(lib_a-findfp.o)
                0x0002c140                __sf_fake_stderr
 .rodata.str1.1
                0x0002c160       0x11 d:/windows_app/5.4 2016q3/bin/../lib/gcc/arm-none-eabi/5.4.1/../../../../arm-none-eabi/lib/armv7e-m/fpu\libc_nano.a(lib_a-nano-vfprintf.o)
 .rodata.str1.1
                0x0002c171       0x22 d:/windows_app/5.4 2016q3/bin/../lib/gcc/arm-none-eabi/5.4.1/../../../../arm-none-eabi/lib/armv7e-m/fpu\libc_nano.a(lib_a-nano-vfprintf_i.o)
 *(.eh_frame*)
 *fill*         0x0002c193        0x1 
 .eh_frame      0x0002c194        0x0 d:/windows_app/5.4 2016q3/bin/../lib/gcc/arm-none-eabi/5.4.1/armv7e-m/fpu/crtbegin.o
 .eh_frame      0x0002c194        0x4 d:/windows_app/5.4 2016q3/bin/../lib/gcc/arm-none-eabi/5.4.1/armv7e-m/fpu/crtend.o

.glue_7         0x0002c198        0x0
 .glue_7        0x0002c198        0x0 linker stubs

.glue_7t        0x0002c198        0x0
 .glue_7t       0x0002c198        0x0 linker stubs

.vfp11_veneer   0x0002c198        0x0
 .vfp11_veneer  0x0002c198        0x0 linker stubs

.v4_bx          0x0002c198        0x0
 .v4_bx         0x0002c198        0x0 linker stubs

.iplt           0x0002c198        0x0
 .iplt          0x0002c198        0x0 d:/windows_app/5.4 2016q3/bin/../lib/gcc/arm-none-eabi/5.4.1/armv7e-m/fpu/crtbegin.o

.mem_section_dummy_rom

.sdh_soc_observers
                0x0002c198       0x18
                0x0002c198                PROVIDE (__start_sdh_soc_observers, .)
 *(SORT(.sdh_soc_observers*))
 .sdh_soc_observers0
                0x0002c198        0x8 _build/nrf52832_xxaa/nrf_fstorage_sd.c.o
 .sdh_soc_observers0
                0x0002c1a0        0x8 _build/nrf52832_xxaa/nrf_drv_clock.c.o
 .sdh_soc_observers1
                0x0002c1a8        0x8 _build/nrf52832_xxaa/main.c.o
                0x0002c1b0                PROVIDE (__stop_sdh_soc_observers, .)

.sdh_ble_observers
                0x0002c1b0       0x38
                0x0002c1b0                PROVIDE (__start_sdh_ble_observers, .)
 *(SORT(.sdh_ble_observers*))
 .sdh_ble_observers0
                0x0002c1b0        0x8 _build/nrf52832_xxaa/ble_conn_state.c.o
 .sdh_ble_observers1
                0x0002c1b8        0x8 _build/nrf52832_xxaa/bsp_btn_ble.c.o
 .sdh_ble_observers1
                0x0002c1c0       0x10 _build/nrf52832_xxaa/main.c.o
 .sdh_ble_observers1
                0x0002c1d0        0x8 _build/nrf52832_xxaa/ble_conn_params.c.o
 .sdh_ble_observers2
                0x0002c1d8        0x8 _build/nrf52832_xxaa/main.c.o
 .sdh_ble_observers3
                0x0002c1e0        0x8 _build/nrf52832_xxaa/main.c.o
                0x0002c1e8                PROVIDE (__stop_sdh_ble_observers, .)

.pwr_mgmt_data  0x0002c1e8        0x0
                0x0002c1e8                PROVIDE (__start_pwr_mgmt_data, .)
 *(SORT(.pwr_mgmt_data*))
                0x0002c1e8                PROVIDE (__stop_pwr_mgmt_data, .)

.log_const_data
                0x0002c1e8       0x50
                0x0002c1e8                PROVIDE (__start_log_const_data, .)
 *(SORT(.log_const_data*))
 .log_const_data_app
                0x0002c1e8        0x8 _build/nrf52832_xxaa/nrf_log_frontend.c.o
                0x0002c1e8                m_nrf_log_app_logs_data_const
 .log_const_data_balloc
                0x0002c1f0        0x8 _build/nrf52832_xxaa/nrf_balloc.c.o
                0x0002c1f0                m_nrf_log_balloc_logs_data_const
 .log_const_data_ble_gatt
                0x0002c1f8        0x8 _build/nrf52832_xxaa/nrf_ble_gatt.c.o
                0x0002c1f8                m_nrf_log_ble_gatt_logs_data_const
 .log_const_data_clock
                0x0002c200        0x8 _build/nrf52832_xxaa/nrf_drv_clock.c.o
                0x0002c200                m_nrf_log_clock_logs_data_const
 .log_const_data_gpiote
                0x0002c208        0x8 _build/nrf52832_xxaa/nrf_drv_gpiote.c.o
                0x0002c208                m_nrf_log_gpiote_logs_data_const
 .log_const_data_nrf_sdh
                0x0002c210        0x8 _build/nrf52832_xxaa/nrf_sdh.c.o
                0x0002c210                m_nrf_log_nrf_sdh_logs_data_const
 .log_const_data_nrf_sdh_ble
                0x0002c218        0x8 _build/nrf52832_xxaa/nrf_sdh_ble.c.o
                0x0002c218                m_nrf_log_nrf_sdh_ble_logs_data_const
 .log_const_data_nrf_sdh_soc
                0x0002c220        0x8 _build/nrf52832_xxaa/nrf_sdh_soc.c.o
                0x0002c220                m_nrf_log_nrf_sdh_soc_logs_data_const
 .log_const_data_pwr_mgmt
                0x0002c228        0x8 _build/nrf52832_xxaa/nrf_pwr_mgmt.c.o
                0x0002c228                m_nrf_log_pwr_mgmt_logs_data_const
 .log_const_data_uart
                0x0002c230        0x8 _build/nrf52832_xxaa/nrf_drv_uart.c.o
                0x0002c230                m_nrf_log_uart_logs_data_const
                0x0002c238                PROVIDE (__stop_log_const_data, .)

.sdh_req_observers
                0x0002c238        0x8
                0x0002c238                PROVIDE (__start_sdh_req_observers, .)
 *(SORT(.sdh_req_observers*))
 .sdh_req_observers0
                0x0002c238        0x8 _build/nrf52832_xxaa/nrf_fstorage_sd.c.o
                0x0002c238                m_req_obs
                0x0002c240                PROVIDE (__stop_sdh_req_observers, .)

.sdh_state_observers
                0x0002c240       0x10
                0x0002c240                PROVIDE (__start_sdh_state_observers, .)
 *(SORT(.sdh_state_observers*))
 .sdh_state_observers0
                0x0002c240        0x8 _build/nrf52832_xxaa/nrf_fstorage_sd.c.o
 .sdh_state_observers0
                0x0002c248        0x8 _build/nrf52832_xxaa/nrf_drv_clock.c.o
                0x0002c250                PROVIDE (__stop_sdh_state_observers, .)

.sdh_stack_observers
                0x0002c250       0x10
                0x0002c250                PROVIDE (__start_sdh_stack_observers, .)
 *(SORT(.sdh_stack_observers*))
 .sdh_stack_observers0
                0x0002c250        0x8 _build/nrf52832_xxaa/nrf_sdh_ble.c.o
 .sdh_stack_observers0
                0x0002c258        0x8 _build/nrf52832_xxaa/nrf_sdh_soc.c.o
                0x0002c260                PROVIDE (__stop_sdh_stack_observers, .)

.cli_command    0x0002c260        0x0
                [!provide]                PROVIDE (__start_cli_command, .)
 *(.cli_command)
                [!provide]                PROVIDE (__stop_cli_command, .)

.ARM.extab
 *(.ARM.extab* .gnu.linkonce.armextab.*)
                0x0002c260                __exidx_start = .

.ARM.exidx      0x0002c260        0x8
 *(.ARM.exidx* .gnu.linkonce.armexidx.*)
 .ARM.exidx     0x0002c260        0x8 d:/windows_app/5.4 2016q3/bin/../lib/gcc/arm-none-eabi/5.4.1/../../../../arm-none-eabi/lib/armv7e-m/fpu/crt0.o
 .ARM.exidx     0x0002c268        0x0 d:/windows_app/5.4 2016q3/bin/../lib/gcc/arm-none-eabi/5.4.1/armv7e-m/fpu\libgcc.a(_udivmoddi4.o)
                                  0x8 (size before relaxing)
                0x0002c268                __exidx_end = .
                0x0002c268                __etext = .

.rel.dyn        0x0002c268        0x0
 .rel.iplt      0x0002c268        0x0 d:/windows_app/5.4 2016q3/bin/../lib/gcc/arm-none-eabi/5.4.1/armv7e-m/fpu/crtbegin.o

.data           0x20002a68      0x1fc load address 0x0002c268
                0x20002a68                __data_start__ = .
 *(vtable)
 *(.data*)
 .data.rtt_log_backend
                0x20002a68        0xc _build/nrf52832_xxaa/nrf_log_default_backends.c.o
 .data.app_uart_inst
                0x20002a74        0x8 _build/nrf52832_xxaa/app_uart_fifo.c.o
 .data.m_adv_uuids
                0x20002a7c        0x4 _build/nrf52832_xxaa/main.c.o
 .data.m_conn_handle
                0x20002a80        0x2 _build/nrf52832_xxaa/main.c.o
 .data.m_ble_nus_max_data_len
                0x20002a82        0x2 _build/nrf52832_xxaa/main.c.o
 .data.SystemCoreClock
                0x20002a84        0x4 _build/nrf52832_xxaa/system_nrf52.c.o
                0x20002a84                SystemCoreClock
 .data.impure_data
                0x20002a88       0x60 d:/windows_app/5.4 2016q3/bin/../lib/gcc/arm-none-eabi/5.4.1/../../../../arm-none-eabi/lib/armv7e-m/fpu\libc_nano.a(lib_a-impure.o)
 .data._impure_ptr
                0x20002ae8        0x4 d:/windows_app/5.4 2016q3/bin/../lib/gcc/arm-none-eabi/5.4.1/../../../../arm-none-eabi/lib/armv7e-m/fpu\libc_nano.a(lib_a-impure.o)
                0x20002ae8                _impure_ptr
 .data.__global_locale
                0x20002aec      0x16c d:/windows_app/5.4 2016q3/bin/../lib/gcc/arm-none-eabi/5.4.1/../../../../arm-none-eabi/lib/armv7e-m/fpu\libc_nano.a(lib_a-locale.o)
                0x20002aec                __global_locale
                0x20002c58                . = ALIGN (0x4)
                0x20002c58                PROVIDE (__preinit_array_start, .)
 *(.preinit_array)
                0x20002c58                PROVIDE (__preinit_array_end, .)
                0x20002c58                . = ALIGN (0x4)
                0x20002c58                PROVIDE (__init_array_start, .)
 *(SORT(.init_array.*))
 *(.init_array)
 .init_array    0x20002c58        0x4 d:/windows_app/5.4 2016q3/bin/../lib/gcc/arm-none-eabi/5.4.1/armv7e-m/fpu/crtbegin.o
                0x20002c5c                PROVIDE (__init_array_end, .)
                0x20002c5c                . = ALIGN (0x4)
                [!provide]                PROVIDE (__fini_array_start, .)
 *(SORT(.fini_array.*))
 *(.fini_array)
 .fini_array    0x20002c5c        0x4 d:/windows_app/5.4 2016q3/bin/../lib/gcc/arm-none-eabi/5.4.1/armv7e-m/fpu/crtbegin.o
                [!provide]                PROVIDE (__fini_array_end, .)
 *(.jcr*)
 .jcr           0x20002c60        0x0 d:/windows_app/5.4 2016q3/bin/../lib/gcc/arm-none-eabi/5.4.1/armv7e-m/fpu/crtbegin.o
 .jcr           0x20002c60        0x4 d:/windows_app/5.4 2016q3/bin/../lib/gcc/arm-none-eabi/5.4.1/armv7e-m/fpu/crtend.o
                0x20002c64                . = ALIGN (0x4)
                0x20002c64                __data_end__ = .
LOAD d:/windows_app/5.4 2016q3/bin/../lib/gcc/arm-none-eabi/5.4.1/armv7e-m/fpu/crti.o
LOAD d:/windows_app/5.4 2016q3/bin/../lib/gcc/arm-none-eabi/5.4.1/armv7e-m/fpu/crtbegin.o
LOAD d:/windows_app/5.4 2016q3/bin/../lib/gcc/arm-none-eabi/5.4.1/../../../../arm-none-eabi/lib/armv7e-m/fpu/crt0.o
LOAD _build/nrf52832_xxaa/nrf_log_backend_rtt.c.o
LOAD _build/nrf52832_xxaa/nrf_log_backend_serial.c.o
LOAD _build/nrf52832_xxaa/nrf_log_backend_uart.c.o
LOAD _build/nrf52832_xxaa/nrf_log_default_backends.c.o
LOAD _build/nrf52832_xxaa/nrf_log_frontend.c.o
LOAD _build/nrf52832_xxaa/nrf_log_str_formatter.c.o
LOAD _build/nrf52832_xxaa/app_button.c.o
LOAD _build/nrf52832_xxaa/app_error.c.o
LOAD _build/nrf52832_xxaa/app_error_weak.c.o
LOAD _build/nrf52832_xxaa/app_fifo.c.o
LOAD _build/nrf52832_xxaa/app_scheduler.c.o
LOAD _build/nrf52832_xxaa/app_timer.c.o
LOAD _build/nrf52832_xxaa/app_uart_fifo.c.o
LOAD _build/nrf52832_xxaa/app_util_platform.c.o
LOAD _build/nrf52832_xxaa/hardfault_implementation.c.o
LOAD _build/nrf52832_xxaa/nrf_assert.c.o
LOAD _build/nrf52832_xxaa/nrf_atfifo.c.o
LOAD _build/nrf52832_xxaa/nrf_balloc.c.o
LOAD _build/nrf52832_xxaa/nrf_fprintf.c.o
LOAD _build/nrf52832_xxaa/nrf_fprintf_format.c.o
LOAD _build/nrf52832_xxaa/nrf_fstorage.c.o
LOAD _build/nrf52832_xxaa/nrf_fstorage_sd.c.o
LOAD _build/nrf52832_xxaa/nrf_memobj.c.o
LOAD _build/nrf52832_xxaa/nrf_pwr_mgmt.c.o
LOAD _build/nrf52832_xxaa/nrf_section_iter.c.o
LOAD _build/nrf52832_xxaa/nrf_strerror.c.o
LOAD _build/nrf52832_xxaa/retarget.c.o
LOAD _build/nrf52832_xxaa/sdk_mapped_flags.c.o
LOAD _build/nrf52832_xxaa/boards.c.o
LOAD _build/nrf52832_xxaa/nrf_drv_clock.c.o
LOAD _build/nrf52832_xxaa/nrf_drv_common.c.o
LOAD _build/nrf52832_xxaa/nrf_drv_gpiote.c.o
LOAD _build/nrf52832_xxaa/nrf_drv_uart.c.o
LOAD _build/nrf52832_xxaa/bsp.c.o
LOAD _build/nrf52832_xxaa/bsp_btn_ble.c.o
LOAD _build/nrf52832_xxaa/bsp_nfc.c.o
LOAD _build/nrf52832_xxaa/main.c.o
LOAD _build/nrf52832_xxaa/SEGGER_RTT.c.o
LOAD _build/nrf52832_xxaa/SEGGER_RTT_Syscalls_GCC.c.o
LOAD _build/nrf52832_xxaa/SEGGER_RTT_printf.c.o
LOAD _build/nrf52832_xxaa/ble_advdata.c.o
LOAD _build/nrf52832_xxaa/ble_advertising.c.o
LOAD _build/nrf52832_xxaa/ble_conn_params.c.o
LOAD _build/nrf52832_xxaa/ble_conn_state.c.o
LOAD _build/nrf52832_xxaa/ble_srv_common.c.o
LOAD _build/nrf52832_xxaa/nrf_ble_gatt.c.o
LOAD _build/nrf52832_xxaa/gcc_startup_nrf52.S.o
LOAD _build/nrf52832_xxaa/system_nrf52.c.o
LOAD _build/nrf52832_xxaa/ble_nus.c.o
LOAD _build/nrf52832_xxaa/nrf_sdh.c.o
LOAD _build/nrf52832_xxaa/nrf_sdh_ble.c.o
LOAD _build/nrf52832_xxaa/nrf_sdh_soc.c.o
LOAD d:/windows_app/5.4 2016q3/bin/../lib/gcc/arm-none-eabi/5.4.1/../../../../arm-none-eabi/lib/armv7e-m/fpu\libc_nano.a
LOAD d:/windows_app/5.4 2016q3/bin/../lib/gcc/arm-none-eabi/5.4.1/../../../../arm-none-eabi/lib/armv7e-m/fpu\libnosys.a
LOAD d:/windows_app/5.4 2016q3/bin/../lib/gcc/arm-none-eabi/5.4.1/../../../../arm-none-eabi/lib/armv7e-m/fpu\libm.a
START GROUP
LOAD d:/windows_app/5.4 2016q3/bin/../lib/gcc/arm-none-eabi/5.4.1/armv7e-m/fpu\libgcc.a
LOAD d:/windows_app/5.4 2016q3/bin/../lib/gcc/arm-none-eabi/5.4.1/../../../../arm-none-eabi/lib/armv7e-m/fpu\libg_nano.a
LOAD d:/windows_app/5.4 2016q3/bin/../lib/gcc/arm-none-eabi/5.4.1/../../../../arm-none-eabi/lib/armv7e-m/fpu\libc_nano.a
END GROUP
START GROUP
LOAD d:/windows_app/5.4 2016q3/bin/../lib/gcc/arm-none-eabi/5.4.1/armv7e-m/fpu\libgcc.a
LOAD d:/windows_app/5.4 2016q3/bin/../lib/gcc/arm-none-eabi/5.4.1/../../../../arm-none-eabi/lib/armv7e-m/fpu\libc_nano.a
END GROUP
LOAD d:/windows_app/5.4 2016q3/bin/../lib/gcc/arm-none-eabi/5.4.1/armv7e-m/fpu/crtend.o
LOAD d:/windows_app/5.4 2016q3/bin/../lib/gcc/arm-none-eabi/5.4.1/armv7e-m/fpu/crtn.o
START GROUP
LOAD d:/windows_app/5.4 2016q3/bin/../lib/gcc/arm-none-eabi/5.4.1/armv7e-m/fpu\libgcc.a
LOAD d:/windows_app/5.4 2016q3/bin/../lib/gcc/arm-none-eabi/5.4.1/../../../../arm-none-eabi/lib/armv7e-m/fpu\libc.a
LOAD d:/windows_app/5.4 2016q3/bin/../lib/gcc/arm-none-eabi/5.4.1/../../../../arm-none-eabi/lib/armv7e-m/fpu\libnosys.a
END GROUP

.igot.plt       0x20002c64        0x0 load address 0x0002c464
 .igot.plt      0x20002c64        0x0 d:/windows_app/5.4 2016q3/bin/../lib/gcc/arm-none-eabi/5.4.1/armv7e-m/fpu/crtbegin.o
                0x20002c64                . = ALIGN (0x4)

.mem_section_dummy_ram

.log_dynamic_data
                0x20002c64       0x78 load address 0x0002c464
                0x20002c64                PROVIDE (__start_log_dynamic_data, .)
 *(SORT(.log_dynamic_data*))
 .log_dynamic_data_app
                0x20002c64        0xc _build/nrf52832_xxaa/nrf_log_frontend.c.o
                0x20002c64                m_nrf_log_app_logs_data_dynamic
 .log_dynamic_data_balloc
                0x20002c70        0xc _build/nrf52832_xxaa/nrf_balloc.c.o
                0x20002c70                m_nrf_log_balloc_logs_data_dynamic
 .log_dynamic_data_ble_gatt
                0x20002c7c        0xc _build/nrf52832_xxaa/nrf_ble_gatt.c.o
                0x20002c7c                m_nrf_log_ble_gatt_logs_data_dynamic
 .log_dynamic_data_clock
                0x20002c88        0xc _build/nrf52832_xxaa/nrf_drv_clock.c.o
                0x20002c88                m_nrf_log_clock_logs_data_dynamic
 .log_dynamic_data_gpiote
                0x20002c94        0xc _build/nrf52832_xxaa/nrf_drv_gpiote.c.o
                0x20002c94                m_nrf_log_gpiote_logs_data_dynamic
 .log_dynamic_data_nrf_sdh
                0x20002ca0        0xc _build/nrf52832_xxaa/nrf_sdh.c.o
                0x20002ca0                m_nrf_log_nrf_sdh_logs_data_dynamic
 .log_dynamic_data_nrf_sdh_ble
                0x20002cac        0xc _build/nrf52832_xxaa/nrf_sdh_ble.c.o
                0x20002cac                m_nrf_log_nrf_sdh_ble_logs_data_dynamic
 .log_dynamic_data_nrf_sdh_soc
                0x20002cb8        0xc _build/nrf52832_xxaa/nrf_sdh_soc.c.o
                0x20002cb8                m_nrf_log_nrf_sdh_soc_logs_data_dynamic
 .log_dynamic_data_pwr_mgmt
                0x20002cc4        0xc _build/nrf52832_xxaa/nrf_pwr_mgmt.c.o
                0x20002cc4                m_nrf_log_pwr_mgmt_logs_data_dynamic
 .log_dynamic_data_uart
                0x20002cd0        0xc _build/nrf52832_xxaa/nrf_drv_uart.c.o
                0x20002cd0                m_nrf_log_uart_logs_data_dynamic
                [!provide]                PROVIDE (__stop_log_dynamic_data, .)

.fs_data        0x20002cdc        0x0
                0x20002cdc                PROVIDE (__start_fs_data, .)
 *(.fs_data)
                0x20002cdc                PROVIDE (__stop_fs_data, .)

.cli_sorted_cmd_ptrs
                0x20002cdc        0x0
                [!provide]                PROVIDE (__start_cli_sorted_cmd_ptrs, .)
 *(.cli_sorted_cmd_ptrs)
                [!provide]                PROVIDE (__stop_cli_sorted_cmd_ptrs, .)

.bss            0x20002cdc      0xfd0 load address 0x0002c4dc
                0x20002cdc                . = ALIGN (0x4)
                0x20002cdc                __bss_start__ = .
 *(.bss*)
 .bss           0x20002cdc       0x1c d:/windows_app/5.4 2016q3/bin/../lib/gcc/arm-none-eabi/5.4.1/armv7e-m/fpu/crtbegin.o
 .bss.m_string_buff
                0x20002cf8       0x40 _build/nrf52832_xxaa/nrf_log_backend_rtt.c.o
 .bss.m_log_data
                0x20002d38      0x420 _build/nrf52832_xxaa/nrf_log_frontend.c.o
 .bss.mempool_nrf_balloc_cb
                0x20003158        0x8 _build/nrf52832_xxaa/nrf_log_frontend.c.o
 .bss.mempool_nrf_balloc_pool_stack
                0x20003160        0x8 _build/nrf52832_xxaa/nrf_log_frontend.c.o
 .bss.mempool_nrf_balloc_pool_mem
                0x20003168       0xc0 _build/nrf52832_xxaa/nrf_log_frontend.c.o
 .bss.m_detection_delay
                0x20003228        0x4 _build/nrf52832_xxaa/app_button.c.o
 .bss.mp_buttons
                0x2000322c        0x4 _build/nrf52832_xxaa/app_button.c.o
 .bss.m_button_count
                0x20003230        0x1 _build/nrf52832_xxaa/app_button.c.o
 *fill*         0x20003231        0x3 
 .bss.m_detection_delay_timer_id_data
                0x20003234       0x20 _build/nrf52832_xxaa/app_button.c.o
 .bss.m_pin_state
                0x20003254        0x4 _build/nrf52832_xxaa/app_button.c.o
 .bss.m_pin_transition
                0x20003258        0x4 _build/nrf52832_xxaa/app_button.c.o
 .bss.m_ticks_latest
                0x2000325c        0x4 _build/nrf52832_xxaa/app_timer.c.o
 .bss.mp_timer_id_head
                0x20003260        0x4 _build/nrf52832_xxaa/app_timer.c.o
 .bss.m_ticks_elapsed_q_read_ind
                0x20003264        0x1 _build/nrf52832_xxaa/app_timer.c.o
 .bss.m_ticks_elapsed_q_write_ind
                0x20003265        0x1 _build/nrf52832_xxaa/app_timer.c.o
 .bss.m_rtc1_reset
                0x20003266        0x1 _build/nrf52832_xxaa/app_timer.c.o
 *fill*         0x20003267        0x1 
 .bss.m_op_queue
                0x20003268      0x10c _build/nrf52832_xxaa/app_timer.c.o
 .bss.m_ticks_elapsed
                0x20003374        0x8 _build/nrf52832_xxaa/app_timer.c.o
 .bss.m_rtc1_running
                0x2000337c        0x1 _build/nrf52832_xxaa/app_timer.c.o
 *fill*         0x2000337d        0x3 
 .bss.tx_buffer
                0x20003380        0x1 _build/nrf52832_xxaa/app_uart_fifo.c.o
 *fill*         0x20003381        0x3 
 .bss.m_event_handler
                0x20003384        0x4 _build/nrf52832_xxaa/app_uart_fifo.c.o
 .bss.rx_buffer
                0x20003388        0x1 _build/nrf52832_xxaa/app_uart_fifo.c.o
 *fill*         0x20003389        0x3 
 .bss.m_tx_fifo
                0x2000338c       0x10 _build/nrf52832_xxaa/app_uart_fifo.c.o
 .bss.m_rx_ovf  0x2000339c        0x1 _build/nrf52832_xxaa/app_uart_fifo.c.o
 *fill*         0x2000339d        0x3 
 .bss.m_rx_fifo
                0x200033a0       0x10 _build/nrf52832_xxaa/app_uart_fifo.c.o
 .bss.m_fifo_inst
                0x200033b0       0x10 _build/nrf52832_xxaa/nrf_fstorage_sd.c.o
 .bss.m_iget_ctx
                0x200033c0        0x4 _build/nrf52832_xxaa/nrf_fstorage_sd.c.o
 .bss.m_p_cur_op
                0x200033c4        0x4 _build/nrf52832_xxaa/nrf_fstorage_sd.c.o
 .bss.m_flags   0x200033c8       0x14 _build/nrf52832_xxaa/nrf_fstorage_sd.c.o
 .bss.m_clock_cb
                0x200033dc       0x14 _build/nrf52832_xxaa/nrf_drv_clock.c.o
 .bss.m_cb      0x200033f0       0x58 _build/nrf52832_xxaa/nrf_drv_gpiote.c.o
 .bss.m_cb      0x20003448       0x20 _build/nrf52832_xxaa/nrf_drv_uart.c.o
 .bss.m_leds_timer_id_data
                0x20003468       0x20 _build/nrf52832_xxaa/bsp.c.o
 .bss.current_long_push_pin_no.7314
                0x20003488        0x1 _build/nrf52832_xxaa/bsp.c.o
 .bss.m_alert_on
                0x20003489        0x1 _build/nrf52832_xxaa/bsp.c.o
 *fill*         0x2000348a        0x2 
 .bss.m_indication_type
                0x2000348c        0x4 _build/nrf52832_xxaa/bsp.c.o
 .bss.release_event_at_push.7315
                0x20003490        0x4 _build/nrf52832_xxaa/bsp.c.o
 .bss.m_leds_clear
                0x20003494        0x1 _build/nrf52832_xxaa/bsp.c.o
 *fill*         0x20003495        0x3 
 .bss.m_registered_callback
                0x20003498        0x4 _build/nrf52832_xxaa/bsp.c.o
 .bss.m_button_timer_id_data
                0x2000349c       0x20 _build/nrf52832_xxaa/bsp.c.o
 .bss.m_stable_state
                0x200034bc        0x1 _build/nrf52832_xxaa/bsp.c.o
 *fill*         0x200034bd        0x3 
 .bss.m_alert_timer_id_data
                0x200034c0       0x20 _build/nrf52832_xxaa/bsp.c.o
 .bss.m_events_list
                0x200034e0        0xc _build/nrf52832_xxaa/bsp.c.o
 .bss.m_error_handler
                0x200034ec        0x4 _build/nrf52832_xxaa/bsp_btn_ble.c.o
 .bss.m_num_connections
                0x200034f0        0x4 _build/nrf52832_xxaa/bsp_btn_ble.c.o
 .bss.index.10396
                0x200034f4        0x1 _build/nrf52832_xxaa/main.c.o
 *fill*         0x200034f5        0x3 
 .bss.data_array.10395
                0x200034f8       0xf4 _build/nrf52832_xxaa/main.c.o
 .bss.m_advertising
                0x200035ec       0xd8 _build/nrf52832_xxaa/main.c.o
 .bss.m_gatt    0x200036c4       0x14 _build/nrf52832_xxaa/main.c.o
 .bss.rx_buf.10413
                0x200036d8      0x100 _build/nrf52832_xxaa/main.c.o
 .bss.m_nus     0x200037d8       0x1c _build/nrf52832_xxaa/main.c.o
 .bss.tx_buf.10414
                0x200037f4      0x100 _build/nrf52832_xxaa/main.c.o
 .bss._acDownBuffer
                0x200038f4       0x10 _build/nrf52832_xxaa/SEGGER_RTT.c.o
 .bss._acUpBuffer
                0x20003904      0x200 _build/nrf52832_xxaa/SEGGER_RTT.c.o
 .bss.m_conn_params_config
                0x20003b04       0x1c _build/nrf52832_xxaa/ble_conn_params.c.o
 .bss.m_conn_params_instances
                0x20003b20       0x14 _build/nrf52832_xxaa/ble_conn_params.c.o
 .bss.m_timer_data
                0x20003b34       0x20 _build/nrf52832_xxaa/ble_conn_params.c.o
 .bss.m_preferred_conn_params
                0x20003b54        0x8 _build/nrf52832_xxaa/ble_conn_params.c.o
 .bss.m_bcs     0x20003b5c       0xb8 _build/nrf52832_xxaa/ble_conn_state.c.o
 .bss.m_nrf_sdh_enabled
                0x20003c14        0x1 _build/nrf52832_xxaa/nrf_sdh.c.o
 .bss.m_nrf_sdh_continue
                0x20003c15        0x1 _build/nrf52832_xxaa/nrf_sdh.c.o
 .bss.m_nrf_sdh_suspended
                0x20003c16        0x1 _build/nrf52832_xxaa/nrf_sdh.c.o
 *fill*         0x20003c17        0x1 
 .bss.__malloc_sbrk_start
                0x20003c18        0x4 d:/windows_app/5.4 2016q3/bin/../lib/gcc/arm-none-eabi/5.4.1/../../../../arm-none-eabi/lib/armv7e-m/fpu\libc_nano.a(lib_a-nano-mallocr.o)
                0x20003c18                __malloc_sbrk_start
 .bss.__malloc_free_list
                0x20003c1c        0x4 d:/windows_app/5.4 2016q3/bin/../lib/gcc/arm-none-eabi/5.4.1/../../../../arm-none-eabi/lib/armv7e-m/fpu\libc_nano.a(lib_a-nano-mallocr.o)
                0x20003c1c                __malloc_free_list
 .bss.heap_end.4169
                0x20003c20        0x4 d:/windows_app/5.4 2016q3/bin/../lib/gcc/arm-none-eabi/5.4.1/../../../../arm-none-eabi/lib/armv7e-m/fpu\libnosys.a(sbrk.o)
 *(COMMON)
 COMMON         0x20003c24        0xc _build/nrf52832_xxaa/app_util_platform.c.o
                0x20003c24                nrf_nvic_state
 COMMON         0x20003c30       0x78 _build/nrf52832_xxaa/SEGGER_RTT.c.o
                0x20003c30                _SEGGER_RTT
 COMMON         0x20003ca8        0x4 d:/windows_app/5.4 2016q3/bin/../lib/gcc/arm-none-eabi/5.4.1/../../../../arm-none-eabi/lib/armv7e-m/fpu\libc_nano.a(lib_a-reent.o)
                0x20003ca8                errno
                0x20003cac                . = ALIGN (0x4)
                0x20003cac                __bss_end__ = .

.heap           0x20003cb0     0x2000
                0x20003cb0                __HeapBase = .
                0x20003cb0                __end__ = .
                0x20003cb0                PROVIDE (end, .)
 *(.heap*)
 .heap          0x20003cb0     0x2000 _build/nrf52832_xxaa/gcc_startup_nrf52.S.o
                0x20005cb0                __HeapLimit = .

.stack_dummy    0x20003cb0     0x2000
 *(.stack*)
 .stack         0x20003cb0     0x2000 _build/nrf52832_xxaa/gcc_startup_nrf52.S.o
                0x20010000                __StackTop = (ORIGIN (RAM) + LENGTH (RAM))
                0x2000e000                __StackLimit = (__StackTop - SIZEOF (.stack_dummy))
                0x20010000                PROVIDE (__stack, __StackTop)
                0x00000001                ASSERT ((__StackLimit >= __HeapLimit), region RAM overflowed with stack)
                0x00000274                DataInitFlashUsed = (__bss_start__ - __data_start__)
                0x00009268                CodeFlashUsed = (__etext - ORIGIN (FLASH))
                0x000094dc                TotalFlashUsed = (CodeFlashUsed + DataInitFlashUsed)
                0x00000001                ASSERT ((TotalFlashUsed <= LENGTH (FLASH)), region FLASH overflowed with .data and user data)
OUTPUT(_build/nrf52832_xxaa.out elf32-littlearm)

.ARM.attributes
                0x00000000       0x30
 .ARM.attributes
                0x00000000       0x22 d:/windows_app/5.4 2016q3/bin/../lib/gcc/arm-none-eabi/5.4.1/armv7e-m/fpu/crti.o
 .ARM.attributes
                0x00000022       0x34 d:/windows_app/5.4 2016q3/bin/../lib/gcc/arm-none-eabi/5.4.1/armv7e-m/fpu/crtbegin.o
 .ARM.attributes
                0x00000056       0x20 d:/windows_app/5.4 2016q3/bin/../lib/gcc/arm-none-eabi/5.4.1/../../../../arm-none-eabi/lib/armv7e-m/fpu/crt0.o
 .ARM.attributes
                0x00000076       0x39 _build/nrf52832_xxaa/nrf_log_backend_rtt.c.o
 .ARM.attributes
                0x000000af       0x39 _build/nrf52832_xxaa/nrf_log_backend_serial.c.o
 .ARM.attributes
                0x000000e8       0x39 _build/nrf52832_xxaa/nrf_log_default_backends.c.o
 .ARM.attributes
                0x00000121       0x39 _build/nrf52832_xxaa/nrf_log_frontend.c.o
 .ARM.attributes
                0x0000015a       0x39 _build/nrf52832_xxaa/nrf_log_str_formatter.c.o
 .ARM.attributes
                0x00000193       0x39 _build/nrf52832_xxaa/app_button.c.o
 .ARM.attributes
                0x000001cc       0x39 _build/nrf52832_xxaa/app_error.c.o
 .ARM.attributes
                0x00000205       0x39 _build/nrf52832_xxaa/app_error_weak.c.o
 .ARM.attributes
                0x0000023e       0x39 _build/nrf52832_xxaa/app_fifo.c.o
 .ARM.attributes
                0x00000277       0x39 _build/nrf52832_xxaa/app_timer.c.o
 .ARM.attributes
                0x000002b0       0x39 _build/nrf52832_xxaa/app_uart_fifo.c.o
 .ARM.attributes
                0x000002e9       0x39 _build/nrf52832_xxaa/app_util_platform.c.o
 .ARM.attributes
                0x00000322       0x39 _build/nrf52832_xxaa/nrf_atfifo.c.o
 .ARM.attributes
                0x0000035b       0x39 _build/nrf52832_xxaa/nrf_balloc.c.o
 .ARM.attributes
                0x00000394       0x39 _build/nrf52832_xxaa/nrf_fprintf.c.o
 .ARM.attributes
                0x000003cd       0x39 _build/nrf52832_xxaa/nrf_fprintf_format.c.o
 .ARM.attributes
                0x00000406       0x39 _build/nrf52832_xxaa/nrf_fstorage.c.o
 .ARM.attributes
                0x0000043f       0x39 _build/nrf52832_xxaa/nrf_fstorage_sd.c.o
 .ARM.attributes
                0x00000478       0x39 _build/nrf52832_xxaa/nrf_memobj.c.o
 .ARM.attributes
                0x000004b1       0x39 _build/nrf52832_xxaa/nrf_pwr_mgmt.c.o
 .ARM.attributes
                0x000004ea       0x39 _build/nrf52832_xxaa/nrf_section_iter.c.o
 .ARM.attributes
                0x00000523       0x39 _build/nrf52832_xxaa/nrf_strerror.c.o
 .ARM.attributes
                0x0000055c       0x39 _build/nrf52832_xxaa/retarget.c.o
 .ARM.attributes
                0x00000595       0x39 _build/nrf52832_xxaa/sdk_mapped_flags.c.o
 .ARM.attributes
                0x000005ce       0x39 _build/nrf52832_xxaa/boards.c.o
 .ARM.attributes
                0x00000607       0x39 _build/nrf52832_xxaa/nrf_drv_clock.c.o
 .ARM.attributes
                0x00000640       0x39 _build/nrf52832_xxaa/nrf_drv_common.c.o
 .ARM.attributes
                0x00000679       0x39 _build/nrf52832_xxaa/nrf_drv_gpiote.c.o
 .ARM.attributes
                0x000006b2       0x39 _build/nrf52832_xxaa/nrf_drv_uart.c.o
 .ARM.attributes
                0x000006eb       0x39 _build/nrf52832_xxaa/bsp.c.o
 .ARM.attributes
                0x00000724       0x39 _build/nrf52832_xxaa/bsp_btn_ble.c.o
 .ARM.attributes
                0x0000075d       0x39 _build/nrf52832_xxaa/main.c.o
 .ARM.attributes
                0x00000796       0x39 _build/nrf52832_xxaa/SEGGER_RTT.c.o
 .ARM.attributes
                0x000007cf       0x39 _build/nrf52832_xxaa/ble_advdata.c.o
 .ARM.attributes
                0x00000808       0x39 _build/nrf52832_xxaa/ble_advertising.c.o
 .ARM.attributes
                0x00000841       0x39 _build/nrf52832_xxaa/ble_conn_params.c.o
 .ARM.attributes
                0x0000087a       0x39 _build/nrf52832_xxaa/ble_conn_state.c.o
 .ARM.attributes
                0x000008b3       0x39 _build/nrf52832_xxaa/ble_srv_common.c.o
 .ARM.attributes
                0x000008ec       0x39 _build/nrf52832_xxaa/nrf_ble_gatt.c.o
 .ARM.attributes
                0x00000925       0x20 _build/nrf52832_xxaa/gcc_startup_nrf52.S.o
 .ARM.attributes
                0x00000945       0x39 _build/nrf52832_xxaa/system_nrf52.c.o
 .ARM.attributes
                0x0000097e       0x39 _build/nrf52832_xxaa/ble_nus.c.o
 .ARM.attributes
                0x000009b7       0x39 _build/nrf52832_xxaa/nrf_sdh.c.o
 .ARM.attributes
                0x000009f0       0x39 _build/nrf52832_xxaa/nrf_sdh_ble.c.o
 .ARM.attributes
                0x00000a29       0x39 _build/nrf52832_xxaa/nrf_sdh_soc.c.o
 .ARM.attributes
                0x00000a62       0x34 d:/windows_app/5.4 2016q3/bin/../lib/gcc/arm-none-eabi/5.4.1/../../../../arm-none-eabi/lib/armv7e-m/fpu\libc_nano.a(lib_a-exit.o)
 .ARM.attributes
                0x00000a96       0x34 d:/windows_app/5.4 2016q3/bin/../lib/gcc/arm-none-eabi/5.4.1/../../../../arm-none-eabi/lib/armv7e-m/fpu\libc_nano.a(lib_a-impure.o)
 .ARM.attributes
                0x00000aca       0x34 d:/windows_app/5.4 2016q3/bin/../lib/gcc/arm-none-eabi/5.4.1/../../../../arm-none-eabi/lib/armv7e-m/fpu\libc_nano.a(lib_a-init.o)
 .ARM.attributes
                0x00000afe       0x34 d:/windows_app/5.4 2016q3/bin/../lib/gcc/arm-none-eabi/5.4.1/../../../../arm-none-eabi/lib/armv7e-m/fpu\libc_nano.a(lib_a-locale.o)
 .ARM.attributes
                0x00000b32       0x34 d:/windows_app/5.4 2016q3/bin/../lib/gcc/arm-none-eabi/5.4.1/../../../../arm-none-eabi/lib/armv7e-m/fpu\libc_nano.a(lib_a-mbtowc_r.o)
 .ARM.attributes
                0x00000b66       0x34 d:/windows_app/5.4 2016q3/bin/../lib/gcc/arm-none-eabi/5.4.1/../../../../arm-none-eabi/lib/armv7e-m/fpu\libc_nano.a(lib_a-memcpy-stub.o)
 .ARM.attributes
                0x00000b9a       0x34 d:/windows_app/5.4 2016q3/bin/../lib/gcc/arm-none-eabi/5.4.1/../../../../arm-none-eabi/lib/armv7e-m/fpu\libc_nano.a(lib_a-memset.o)
 .ARM.attributes
                0x00000bce       0x34 d:/windows_app/5.4 2016q3/bin/../lib/gcc/arm-none-eabi/5.4.1/../../../../arm-none-eabi/lib/armv7e-m/fpu\libc_nano.a(lib_a-printf.o)
 .ARM.attributes
                0x00000c02       0x34 d:/windows_app/5.4 2016q3/bin/../lib/gcc/arm-none-eabi/5.4.1/../../../../arm-none-eabi/lib/armv7e-m/fpu\libc_nano.a(lib_a-strcpy.o)
 .ARM.attributes
                0x00000c36       0x1b d:/windows_app/5.4 2016q3/bin/../lib/gcc/arm-none-eabi/5.4.1/../../../../arm-none-eabi/lib/armv7e-m/fpu\libc_nano.a(lib_a-strlen.o)
 .ARM.attributes
                0x00000c51       0x34 d:/windows_app/5.4 2016q3/bin/../lib/gcc/arm-none-eabi/5.4.1/../../../../arm-none-eabi/lib/armv7e-m/fpu\libc_nano.a(lib_a-wctomb_r.o)
 .ARM.attributes
                0x00000c85       0x34 d:/windows_app/5.4 2016q3/bin/../lib/gcc/arm-none-eabi/5.4.1/../../../../arm-none-eabi/lib/armv7e-m/fpu\libc_nano.a(lib_a-ctype_.o)
 .ARM.attributes
                0x00000cb9       0x34 d:/windows_app/5.4 2016q3/bin/../lib/gcc/arm-none-eabi/5.4.1/../../../../arm-none-eabi/lib/armv7e-m/fpu\libc_nano.a(lib_a-findfp.o)
 .ARM.attributes
                0x00000ced       0x34 d:/windows_app/5.4 2016q3/bin/../lib/gcc/arm-none-eabi/5.4.1/../../../../arm-none-eabi/lib/armv7e-m/fpu\libc_nano.a(lib_a-fwalk.o)
 .ARM.attributes
                0x00000d21       0x34 d:/windows_app/5.4 2016q3/bin/../lib/gcc/arm-none-eabi/5.4.1/../../../../arm-none-eabi/lib/armv7e-m/fpu\libc_nano.a(lib_a-nano-mallocr.o)
 .ARM.attributes
                0x00000d55       0x34 d:/windows_app/5.4 2016q3/bin/../lib/gcc/arm-none-eabi/5.4.1/../../../../arm-none-eabi/lib/armv7e-m/fpu\libc_nano.a(lib_a-nano-vfprintf.o)
 .ARM.attributes
                0x00000d89       0x34 d:/windows_app/5.4 2016q3/bin/../lib/gcc/arm-none-eabi/5.4.1/../../../../arm-none-eabi/lib/armv7e-m/fpu\libc_nano.a(lib_a-nano-vfprintf_i.o)
 .ARM.attributes
                0x00000dbd       0x34 d:/windows_app/5.4 2016q3/bin/../lib/gcc/arm-none-eabi/5.4.1/../../../../arm-none-eabi/lib/armv7e-m/fpu\libc_nano.a(lib_a-sbrkr.o)
 .ARM.attributes
                0x00000df1       0x34 d:/windows_app/5.4 2016q3/bin/../lib/gcc/arm-none-eabi/5.4.1/../../../../arm-none-eabi/lib/armv7e-m/fpu\libc_nano.a(lib_a-stdio.o)
 .ARM.attributes
                0x00000e25       0x34 d:/windows_app/5.4 2016q3/bin/../lib/gcc/arm-none-eabi/5.4.1/../../../../arm-none-eabi/lib/armv7e-m/fpu\libc_nano.a(lib_a-wbuf.o)
 .ARM.attributes
                0x00000e59       0x34 d:/windows_app/5.4 2016q3/bin/../lib/gcc/arm-none-eabi/5.4.1/../../../../arm-none-eabi/lib/armv7e-m/fpu\libc_nano.a(lib_a-writer.o)
 .ARM.attributes
                0x00000e8d       0x34 d:/windows_app/5.4 2016q3/bin/../lib/gcc/arm-none-eabi/5.4.1/../../../../arm-none-eabi/lib/armv7e-m/fpu\libc_nano.a(lib_a-wsetup.o)
 .ARM.attributes
                0x00000ec1       0x34 d:/windows_app/5.4 2016q3/bin/../lib/gcc/arm-none-eabi/5.4.1/../../../../arm-none-eabi/lib/armv7e-m/fpu\libc_nano.a(lib_a-closer.o)
 .ARM.attributes
                0x00000ef5       0x34 d:/windows_app/5.4 2016q3/bin/../lib/gcc/arm-none-eabi/5.4.1/../../../../arm-none-eabi/lib/armv7e-m/fpu\libc_nano.a(lib_a-fflush.o)
 .ARM.attributes
                0x00000f29       0x34 d:/windows_app/5.4 2016q3/bin/../lib/gcc/arm-none-eabi/5.4.1/../../../../arm-none-eabi/lib/armv7e-m/fpu\libc_nano.a(lib_a-lseekr.o)
 .ARM.attributes
                0x00000f5d       0x34 d:/windows_app/5.4 2016q3/bin/../lib/gcc/arm-none-eabi/5.4.1/../../../../arm-none-eabi/lib/armv7e-m/fpu\libc_nano.a(lib_a-makebuf.o)
 .ARM.attributes
                0x00000f91       0x20 d:/windows_app/5.4 2016q3/bin/../lib/gcc/arm-none-eabi/5.4.1/../../../../arm-none-eabi/lib/armv7e-m/fpu\libc_nano.a(lib_a-memchr.o)
 .ARM.attributes
                0x00000fb1       0x34 d:/windows_app/5.4 2016q3/bin/../lib/gcc/arm-none-eabi/5.4.1/../../../../arm-none-eabi/lib/armv7e-m/fpu\libc_nano.a(lib_a-mlock.o)
 .ARM.attributes
                0x00000fe5       0x34 d:/windows_app/5.4 2016q3/bin/../lib/gcc/arm-none-eabi/5.4.1/../../../../arm-none-eabi/lib/armv7e-m/fpu\libc_nano.a(lib_a-nano-freer.o)
 .ARM.attributes
                0x00001019       0x34 d:/windows_app/5.4 2016q3/bin/../lib/gcc/arm-none-eabi/5.4.1/../../../../arm-none-eabi/lib/armv7e-m/fpu\libc_nano.a(lib_a-readr.o)
 .ARM.attributes
                0x0000104d       0x34 d:/windows_app/5.4 2016q3/bin/../lib/gcc/arm-none-eabi/5.4.1/../../../../arm-none-eabi/lib/armv7e-m/fpu\libc_nano.a(lib_a-reent.o)
 .ARM.attributes
                0x00001081       0x34 d:/windows_app/5.4 2016q3/bin/../lib/gcc/arm-none-eabi/5.4.1/../../../../arm-none-eabi/lib/armv7e-m/fpu\libc_nano.a(lib_a-fstatr.o)
 .ARM.attributes
                0x000010b5       0x34 d:/windows_app/5.4 2016q3/bin/../lib/gcc/arm-none-eabi/5.4.1/../../../../arm-none-eabi/lib/armv7e-m/fpu\libc_nano.a(lib_a-isattyr.o)
 .ARM.attributes
                0x000010e9       0x34 d:/windows_app/5.4 2016q3/bin/../lib/gcc/arm-none-eabi/5.4.1/../../../../arm-none-eabi/lib/armv7e-m/fpu\libnosys.a(close.o)
 .ARM.attributes
                0x0000111d       0x34 d:/windows_app/5.4 2016q3/bin/../lib/gcc/arm-none-eabi/5.4.1/../../../../arm-none-eabi/lib/armv7e-m/fpu\libnosys.a(fstat.o)
 .ARM.attributes
                0x00001151       0x34 d:/windows_app/5.4 2016q3/bin/../lib/gcc/arm-none-eabi/5.4.1/../../../../arm-none-eabi/lib/armv7e-m/fpu\libnosys.a(isatty.o)
 .ARM.attributes
                0x00001185       0x34 d:/windows_app/5.4 2016q3/bin/../lib/gcc/arm-none-eabi/5.4.1/../../../../arm-none-eabi/lib/armv7e-m/fpu\libnosys.a(lseek.o)
 .ARM.attributes
                0x000011b9       0x34 d:/windows_app/5.4 2016q3/bin/../lib/gcc/arm-none-eabi/5.4.1/../../../../arm-none-eabi/lib/armv7e-m/fpu\libnosys.a(sbrk.o)
 .ARM.attributes
                0x000011ed       0x34 d:/windows_app/5.4 2016q3/bin/../lib/gcc/arm-none-eabi/5.4.1/../../../../arm-none-eabi/lib/armv7e-m/fpu\libnosys.a(_exit.o)
 .ARM.attributes
                0x00001221       0x22 d:/windows_app/5.4 2016q3/bin/../lib/gcc/arm-none-eabi/5.4.1/armv7e-m/fpu\libgcc.a(_aeabi_uldivmod.o)
 .ARM.attributes
                0x00001243       0x34 d:/windows_app/5.4 2016q3/bin/../lib/gcc/arm-none-eabi/5.4.1/armv7e-m/fpu\libgcc.a(_udivmoddi4.o)
 .ARM.attributes
                0x00001277       0x22 d:/windows_app/5.4 2016q3/bin/../lib/gcc/arm-none-eabi/5.4.1/armv7e-m/fpu\libgcc.a(_dvmd_tls.o)
 .ARM.attributes
                0x00001299       0x34 d:/windows_app/5.4 2016q3/bin/../lib/gcc/arm-none-eabi/5.4.1/armv7e-m/fpu/crtend.o
 .ARM.attributes
                0x000012cd       0x22 d:/windows_app/5.4 2016q3/bin/../lib/gcc/arm-none-eabi/5.4.1/armv7e-m/fpu/crtn.o

.comment        0x00000000       0x6e
 .comment       0x00000000       0x6e _build/nrf52832_xxaa/nrf_log_backend_rtt.c.o
                                 0x6f (size before relaxing)
 .comment       0x0000006e       0x6f _build/nrf52832_xxaa/nrf_log_backend_serial.c.o
 .comment       0x0000006e       0x6f _build/nrf52832_xxaa/nrf_log_default_backends.c.o
 .comment       0x0000006e       0x6f _build/nrf52832_xxaa/nrf_log_frontend.c.o
 .comment       0x0000006e       0x6f _build/nrf52832_xxaa/nrf_log_str_formatter.c.o
 .comment       0x0000006e       0x6f _build/nrf52832_xxaa/app_button.c.o
 .comment       0x0000006e       0x6f _build/nrf52832_xxaa/app_error.c.o
 .comment       0x0000006e       0x6f _build/nrf52832_xxaa/app_error_weak.c.o
 .comment       0x0000006e       0x6f _build/nrf52832_xxaa/app_fifo.c.o
 .comment       0x0000006e       0x6f _build/nrf52832_xxaa/app_timer.c.o
 .comment       0x0000006e       0x6f _build/nrf52832_xxaa/app_uart_fifo.c.o
 .comment       0x0000006e       0x6f _build/nrf52832_xxaa/app_util_platform.c.o
 .comment       0x0000006e       0x6f _build/nrf52832_xxaa/nrf_atfifo.c.o
 .comment       0x0000006e       0x6f _build/nrf52832_xxaa/nrf_balloc.c.o
 .comment       0x0000006e       0x6f _build/nrf52832_xxaa/nrf_fprintf.c.o
 .comment       0x0000006e       0x6f _build/nrf52832_xxaa/nrf_fprintf_format.c.o
 .comment       0x0000006e       0x6f _build/nrf52832_xxaa/nrf_fstorage.c.o
 .comment       0x0000006e       0x6f _build/nrf52832_xxaa/nrf_fstorage_sd.c.o
 .comment       0x0000006e       0x6f _build/nrf52832_xxaa/nrf_memobj.c.o
 .comment       0x0000006e       0x6f _build/nrf52832_xxaa/nrf_pwr_mgmt.c.o
 .comment       0x0000006e       0x6f _build/nrf52832_xxaa/nrf_section_iter.c.o
 .comment       0x0000006e       0x6f _build/nrf52832_xxaa/nrf_strerror.c.o
 .comment       0x0000006e       0x6f _build/nrf52832_xxaa/retarget.c.o
 .comment       0x0000006e       0x6f _build/nrf52832_xxaa/sdk_mapped_flags.c.o
 .comment       0x0000006e       0x6f _build/nrf52832_xxaa/boards.c.o
 .comment       0x0000006e       0x6f _build/nrf52832_xxaa/nrf_drv_clock.c.o
 .comment       0x0000006e       0x6f _build/nrf52832_xxaa/nrf_drv_common.c.o
 .comment       0x0000006e       0x6f _build/nrf52832_xxaa/nrf_drv_gpiote.c.o
 .comment       0x0000006e       0x6f _build/nrf52832_xxaa/nrf_drv_uart.c.o
 .comment       0x0000006e       0x6f _build/nrf52832_xxaa/bsp.c.o
 .comment       0x0000006e       0x6f _build/nrf52832_xxaa/bsp_btn_ble.c.o
 .comment       0x0000006e       0x6f _build/nrf52832_xxaa/main.c.o
 .comment       0x0000006e       0x6f _build/nrf52832_xxaa/SEGGER_RTT.c.o
 .comment       0x0000006e       0x6f _build/nrf52832_xxaa/ble_advdata.c.o
 .comment       0x0000006e       0x6f _build/nrf52832_xxaa/ble_advertising.c.o
 .comment       0x0000006e       0x6f _build/nrf52832_xxaa/ble_conn_params.c.o
 .comment       0x0000006e       0x6f _build/nrf52832_xxaa/ble_conn_state.c.o
 .comment       0x0000006e       0x6f _build/nrf52832_xxaa/ble_srv_common.c.o
 .comment       0x0000006e       0x6f _build/nrf52832_xxaa/nrf_ble_gatt.c.o
 .comment       0x0000006e       0x6f _build/nrf52832_xxaa/system_nrf52.c.o
 .comment       0x0000006e       0x6f _build/nrf52832_xxaa/ble_nus.c.o
 .comment       0x0000006e       0x6f _build/nrf52832_xxaa/nrf_sdh.c.o
 .comment       0x0000006e       0x6f _build/nrf52832_xxaa/nrf_sdh_ble.c.o
 .comment       0x0000006e       0x6f _build/nrf52832_xxaa/nrf_sdh_soc.c.o

.debug_info     0x00000000    0x3610b
 .debug_info    0x00000000      0x426 _build/nrf52832_xxaa/nrf_log_backend_rtt.c.o
 .debug_info    0x00000426      0x7e0 _build/nrf52832_xxaa/nrf_log_backend_serial.c.o
 .debug_info    0x00000c06      0x32d _build/nrf52832_xxaa/nrf_log_default_backends.c.o
 .debug_info    0x00000f33     0x304f _build/nrf52832_xxaa/nrf_log_frontend.c.o
 .debug_info    0x00003f82      0x7f7 _build/nrf52832_xxaa/nrf_log_str_formatter.c.o
 .debug_info    0x00004779      0x623 _build/nrf52832_xxaa/app_button.c.o
 .debug_info    0x00004d9c      0x339 _build/nrf52832_xxaa/app_error.c.o
 .debug_info    0x000050d5      0x497 _build/nrf52832_xxaa/app_error_weak.c.o
 .debug_info    0x0000556c      0x609 _build/nrf52832_xxaa/app_fifo.c.o
 .debug_info    0x00005b75     0x1aa9 _build/nrf52832_xxaa/app_timer.c.o
 .debug_info    0x0000761e     0x12a3 _build/nrf52832_xxaa/app_uart_fifo.c.o
 .debug_info    0x000088c1      0x980 _build/nrf52832_xxaa/app_util_platform.c.o
 .debug_info    0x00009241      0x9a3 _build/nrf52832_xxaa/nrf_atfifo.c.o
 .debug_info    0x00009be4      0x48c _build/nrf52832_xxaa/nrf_balloc.c.o
 .debug_info    0x0000a070      0x286 _build/nrf52832_xxaa/nrf_fprintf.c.o
 .debug_info    0x0000a2f6      0x93e _build/nrf52832_xxaa/nrf_fprintf_format.c.o
 .debug_info    0x0000ac34      0x78e _build/nrf52832_xxaa/nrf_fstorage.c.o
 .debug_info    0x0000b3c2     0x1662 _build/nrf52832_xxaa/nrf_fstorage_sd.c.o
 .debug_info    0x0000ca24      0xa72 _build/nrf52832_xxaa/nrf_memobj.c.o
 .debug_info    0x0000d496     0x12d5 _build/nrf52832_xxaa/nrf_pwr_mgmt.c.o
 .debug_info    0x0000e76b      0x1f2 _build/nrf52832_xxaa/nrf_section_iter.c.o
 .debug_info    0x0000e95d      0x278 _build/nrf52832_xxaa/nrf_strerror.c.o
 .debug_info    0x0000ebd5      0x21a _build/nrf52832_xxaa/retarget.c.o
 .debug_info    0x0000edef      0x5d2 _build/nrf52832_xxaa/sdk_mapped_flags.c.o
 .debug_info    0x0000f3c1      0xbf8 _build/nrf52832_xxaa/boards.c.o
 .debug_info    0x0000ffb9     0x1984 _build/nrf52832_xxaa/nrf_drv_clock.c.o
 .debug_info    0x0001193d      0x6c6 _build/nrf52832_xxaa/nrf_drv_common.c.o
 .debug_info    0x00012003     0x2848 _build/nrf52832_xxaa/nrf_drv_gpiote.c.o