Archive member included to satisfy reference by file (symbol)

d:/windows_app/5.4 2016q3/bin/../lib/gcc/arm-none-eabi/5.4.1/../../../../arm-none-eabi/lib/armv7e-m/fpu\libc_nano.a(lib_a-exit.o)
                              d:/windows_app/5.4 2016q3/bin/../lib/gcc/arm-none-eabi/5.4.1/../../../../arm-none-eabi/lib/armv7e-m/fpu/crt0.o (exit)
d:/windows_app/5.4 2016q3/bin/../lib/gcc/arm-none-eabi/5.4.1/../../../../arm-none-eabi/lib/armv7e-m/fpu\libc_nano.a(lib_a-impure.o)
                              d:/windows_app/5.4 2016q3/bin/../lib/gcc/arm-none-eabi/5.4.1/../../../../arm-none-eabi/lib/armv7e-m/fpu\libc_nano.a(lib_a-exit.o) (_global_impure_ptr)
d:/windows_app/5.4 2016q3/bin/../lib/gcc/arm-none-eabi/5.4.1/../../../../arm-none-eabi/lib/armv7e-m/fpu\libc_nano.a(lib_a-init.o)
                              d:/windows_app/5.4 2016q3/bin/../lib/gcc/arm-none-eabi/5.4.1/../../../../arm-none-eabi/lib/armv7e-m/fpu/crt0.o (__libc_init_array)
d:/windows_app/5.4 2016q3/bin/../lib/gcc/arm-none-eabi/5.4.1/../../../../arm-none-eabi/lib/armv7e-m/fpu\libc_nano.a(lib_a-locale.o)
                              _build/nrf52832_xxaa/nrf_log_str_formatter.c.o (__locale_ctype_ptr)
d:/windows_app/5.4 2016q3/bin/../lib/gcc/arm-none-eabi/5.4.1/../../../../arm-none-eabi/lib/armv7e-m/fpu\libc_nano.a(lib_a-mbtowc_r.o)
                              d:/windows_app/5.4 2016q3/bin/../lib/gcc/arm-none-eabi/5.4.1/../../../../arm-none-eabi/lib/armv7e-m/fpu\libc_nano.a(lib_a-locale.o) (__ascii_mbtowc)
d:/windows_app/5.4 2016q3/bin/../lib/gcc/arm-none-eabi/5.4.1/../../../../arm-none-eabi/lib/armv7e-m/fpu\libc_nano.a(lib_a-memcpy-stub.o)
                              _build/nrf52832_xxaa/nrf_log_frontend.c.o (memcpy)
d:/windows_app/5.4 2016q3/bin/../lib/gcc/arm-none-eabi/5.4.1/../../../../arm-none-eabi/lib/armv7e-m/fpu\libc_nano.a(lib_a-memset.o)
                              d:/windows_app/5.4 2016q3/bin/../lib/gcc/arm-none-eabi/5.4.1/../../../../arm-none-eabi/lib/armv7e-m/fpu/crt0.o (memset)
d:/windows_app/5.4 2016q3/bin/../lib/gcc/arm-none-eabi/5.4.1/../../../../arm-none-eabi/lib/armv7e-m/fpu\libc_nano.a(lib_a-printf.o)
                              _build/nrf52832_xxaa/main.c.o (printf)
d:/windows_app/5.4 2016q3/bin/../lib/gcc/arm-none-eabi/5.4.1/../../../../arm-none-eabi/lib/armv7e-m/fpu\libc_nano.a(lib_a-strcmp.o)
                              d:/windows_app/5.4 2016q3/bin/../lib/gcc/arm-none-eabi/5.4.1/../../../../arm-none-eabi/lib/armv7e-m/fpu\libc_nano.a(lib_a-locale.o) (strcmp)
d:/windows_app/5.4 2016q3/bin/../lib/gcc/arm-none-eabi/5.4.1/../../../../arm-none-eabi/lib/armv7e-m/fpu\libc_nano.a(lib_a-strcpy.o)
                              _build/nrf52832_xxaa/SEGGER_RTT.c.o (strcpy)
d:/windows_app/5.4 2016q3/bin/../lib/gcc/arm-none-eabi/5.4.1/../../../../arm-none-eabi/lib/armv7e-m/fpu\libc_nano.a(lib_a-strlen.o)
                              _build/nrf52832_xxaa/nrf_log_frontend.c.o (strlen)
d:/windows_app/5.4 2016q3/bin/../lib/gcc/arm-none-eabi/5.4.1/../../../../arm-none-eabi/lib/armv7e-m/fpu\libc_nano.a(lib_a-wctomb_r.o)
                              d:/windows_app/5.4 2016q3/bin/../lib/gcc/arm-none-eabi/5.4.1/../../../../arm-none-eabi/lib/armv7e-m/fpu\libc_nano.a(lib_a-locale.o) (__ascii_wctomb)
d:/windows_app/5.4 2016q3/bin/../lib/gcc/arm-none-eabi/5.4.1/../../../../arm-none-eabi/lib/armv7e-m/fpu\libc_nano.a(lib_a-ctype_.o)
                              d:/windows_app/5.4 2016q3/bin/../lib/gcc/arm-none-eabi/5.4.1/../../../../arm-none-eabi/lib/armv7e-m/fpu\libc_nano.a(lib_a-locale.o) (_ctype_)
d:/windows_app/5.4 2016q3/bin/../lib/gcc/arm-none-eabi/5.4.1/../../../../arm-none-eabi/lib/armv7e-m/fpu\libc_nano.a(lib_a-findfp.o)
                              d:/windows_app/5.4 2016q3/bin/../lib/gcc/arm-none-eabi/5.4.1/../../../../arm-none-eabi/lib/armv7e-m/fpu\libc_nano.a(lib_a-printf.o) (__sinit)
d:/windows_app/5.4 2016q3/bin/../lib/gcc/arm-none-eabi/5.4.1/../../../../arm-none-eabi/lib/armv7e-m/fpu\libc_nano.a(lib_a-fwalk.o)
                              d:/windows_app/5.4 2016q3/bin/../lib/gcc/arm-none-eabi/5.4.1/../../../../arm-none-eabi/lib/armv7e-m/fpu\libc_nano.a(lib_a-findfp.o) (_fwalk)
d:/windows_app/5.4 2016q3/bin/../lib/gcc/arm-none-eabi/5.4.1/../../../../arm-none-eabi/lib/armv7e-m/fpu\libc_nano.a(lib_a-nano-mallocr.o)
                              d:/windows_app/5.4 2016q3/bin/../lib/gcc/arm-none-eabi/5.4.1/../../../../arm-none-eabi/lib/armv7e-m/fpu\libc_nano.a(lib_a-findfp.o) (_malloc_r)
d:/windows_app/5.4 2016q3/bin/../lib/gcc/arm-none-eabi/5.4.1/../../../../arm-none-eabi/lib/armv7e-m/fpu\libc_nano.a(lib_a-nano-vfprintf.o)
                              d:/windows_app/5.4 2016q3/bin/../lib/gcc/arm-none-eabi/5.4.1/../../../../arm-none-eabi/lib/armv7e-m/fpu\libc_nano.a(lib_a-printf.o) (_vfprintf_r)
d:/windows_app/5.4 2016q3/bin/../lib/gcc/arm-none-eabi/5.4.1/../../../../arm-none-eabi/lib/armv7e-m/fpu\libc_nano.a(lib_a-nano-vfprintf_i.o)
[...]
Memory Configuration

Name             Origin             Length             Attributes
FLASH            0x00023000         0x0005d000         xr
RAM              0x20005668         0x0000a998         xrw
*default*        0x00000000         0xffffffff

Linker script and memory map


.text           0x00023000     0x877c
 *(.isr_vector)
 .isr_vector    0x00023000      0x200 _build/nrf52832_xxaa/gcc_startup_nrf52.S.o
                0x00023000                __isr_vector
 *(.text*)
 .text          0x00023200       0x5c d:/windows_app/5.4 2016q3/bin/../lib/gcc/arm-none-eabi/5.4.1/armv7e-m/fpu/crtbegin.o
 .text          0x0002325c       0x74 d:/windows_app/5.4 2016q3/bin/../lib/gcc/arm-none-eabi/5.4.1/../../../../arm-none-eabi/lib/armv7e-m/fpu/crt0.o
                0x0002325c                _start
                0x0002325c                _mainCRTStartup
 .text.nrf_log_backend_rtt_panic_set
                0x000232d0        0x4 _build/nrf52832_xxaa/nrf_log_backend_rtt.c.o
 .text.nrf_log_backend_rtt_put
                0x000232d4       0x20 _build/nrf52832_xxaa/nrf_log_backend_rtt.c.o
 .text.serial_tx
                0x000232f4       0x28 _build/nrf52832_xxaa/nrf_log_backend_rtt.c.o
 .text.nrf_log_backend_rtt_flush
                0x0002331c        0x4 _build/nrf52832_xxaa/nrf_log_backend_rtt.c.o
 .text.nrf_log_backend_rtt_init
                0x00023320        0x4 _build/nrf52832_xxaa/nrf_log_backend_rtt.c.o
                0x00023320                nrf_log_backend_rtt_init
 .text.nrf_log_backend_serial_put
                0x00023324       0xe0 _build/nrf52832_xxaa/nrf_log_backend_serial.c.o
                0x00023324                nrf_log_backend_serial_put
 .text.nrf_log_default_backends_init
                0x00023404       0x1c _build/nrf52832_xxaa/nrf_log_default_backends.c.o
                0x00023404                nrf_log_default_backends_init
 .text.nrf_log_init
                0x00023420       0x58 _build/nrf52832_xxaa/nrf_log_frontend.c.o
                0x00023420                nrf_log_init
 .text.nrf_log_module_name_get
                0x00023478       0x58 _build/nrf52832_xxaa/nrf_log_frontend.c.o
                0x00023478                nrf_log_module_name_get
 .text.nrf_log_color_id_get
                0x000234d0       0x2c _build/nrf52832_xxaa/nrf_log_frontend.c.o
                0x000234d0                nrf_log_color_id_get
 .text.nrf_log_frontend_dequeue
                0x000234fc      0x22c _build/nrf52832_xxaa/nrf_log_frontend.c.o
                0x000234fc                nrf_log_frontend_dequeue
 .text.nrf_log_frontend_std_0
                0x00023728      0x17c _build/nrf52832_xxaa/nrf_log_frontend.c.o
                0x00023728                nrf_log_frontend_std_0
 .text.nrf_log_frontend_std_1
                0x000238a4      0x190 _build/nrf52832_xxaa/nrf_log_frontend.c.o
                0x000238a4                nrf_log_frontend_std_1
 .text.nrf_log_frontend_std_2
                0x00023a34      0x1a0 _build/nrf52832_xxaa/nrf_log_frontend.c.o
                0x00023a34                nrf_log_frontend_std_2
 .text.nrf_log_backend_add
                0x00023bd4       0x58 _build/nrf52832_xxaa/nrf_log_frontend.c.o
                0x00023bd4                nrf_log_backend_add
 .text.nrf_log_panic
                0x00023c2c       0x28 _build/nrf52832_xxaa/nrf_log_frontend.c.o
                0x00023c2c                nrf_log_panic
 .text.nrf_log_std_entry_process
                0x00023c54      0x130 _build/nrf52832_xxaa/nrf_log_str_formatter.c.o
                0x00023c54                nrf_log_std_entry_process
 .text.nrf_log_hexdump_entry_process
                0x00023d84      0x124 _build/nrf52832_xxaa/nrf_log_str_formatter.c.o
                0x00023d84                nrf_log_hexdump_entry_process
 .text.detection_delay_timeout_handler
                0x00023ea8       0xa8 _build/nrf52832_xxaa/app_button.c.o
 .text.gpiote_event_handler
                0x00023f50       0x5c _build/nrf52832_xxaa/app_button.c.o
 .text.app_button_init
                0x00023fac       0xb0 _build/nrf52832_xxaa/app_button.c.o
                0x00023fac                app_button_init
 .text.app_button_enable
                0x0002405c       0x2c _build/nrf52832_xxaa/app_button.c.o
                0x0002405c                app_button_enable
 .text.bsp_board_led_state_get
                0x00024088       0x20 _build/nrf52832_xxaa/boards.c.o
                0x00024088                bsp_board_led_state_get
 .text.bsp_board_led_on
                0x000240a8       0x18 _build/nrf52832_xxaa/boards.c.o
                0x000240a8                bsp_board_led_on
 .text.bsp_board_led_off
                0x000240c0       0x18 _build/nrf52832_xxaa/boards.c.o
                0x000240c0                bsp_board_led_off
 .text.bsp_board_leds_off
                0x000240d8       0x2c _build/nrf52832_xxaa/boards.c.o
                0x000240d8                bsp_board_leds_off
 .text.bsp_board_leds_on
                0x00024104       0x2c _build/nrf52832_xxaa/boards.c.o
                0x00024104                bsp_board_leds_on
 .text.bsp_board_led_invert
                0x00024130       0x28 _build/nrf52832_xxaa/boards.c.o
                0x00024130                bsp_board_led_invert
 .text.bsp_board_leds_init
                0x00024158       0x3c _build/nrf52832_xxaa/boards.c.o
                0x00024158                bsp_board_leds_init
 .text.bsp_board_button_state_get
                0x00024194       0x20 _build/nrf52832_xxaa/boards.c.o
                0x00024194                bsp_board_button_state_get
 .text.bsp_board_pin_to_button_idx
                0x000241b4       0x24 _build/nrf52832_xxaa/boards.c.o
                0x000241b4                bsp_board_pin_to_button_idx
 .text.bsp_board_button_idx_to_pin
                0x000241d8        0xc _build/nrf52832_xxaa/boards.c.o
                0x000241d8                bsp_board_button_idx_to_pin
 .text.app_error_handler_bare
                0x000241e4       0x20 _build/nrf52832_xxaa/app_error.c.o
                0x000241e4                app_error_handler_bare
 .text.app_error_fault_handler
                0x00024204       0x68 _build/nrf52832_xxaa/app_error_weak.c.o
                0x00024204                app_error_fault_handler
 .text.app_fifo_init
                0x0002426c       0x20 _build/nrf52832_xxaa/app_fifo.c.o
                0x0002426c                app_fifo_init
 .text.app_fifo_put
                0x0002428c       0x30 _build/nrf52832_xxaa/app_fifo.c.o
                0x0002428c                app_fifo_put
 .text.app_fifo_get
                0x000242bc       0x2c _build/nrf52832_xxaa/app_fifo.c.o
                0x000242bc                app_fifo_get
 .text.RTC1_IRQHandler
                0x000242e8       0xa0 _build/nrf52832_xxaa/app_timer.c.o
                0x000242e8                RTC1_IRQHandler
 .text.SWI0_EGU0_IRQHandler
                0x00024388      0x64c _build/nrf52832_xxaa/app_timer.c.o
                0x00024388                SWI0_EGU0_IRQHandler
 .text.app_timer_init
                0x000249d4      0x184 _build/nrf52832_xxaa/app_timer.c.o
                0x000249d4                app_timer_init
 .text.app_timer_create
                0x00024b58       0x24 _build/nrf52832_xxaa/app_timer.c.o
                0x00024b58                app_timer_create
 .text.app_timer_start
                0x00024b7c       0xac _build/nrf52832_xxaa/app_timer.c.o
                0x00024b7c                app_timer_start
 .text.app_timer_stop
                0x00024c28       0x78 _build/nrf52832_xxaa/app_timer.c.o
                0x00024c28                app_timer_stop
 .text.uart_event_handler
                0x00024ca0       0xcc _build/nrf52832_xxaa/app_uart_fifo.c.o
 .text.app_uart_init
                0x00024d6c       0xe4 _build/nrf52832_xxaa/app_uart_fifo.c.o
                0x00024d6c                app_uart_init
 .text.app_uart_get
                0x00024e50       0x40 _build/nrf52832_xxaa/app_uart_fifo.c.o
                0x00024e50                app_uart_get
 .text.app_uart_put
                0x00024e90       0x44 _build/nrf52832_xxaa/app_uart_fifo.c.o
                0x00024e90                app_uart_put
 .text.app_util_critical_region_enter
                0x00024ed4       0x50 _build/nrf52832_xxaa/app_util_platform.c.o
                0x00024ed4                app_util_critical_region_enter
 .text.app_util_critical_region_exit
                0x00024f24       0x30 _build/nrf52832_xxaa/app_util_platform.c.o
                0x00024f24                app_util_critical_region_exit
 .text.nrf_atfifo_item_get
                0x00024f54       0x60 _build/nrf52832_xxaa/nrf_atfifo.c.o
                0x00024f54                nrf_atfifo_item_get
 .text.nrf_atfifo_item_free
                0x00024fb4       0x20 _build/nrf52832_xxaa/nrf_atfifo.c.o
                0x00024fb4                nrf_atfifo_item_free
 .text.nrf_section_iter_init
                0x00024fd4       0x14 _build/nrf52832_xxaa/nrf_section_iter.c.o
                0x00024fd4                nrf_section_iter_init
 .text.nrf_section_iter_next
                0x00024fe8       0x18 _build/nrf52832_xxaa/nrf_section_iter.c.o
                0x00024fe8                nrf_section_iter_next
 .text.sd_softdevice_enable
                0x00025000        0x4 _build/nrf52832_xxaa/nrf_sdh.c.o
 .text.sd_softdevice_disable
                0x00025004        0x4 _build/nrf52832_xxaa/nrf_sdh.c.o
 .text.nrf_sdh_enable_request
                0x00025008       0xf8 _build/nrf52832_xxaa/nrf_sdh.c.o
                0x00025008                nrf_sdh_enable_request
 .text.nrf_sdh_request_continue
                0x00025100       0xc4 _build/nrf52832_xxaa/nrf_sdh.c.o
                0x00025100                nrf_sdh_request_continue
 .text.nrf_sdh_is_enabled
                0x000251c4        0xc _build/nrf52832_xxaa/nrf_sdh.c.o
                0x000251c4                nrf_sdh_is_enabled
 .text.SWI2_EGU2_IRQHandler
                0x000251d0       0x2c _build/nrf52832_xxaa/nrf_sdh.c.o
                0x000251d0                SWI2_EGU2_IRQHandler
 .text.sd_evt_get
                0x000251fc        0x4 _build/nrf52832_xxaa/nrf_sdh_soc.c.o
 .text.nrf_sdh_soc_evts_poll
                0x00025200       0x4c _build/nrf52832_xxaa/nrf_sdh_soc.c.o
 .text.nrf_balloc_init
                0x0002524c       0x38 _build/nrf52832_xxaa/nrf_balloc.c.o
                0x0002524c                nrf_balloc_init
 .text.nrf_balloc_alloc
                0x00025284       0x50 _build/nrf52832_xxaa/nrf_balloc.c.o
                0x00025284                nrf_balloc_alloc
 .text.nrf_balloc_free
                0x000252d4       0x38 _build/nrf52832_xxaa/nrf_balloc.c.o
                0x000252d4                nrf_balloc_free
 .text.nrf_fprintf_buffer_flush
                0x0002530c       0x18 _build/nrf52832_xxaa/nrf_fprintf.c.o
                0x0002530c                nrf_fprintf_buffer_flush
 .text.nrf_fprintf
                0x00025324       0x20 _build/nrf52832_xxaa/nrf_fprintf.c.o
                0x00025324                nrf_fprintf
 .text.unsigned_print
                0x00025344      0x120 _build/nrf52832_xxaa/nrf_fprintf_format.c.o
 .text.nrf_fprintf_fmt
                0x00025464      0x508 _build/nrf52832_xxaa/nrf_fprintf_format.c.o
                0x00025464                nrf_fprintf_fmt
 .text.nrf_fstorage_is_busy
                0x0002596c       0x4c _build/nrf52832_xxaa/nrf_fstorage.c.o
                0x0002596c                nrf_fstorage_is_busy
 .text.sd_flash_write
                0x000259b8        0x4 _build/nrf52832_xxaa/nrf_fstorage_sd.c.o
 .text.sd_flash_page_erase
                0x000259bc        0x4 _build/nrf52832_xxaa/nrf_fstorage_sd.c.o
 .text.nrf_fstorage_sdh_req_handler
                0x000259c0       0x14 _build/nrf52832_xxaa/nrf_fstorage_sd.c.o
                0x000259c0                nrf_fstorage_sdh_req_handler
 .text.queue_process
                0x000259d4       0xe8 _build/nrf52832_xxaa/nrf_fstorage_sd.c.o
 .text.nrf_fstorage_sys_evt_handler
                0x00025abc       0xe8 _build/nrf52832_xxaa/nrf_fstorage_sd.c.o
                0x00025abc                nrf_fstorage_sys_evt_handler
 .text.nrf_fstorage_sdh_state_handler
                0x00025ba4      0x100 _build/nrf52832_xxaa/nrf_fstorage_sd.c.o
                0x00025ba4                nrf_fstorage_sdh_state_handler
 .text.nrf_memobj_pool_init
                0x00025ca4        0x4 _build/nrf52832_xxaa/nrf_memobj.c.o
                0x00025ca4                nrf_memobj_pool_init
 .text.nrf_memobj_alloc
                0x00025ca8       0x8c _build/nrf52832_xxaa/nrf_memobj.c.o
                0x00025ca8                nrf_memobj_alloc
 .text.nrf_memobj_get
                0x00025d34       0x20 _build/nrf52832_xxaa/nrf_memobj.c.o
                0x00025d34                nrf_memobj_get
 .text.nrf_memobj_put
                0x00025d54       0x4c _build/nrf52832_xxaa/nrf_memobj.c.o
                0x00025d54                nrf_memobj_put
 .text.nrf_memobj_write
                0x00025da0       0x5c _build/nrf52832_xxaa/nrf_memobj.c.o
                0x00025da0                nrf_memobj_write
 .text.nrf_memobj_read
                0x00025dfc       0x5c _build/nrf52832_xxaa/nrf_memobj.c.o
                0x00025dfc                nrf_memobj_read
 .text.nrf_strerror_get
                0x00025e58       0x6c _build/nrf52832_xxaa/nrf_strerror.c.o
                0x00025e58                nrf_strerror_get
 .text._write   0x00025ec4       0x1c _build/nrf52832_xxaa/retarget.c.o
                0x00025ec4                _write
 .text._read    0x00025ee0       0x14 _build/nrf52832_xxaa/retarget.c.o
                0x00025ee0                _read
 .text.soc_evt_handler
                0x00025ef4       0x20 _build/nrf52832_xxaa/nrf_drv_clock.c.o
 .text.sd_state_evt_handler
                0x00025f14       0xc0 _build/nrf52832_xxaa/nrf_drv_clock.c.o
 .text.POWER_CLOCK_IRQHandler
                0x00025fd4       0x78 _build/nrf52832_xxaa/nrf_drv_clock.c.o
                0x00025fd4                POWER_CLOCK_IRQHandler
 .text.nrf_drv_common_irq_enable
                0x0002604c       0x50 _build/nrf52832_xxaa/nrf_drv_common.c.o
                0x0002604c                nrf_drv_common_irq_enable
 .text.nrf_drv_gpiote_init
                0x0002609c       0x84 _build/nrf52832_xxaa/nrf_drv_gpiote.c.o
                0x0002609c                nrf_drv_gpiote_init
 .text.nrf_drv_gpiote_is_init
                0x00026120       0x14 _build/nrf52832_xxaa/nrf_drv_gpiote.c.o
                0x00026120                nrf_drv_gpiote_is_init
 .text.nrf_drv_gpiote_in_init
                0x00026134      0x190 _build/nrf52832_xxaa/nrf_drv_gpiote.c.o
                0x00026134                nrf_drv_gpiote_in_init
 .text.nrf_drv_gpiote_in_event_enable
                0x000262c4       0xc4 _build/nrf52832_xxaa/nrf_drv_gpiote.c.o
                0x000262c4                nrf_drv_gpiote_in_event_enable
 .text.nrf_drv_gpiote_in_is_set
                0x00026388       0x14 _build/nrf52832_xxaa/nrf_drv_gpiote.c.o
                0x00026388                nrf_drv_gpiote_in_is_set
 .text.GPIOTE_IRQHandler
                0x0002639c      0x4f4 _build/nrf52832_xxaa/nrf_drv_gpiote.c.o
                0x0002639c                GPIOTE_IRQHandler
 .text.nrf_drv_uart_init
                0x00026890      0x1dc _build/nrf52832_xxaa/nrf_drv_uart.c.o
                0x00026890                nrf_drv_uart_init
 .text.nrf_drv_uart_tx
                0x00026a6c      0x158 _build/nrf52832_xxaa/nrf_drv_uart.c.o
                0x00026a6c                nrf_drv_uart_tx
 .text.nrf_drv_uart_tx_in_progress
                0x00026bc4       0x18 _build/nrf52832_xxaa/nrf_drv_uart.c.o
                0x00026bc4                nrf_drv_uart_tx_in_progress
 .text.nrf_drv_uart_rx
                0x00026bdc      0x23c _build/nrf52832_xxaa/nrf_drv_uart.c.o
                0x00026bdc                nrf_drv_uart_rx
 .text.nrf_drv_uart_rx_enable
                0x00026e18       0x4c _build/nrf52832_xxaa/nrf_drv_uart.c.o
                0x00026e18                nrf_drv_uart_rx_enable
 .text.UARTE0_UART0_IRQHandler
                0x00026e64      0x2fc _build/nrf52832_xxaa/nrf_drv_uart.c.o
                0x00026e64                UARTE0_UART0_IRQHandler
 .text.alert_timer_handler
                0x00027160        0x8 _build/nrf52832_xxaa/bsp.c.o
 .text.bsp_button_event_handler
                0x00027168       0xa4 _build/nrf52832_xxaa/bsp.c.o
 .text.button_timer_handler
                0x0002720c       0x30 _build/nrf52832_xxaa/bsp.c.o
 .text.leds_timer_handler
                0x0002723c      0x2e8 _build/nrf52832_xxaa/bsp.c.o
 .text.bsp_button_is_pressed
                0x00027524        0x4 _build/nrf52832_xxaa/bsp.c.o
                0x00027524                bsp_button_is_pressed
 .text.bsp_indication_set
                0x00027528      0x32c _build/nrf52832_xxaa/bsp.c.o
                0x00027528                bsp_indication_set
 .text.bsp_init
                0x00027854       0xac _build/nrf52832_xxaa/bsp.c.o
                0x00027854                bsp_init
 .text.bsp_event_to_button_action_assign
                0x00027900       0x50 _build/nrf52832_xxaa/bsp.c.o
                0x00027900                bsp_event_to_button_action_assign
 .text.bsp_wakeup_button_enable
                0x00027950       0x28 _build/nrf52832_xxaa/bsp.c.o
                0x00027950                bsp_wakeup_button_enable
 .text.bsp_btn_ble_sleep_mode_prepare
                0x00027978       0x24 _build/nrf52832_xxaa/bsp_btn_ble.c.o
                0x00027978                bsp_btn_ble_sleep_mode_prepare
 .text.bsp_btn_ble_init
                0x0002799c       0x70 _build/nrf52832_xxaa/bsp_btn_ble.c.o
                0x0002799c                bsp_btn_ble_init
 .text.sd_power_system_off
                0x00027a0c        0x4 _build/nrf52832_xxaa/main.c.o
 .text.sd_app_evt_wait
                0x00027a10        0x4 _build/nrf52832_xxaa/main.c.o
 .text.sd_ble_gap_disconnect
                0x00027a14        0x4 _build/nrf52832_xxaa/main.c.o
 .text.sd_ble_gap_ppcp_set
                0x00027a18        0x4 _build/nrf52832_xxaa/main.c.o
 .text.sd_ble_gap_device_name_set
                0x00027a1c        0x4 _build/nrf52832_xxaa/main.c.o
 .text.conn_params_error_handler
                0x00027a20        0x4 _build/nrf52832_xxaa/main.c.o
 .text.gatt_evt_handler
                0x00027a24       0x48 _build/nrf52832_xxaa/main.c.o
                0x00027a24                gatt_evt_handler
 .text.on_conn_params_evt
                0x00027a6c       0x24 _build/nrf52832_xxaa/main.c.o
 .text.bsp_event_handler
                0x00027a90       0x70 _build/nrf52832_xxaa/main.c.o
                0x00027a90                bsp_event_handler
 .text.uart_event_handle
                0x00027b00       0x7c _build/nrf52832_xxaa/main.c.o
                0x00027b00                uart_event_handle
 .text.nus_data_handler
                0x00027b7c       0x70 _build/nrf52832_xxaa/main.c.o
 .text.on_adv_evt
                0x00027bec       0x3c _build/nrf52832_xxaa/main.c.o
 .text.gatt_init
                0x00027c28       0x30 _build/nrf52832_xxaa/main.c.o
                0x00027c28                gatt_init
 .text.startup.main
                0x00027c58      0x208 _build/nrf52832_xxaa/main.c.o
                0x00027c58                main
 .text.SEGGER_RTT_WriteNoLock
                0x00027e60      0x188 _build/nrf52832_xxaa/SEGGER_RTT.c.o
                0x00027e60                SEGGER_RTT_WriteNoLock
 .text.SEGGER_RTT_Init
                0x00027fe8       0x60 _build/nrf52832_xxaa/SEGGER_RTT.c.o
                0x00027fe8                SEGGER_RTT_Init
 .text.sd_ble_gap_addr_get
                0x00028048        0x4 _build/nrf52832_xxaa/ble_advdata.c.o
 .text.sd_ble_gap_adv_data_set
                0x0002804c        0x4 _build/nrf52832_xxaa/ble_advdata.c.o
 .text.sd_ble_gap_appearance_get
                0x00028050        0x4 _build/nrf52832_xxaa/ble_advdata.c.o
 .text.sd_ble_gap_device_name_get
                0x00028054        0x4 _build/nrf52832_xxaa/ble_advdata.c.o
 .text.sd_ble_uuid_encode
                0x00028058        0x4 _build/nrf52832_xxaa/ble_advdata.c.o
 .text.uuid_list_sized_encode
                0x0002805c       0xb8 _build/nrf52832_xxaa/ble_advdata.c.o
 .text.ble_advdata_encode
                0x00028114      0x3f8 _build/nrf52832_xxaa/ble_advdata.c.o
                0x00028114                ble_advdata_encode
 .text.ble_advdata_set
                0x0002850c      0x4dc _build/nrf52832_xxaa/ble_advdata.c.o
                0x0002850c                ble_advdata_set
 .text.sd_ble_gap_adv_start
                0x000289e8        0x4 _build/nrf52832_xxaa/ble_advertising.c.o
 .text.sd_ble_gap_adv_stop
                0x000289ec        0x4 _build/nrf52832_xxaa/ble_advertising.c.o
 .text.ble_advertising_start.part.2
                0x000289f0      0x204 _build/nrf52832_xxaa/ble_advertising.c.o
 .text.ble_advertising_conn_cfg_tag_set
                0x00028bf4        0x8 _build/nrf52832_xxaa/ble_advertising.c.o
                0x00028bf4                ble_advertising_conn_cfg_tag_set
 .text.ble_advertising_init
                0x00028bfc      0x160 _build/nrf52832_xxaa/ble_advertising.c.o
                0x00028bfc                ble_advertising_init
 .text.ble_advertising_start
                0x00028d5c       0x2c _build/nrf52832_xxaa/ble_advertising.c.o
                0x00028d5c                ble_advertising_start
 .text.ble_advertising_on_sys_evt
                0x00028d88       0x44 _build/nrf52832_xxaa/ble_advertising.c.o
                0x00028d88                ble_advertising_on_sys_evt
 .text.ble_advertising_restart_without_whitelist
                0x00028dcc       0x58 _build/nrf52832_xxaa/ble_advertising.c.o
                0x00028dcc                ble_advertising_restart_without_whitelist
 .text.sd_ble_gap_conn_param_update
                0x00028e24        0x4 _build/nrf52832_xxaa/ble_conn_params.c.o
 .text.sd_ble_gap_disconnect
                0x00028e28        0x4 _build/nrf52832_xxaa/ble_conn_params.c.o
 .text.sd_ble_gap_ppcp_set
                0x00028e2c        0x4 _build/nrf52832_xxaa/ble_conn_params.c.o
 .text.sd_ble_gap_ppcp_get
                0x00028e30        0x4 _build/nrf52832_xxaa/ble_conn_params.c.o
 .text.update_timeout_handler
                0x00028e34       0x80 _build/nrf52832_xxaa/ble_conn_params.c.o
 .text.ble_conn_params_init
                0x00028eb4       0x7c _build/nrf52832_xxaa/ble_conn_params.c.o
                0x00028eb4                ble_conn_params_init
 .text.nrf_ble_gatt_init
                0x00028f30       0x2c _build/nrf52832_xxaa/nrf_ble_gatt.c.o
                0x00028f30                nrf_ble_gatt_init
 .text.nrf_ble_gatt_att_mtu_periph_set
                0x00028f5c       0x18 _build/nrf52832_xxaa/nrf_ble_gatt.c.o
                0x00028f5c                nrf_ble_gatt_att_mtu_periph_set
 .text          0x00028f74       0x3c _build/nrf52832_xxaa/gcc_startup_nrf52.S.o
                0x00028f74                Reset_Handler
                0x00028f9c                NMI_Handler
                0x00028f9e                HardFault_Handler
                0x00028fa0                MemoryManagement_Handler
                0x00028fa2                BusFault_Handler
                0x00028fa4                UsageFault_Handler
                0x00028fa6                SVC_Handler
                0x00028fa8                DebugMon_Handler
                0x00028faa                PendSV_Handler
                0x00028fac                SysTick_Handler
                0x00028fae                TEMP_IRQHandler
                0x00028fae                QDEC_IRQHandler
                0x00028fae                TIMER3_IRQHandler
                0x00028fae                FPU_IRQHandler
                0x00028fae                SPIM0_SPIS0_TWIM0_TWIS0_SPI0_TWI0_IRQHandler
                0x00028fae                PDM_IRQHandler
                0x00028fae                TIMER4_IRQHandler
                0x00028fae                I2S_IRQHandler
                0x00028fae                SWI4_EGU4_IRQHandler
                0x00028fae                TIMER0_IRQHandler
                0x00028fae                RADIO_IRQHandler
                0x00028fae                RTC0_IRQHandler
                0x00028fae                PWM2_IRQHandler
                0x00028fae                ECB_IRQHandler
                0x00028fae                SPIM1_SPIS1_TWIM1_TWIS1_SPI1_TWI1_IRQHandler
                0x00028fae                Default_Handler
                0x00028fae                SAADC_IRQHandler
                0x00028fae                CCM_AAR_IRQHandler
                0x00028fae                WDT_IRQHandler
                0x00028fae                PWM1_IRQHandler
                0x00028fae                SWI5_EGU5_IRQHandler
                0x00028fae                RNG_IRQHandler
                0x00028fae                RTC2_IRQHandler
                0x00028fae                PWM0_IRQHandler
                0x00028fae                SWI3_EGU3_IRQHandler
                0x00028fae                SWI1_EGU1_IRQHandler
                0x00028fae                SPIM2_SPIS2_SPI2_IRQHandler
                0x00028fae                NFCT_IRQHandler
                0x00028fae                TIMER1_IRQHandler
                0x00028fae                MWU_IRQHandler
                0x00028fae                TIMER2_IRQHandler
                0x00028fae                COMP_LPCOMP_IRQHandler
 .text.SystemInit
                0x00028fb0      0x390 _build/nrf52832_xxaa/system_nrf52.c.o
                0x00028fb0                SystemInit
 .text.sd_ble_gatts_service_add
                0x00029340        0x4 _build/nrf52832_xxaa/ble_nus.c.o
 .text.sd_ble_gatts_characteristic_add
                0x00029344        0x4 _build/nrf52832_xxaa/ble_nus.c.o
 .text.sd_ble_gatts_hvx
                0x00029348        0x4 _build/nrf52832_xxaa/ble_nus.c.o
 .text.sd_ble_uuid_vs_add
                0x0002934c        0x4 _build/nrf52832_xxaa/ble_nus.c.o
 .text.ble_nus_init
                0x00029350      0x1f0 _build/nrf52832_xxaa/ble_nus.c.o
                0x00029350                ble_nus_init
 .text.ble_nus_string_send
                0x00029540       0x54 _build/nrf52832_xxaa/ble_nus.c.o
                0x00029540                ble_nus_string_send
 .text.sd_ble_enable
                0x00029594        0x4 _build/nrf52832_xxaa/nrf_sdh_ble.c.o
 .text.sd_ble_cfg_set
                0x00029598        0x4 _build/nrf52832_xxaa/nrf_sdh_ble.c.o
 .text.sd_ble_evt_get
                0x0002959c        0x4 _build/nrf52832_xxaa/nrf_sdh_ble.c.o
 .text.nrf_sdh_ble_evts_poll
                0x000295a0       0x4c _build/nrf52832_xxaa/nrf_sdh_ble.c.o
 .text.nrf_sdh_ble_default_cfg_set
                0x000295ec      0x1a8 _build/nrf52832_xxaa/nrf_sdh_ble.c.o
                0x000295ec                nrf_sdh_ble_default_cfg_set
 .text.nrf_sdh_ble_enable
                0x00029794       0x74 _build/nrf52832_xxaa/nrf_sdh_ble.c.o
                0x00029794                nrf_sdh_ble_enable
 .text.exit     0x00029808       0x28 d:/windows_app/5.4 2016q3/bin/../lib/gcc/arm-none-eabi/5.4.1/../../../../arm-none-eabi/lib/armv7e-m/fpu\libc_nano.a(lib_a-exit.o)
                0x00029808                exit
 .text.__libc_init_array
                0x00029830       0x4c d:/windows_app/5.4 2016q3/bin/../lib/gcc/arm-none-eabi/5.4.1/../../../../arm-none-eabi/lib/armv7e-m/fpu\libc_nano.a(lib_a-init.o)
                0x00029830                __libc_init_array
 .text.__get_current_locale
                0x0002987c       0x18 d:/windows_app/5.4 2016q3/bin/../lib/gcc/arm-none-eabi/5.4.1/../../../../arm-none-eabi/lib/armv7e-m/fpu\libc_nano.a(lib_a-locale.o)
 .text.__locale_ctype_ptr
                0x00029894       0x14 d:/windows_app/5.4 2016q3/bin/../lib/gcc/arm-none-eabi/5.4.1/../../../../arm-none-eabi/lib/armv7e-m/fpu\libc_nano.a(lib_a-locale.o)
                0x00029894                __locale_ctype_ptr
 .text.__ascii_mbtowc
                0x000298a8       0x24 d:/windows_app/5.4 2016q3/bin/../lib/gcc/arm-none-eabi/5.4.1/../../../../arm-none-eabi/lib/armv7e-m/fpu\libc_nano.a(lib_a-mbtowc_r.o)
                0x000298a8                __ascii_mbtowc
 .text.memcpy   0x000298cc       0x16 d:/windows_app/5.4 2016q3/bin/../lib/gcc/arm-none-eabi/5.4.1/../../../../arm-none-eabi/lib/armv7e-m/fpu\libc_nano.a(lib_a-memcpy-stub.o)
                0x000298cc                memcpy
 .text.memset   0x000298e2       0x10 d:/windows_app/5.4 2016q3/bin/../lib/gcc/arm-none-eabi/5.4.1/../../../../arm-none-eabi/lib/armv7e-m/fpu\libc_nano.a(lib_a-memset.o)
                0x000298e2                memset
 *fill*         0x000298f2        0x2 
 .text.printf   0x000298f4       0x30 d:/windows_app/5.4 2016q3/bin/../lib/gcc/arm-none-eabi/5.4.1/../../../../arm-none-eabi/lib/armv7e-m/fpu\libc_nano.a(lib_a-printf.o)
                0x000298f4                iprintf
                0x000298f4                printf
 .text.strcpy   0x00029924       0x10 d:/windows_app/5.4 2016q3/bin/../lib/gcc/arm-none-eabi/5.4.1/../../../../arm-none-eabi/lib/armv7e-m/fpu\libc_nano.a(lib_a-strcpy.o)
                0x00029924                strcpy
 .text          0x00029934       0x10 d:/windows_app/5.4 2016q3/bin/../lib/gcc/arm-none-eabi/5.4.1/../../../../arm-none-eabi/lib/armv7e-m/fpu\libc_nano.a(lib_a-strlen.o)
                0x00029934                strlen
 .text.__ascii_wctomb
                0x00029944       0x1a d:/windows_app/5.4 2016q3/bin/../lib/gcc/arm-none-eabi/5.4.1/../../../../arm-none-eabi/lib/armv7e-m/fpu\libc_nano.a(lib_a-wctomb_r.o)
                0x00029944                __ascii_wctomb
 *fill*         0x0002995e        0x2 
 .text._cleanup_r
                0x00029960        0xc d:/windows_app/5.4 2016q3/bin/../lib/gcc/arm-none-eabi/5.4.1/../../../../arm-none-eabi/lib/armv7e-m/fpu\libc_nano.a(lib_a-findfp.o)
                0x00029960                _cleanup_r
 .text.std.isra.0
                0x0002996c       0x48 d:/windows_app/5.4 2016q3/bin/../lib/gcc/arm-none-eabi/5.4.1/../../../../arm-none-eabi/lib/armv7e-m/fpu\libc_nano.a(lib_a-findfp.o)
 .text.__sfmoreglue
                0x000299b4       0x2c d:/windows_app/5.4 2016q3/bin/../lib/gcc/arm-none-eabi/5.4.1/../../../../arm-none-eabi/lib/armv7e-m/fpu\libc_nano.a(lib_a-findfp.o)
                0x000299b4                __sfmoreglue
 .text.__sinit  0x000299e0       0x60 d:/windows_app/5.4 2016q3/bin/../lib/gcc/arm-none-eabi/5.4.1/../../../../arm-none-eabi/lib/armv7e-m/fpu\libc_nano.a(lib_a-findfp.o)
                0x000299e0                __sinit
 .text.__sfp    0x00029a40       0x78 d:/windows_app/5.4 2016q3/bin/../lib/gcc/arm-none-eabi/5.4.1/../../../../arm-none-eabi/lib/armv7e-m/fpu\libc_nano.a(lib_a-findfp.o)
                0x00029a40                __sfp
 .text._fwalk_reent
                0x00029ab8       0x3c d:/windows_app/5.4 2016q3/bin/../lib/gcc/arm-none-eabi/5.4.1/../../../../arm-none-eabi/lib/armv7e-m/fpu\libc_nano.a(lib_a-fwalk.o)
                0x00029ab8                _fwalk_reent
 .text._malloc_r
                0x00029af4       0xbc d:/windows_app/5.4 2016q3/bin/../lib/gcc/arm-none-eabi/5.4.1/../../../../arm-none-eabi/lib/armv7e-m/fpu\libc_nano.a(lib_a-nano-mallocr.o)
                0x00029af4                _malloc_r
 .text.__sfputc_r
                0x00029bb0       0x30 d:/windows_app/5.4 2016q3/bin/../lib/gcc/arm-none-eabi/5.4.1/../../../../arm-none-eabi/lib/armv7e-m/fpu\libc_nano.a(lib_a-nano-vfprintf.o)
 .text.__sfputs_r
                0x00029be0       0x24 d:/windows_app/5.4 2016q3/bin/../lib/gcc/arm-none-eabi/5.4.1/../../../../arm-none-eabi/lib/armv7e-m/fpu\libc_nano.a(lib_a-nano-vfprintf.o)
                0x00029be0                __sfputs_r
 .text._vfprintf_r
                0x00029c04      0x238 d:/windows_app/5.4 2016q3/bin/../lib/gcc/arm-none-eabi/5.4.1/../../../../arm-none-eabi/lib/armv7e-m/fpu\libc_nano.a(lib_a-nano-vfprintf.o)
                0x00029c04                _vfprintf_r
                0x00029c04                _vfiprintf_r
 .text._printf_common
                0x00029e3c       0xec d:/windows_app/5.4 2016q3/bin/../lib/gcc/arm-none-eabi/5.4.1/../../../../arm-none-eabi/lib/armv7e-m/fpu\libc_nano.a(lib_a-nano-vfprintf_i.o)
                0x00029e3c                _printf_common
 .text._printf_i
                0x00029f28      0x24c d:/windows_app/5.4 2016q3/bin/../lib/gcc/arm-none-eabi/5.4.1/../../../../arm-none-eabi/lib/armv7e-m/fpu\libc_nano.a(lib_a-nano-vfprintf_i.o)
                0x00029f28                _printf_i
 .text._sbrk_r  0x0002a174       0x20 d:/windows_app/5.4 2016q3/bin/../lib/gcc/arm-none-eabi/5.4.1/../../../../arm-none-eabi/lib/armv7e-m/fpu\libc_nano.a(lib_a-sbrkr.o)
                0x0002a174                _sbrk_r
 .text.__sread  0x0002a194       0x22 d:/windows_app/5.4 2016q3/bin/../lib/gcc/arm-none-eabi/5.4.1/../../../../arm-none-eabi/lib/armv7e-m/fpu\libc_nano.a(lib_a-stdio.o)
                0x0002a194                __sread
 .text.__swrite
                0x0002a1b6       0x38 d:/windows_app/5.4 2016q3/bin/../lib/gcc/arm-none-eabi/5.4.1/../../../../arm-none-eabi/lib/armv7e-m/fpu\libc_nano.a(lib_a-stdio.o)
                0x0002a1b6                __swrite
 .text.__sseek  0x0002a1ee       0x24 d:/windows_app/5.4 2016q3/bin/../lib/gcc/arm-none-eabi/5.4.1/../../../../arm-none-eabi/lib/armv7e-m/fpu\libc_nano.a(lib_a-stdio.o)
                0x0002a1ee                __sseek
 .text.__sclose
                0x0002a212        0x8 d:/windows_app/5.4 2016q3/bin/../lib/gcc/arm-none-eabi/5.4.1/../../../../arm-none-eabi/lib/armv7e-m/fpu\libc_nano.a(lib_a-stdio.o)
                0x0002a212                __sclose
 *fill*         0x0002a21a        0x2 
 .text.__swbuf_r
                0x0002a21c       0xa8 d:/windows_app/5.4 2016q3/bin/../lib/gcc/arm-none-eabi/5.4.1/../../../../arm-none-eabi/lib/armv7e-m/fpu\libc_nano.a(lib_a-wbuf.o)
                0x0002a21c                __swbuf_r
 .text._write_r
                0x0002a2c4       0x24 d:/windows_app/5.4 2016q3/bin/../lib/gcc/arm-none-eabi/5.4.1/../../../../arm-none-eabi/lib/armv7e-m/fpu\libc_nano.a(lib_a-writer.o)
                0x0002a2c4                _write_r
 .text.__swsetup_r
                0x0002a2e8       0xdc d:/windows_app/5.4 2016q3/bin/../lib/gcc/arm-none-eabi/5.4.1/../../../../arm-none-eabi/lib/armv7e-m/fpu\libc_nano.a(lib_a-wsetup.o)
                0x0002a2e8                __swsetup_r
 .text._close_r
                0x0002a3c4       0x20 d:/windows_app/5.4 2016q3/bin/../lib/gcc/arm-none-eabi/5.4.1/../../../../arm-none-eabi/lib/armv7e-m/fpu\libc_nano.a(lib_a-closer.o)
                0x0002a3c4                _close_r
 .text.__sflush_r
                0x0002a3e4      0x110 d:/windows_app/5.4 2016q3/bin/../lib/gcc/arm-none-eabi/5.4.1/../../../../arm-none-eabi/lib/armv7e-m/fpu\libc_nano.a(lib_a-fflush.o)
                0x0002a3e4                __sflush_r
 .text._fflush_r
                0x0002a4f4       0x54 d:/windows_app/5.4 2016q3/bin/../lib/gcc/arm-none-eabi/5.4.1/../../../../arm-none-eabi/lib/armv7e-m/fpu\libc_nano.a(lib_a-fflush.o)
                0x0002a4f4                _fflush_r
 .text._lseek_r
                0x0002a548       0x24 d:/windows_app/5.4 2016q3/bin/../lib/gcc/arm-none-eabi/5.4.1/../../../../arm-none-eabi/lib/armv7e-m/fpu\libc_nano.a(lib_a-lseekr.o)
                0x0002a548                _lseek_r
 .text.__swhatbuf_r
                0x0002a56c       0x46 d:/windows_app/5.4 2016q3/bin/../lib/gcc/arm-none-eabi/5.4.1/../../../../arm-none-eabi/lib/armv7e-m/fpu\libc_nano.a(lib_a-makebuf.o)
                0x0002a56c                __swhatbuf_r
 *fill*         0x0002a5b2        0x2 
 .text.__smakebuf_r
                0x0002a5b4       0x78 d:/windows_app/5.4 2016q3/bin/../lib/gcc/arm-none-eabi/5.4.1/../../../../arm-none-eabi/lib/armv7e-m/fpu\libc_nano.a(lib_a-makebuf.o)
                0x0002a5b4                __smakebuf_r
 *fill*         0x0002a62c        0x4 
 .text          0x0002a630       0xa0 d:/windows_app/5.4 2016q3/bin/../lib/gcc/arm-none-eabi/5.4.1/../../../../arm-none-eabi/lib/armv7e-m/fpu\libc_nano.a(lib_a-memchr.o)
                0x0002a630                memchr
 .text.__malloc_lock
                0x0002a6d0        0x2 d:/windows_app/5.4 2016q3/bin/../lib/gcc/arm-none-eabi/5.4.1/../../../../arm-none-eabi/lib/armv7e-m/fpu\libc_nano.a(lib_a-mlock.o)
                0x0002a6d0                __malloc_lock
 .text.__malloc_unlock
                0x0002a6d2        0x2 d:/windows_app/5.4 2016q3/bin/../lib/gcc/arm-none-eabi/5.4.1/../../../../arm-none-eabi/lib/armv7e-m/fpu\libc_nano.a(lib_a-mlock.o)
                0x0002a6d2                __malloc_unlock
 .text._free_r  0x0002a6d4       0x9c d:/windows_app/5.4 2016q3/bin/../lib/gcc/arm-none-eabi/5.4.1/../../../../arm-none-eabi/lib/armv7e-m/fpu\libc_nano.a(lib_a-nano-freer.o)
                0x0002a6d4                _free_r
 .text._read_r  0x0002a770       0x24 d:/windows_app/5.4 2016q3/bin/../lib/gcc/arm-none-eabi/5.4.1/../../../../arm-none-eabi/lib/armv7e-m/fpu\libc_nano.a(lib_a-readr.o)
                0x0002a770                _read_r
 .text._fstat_r
                0x0002a794       0x24 d:/windows_app/5.4 2016q3/bin/../lib/gcc/arm-none-eabi/5.4.1/../../../../arm-none-eabi/lib/armv7e-m/fpu\libc_nano.a(lib_a-fstatr.o)
                0x0002a794                _fstat_r
 .text._isatty_r
                0x0002a7b8       0x20 d:/windows_app/5.4 2016q3/bin/../lib/gcc/arm-none-eabi/5.4.1/../../../../arm-none-eabi/lib/armv7e-m/fpu\libc_nano.a(lib_a-isattyr.o)
                0x0002a7b8                _isatty_r
 .text._close   0x0002a7d8       0x10 d:/windows_app/5.4 2016q3/bin/../lib/gcc/arm-none-eabi/5.4.1/../../../../arm-none-eabi/lib/armv7e-m/fpu\libnosys.a(close.o)
                0x0002a7d8                _close
 .text._fstat   0x0002a7e8       0x10 d:/windows_app/5.4 2016q3/bin/../lib/gcc/arm-none-eabi/5.4.1/../../../../arm-none-eabi/lib/armv7e-m/fpu\libnosys.a(fstat.o)
                0x0002a7e8                _fstat
 .text._isatty  0x0002a7f8       0x10 d:/windows_app/5.4 2016q3/bin/../lib/gcc/arm-none-eabi/5.4.1/../../../../arm-none-eabi/lib/armv7e-m/fpu\libnosys.a(isatty.o)
                0x0002a7f8                _isatty
 .text._lseek   0x0002a808       0x10 d:/windows_app/5.4 2016q3/bin/../lib/gcc/arm-none-eabi/5.4.1/../../../../arm-none-eabi/lib/armv7e-m/fpu\libnosys.a(lseek.o)
                0x0002a808                _lseek
 .text._sbrk    0x0002a818       0x1c d:/windows_app/5.4 2016q3/bin/../lib/gcc/arm-none-eabi/5.4.1/../../../../arm-none-eabi/lib/armv7e-m/fpu\libnosys.a(sbrk.o)
                0x0002a818                _sbrk
 .text._exit    0x0002a834        0x4 d:/windows_app/5.4 2016q3/bin/../lib/gcc/arm-none-eabi/5.4.1/../../../../arm-none-eabi/lib/armv7e-m/fpu\libnosys.a(_exit.o)
                0x0002a834                _exit
 .text          0x0002a838       0x30 d:/windows_app/5.4 2016q3/bin/../lib/gcc/arm-none-eabi/5.4.1/armv7e-m/fpu\libgcc.a(_aeabi_uldivmod.o)
                0x0002a838                __aeabi_uldivmod
 .text          0x0002a868      0x2e4 d:/windows_app/5.4 2016q3/bin/../lib/gcc/arm-none-eabi/5.4.1/armv7e-m/fpu\libgcc.a(_udivmoddi4.o)
                0x0002a868                __udivmoddi4
 .text          0x0002ab4c        0x4 d:/windows_app/5.4 2016q3/bin/../lib/gcc/arm-none-eabi/5.4.1/armv7e-m/fpu\libgcc.a(_dvmd_tls.o)
                0x0002ab4c                __aeabi_idiv0
                0x0002ab4c                __aeabi_ldiv0
 *(.init)
 .init          0x0002ab50        0x4 d:/windows_app/5.4 2016q3/bin/../lib/gcc/arm-none-eabi/5.4.1/armv7e-m/fpu/crti.o
                0x0002ab50                _init
 .init          0x0002ab54        0x8 d:/windows_app/5.4 2016q3/bin/../lib/gcc/arm-none-eabi/5.4.1/armv7e-m/fpu/crtn.o
 *(.fini)
 .fini          0x0002ab5c        0x4 d:/windows_app/5.4 2016q3/bin/../lib/gcc/arm-none-eabi/5.4.1/armv7e-m/fpu/crti.o
                0x0002ab5c                _fini
 .fini          0x0002ab60        0x8 d:/windows_app/5.4 2016q3/bin/../lib/gcc/arm-none-eabi/5.4.1/armv7e-m/fpu/crtn.o
 *crtbegin.o(.ctors)
 *crtbegin?.o(.ctors)
 *(EXCLUDE_FILE(*crtend.o *crtend?.o) .ctors)
 *(SORT(.ctors.*))
 *(.ctors)
 *crtbegin.o(.dtors)
 *crtbegin?.o(.dtors)
 *(EXCLUDE_FILE(*crtend.o *crtend?.o) .dtors)
 *(SORT(.dtors.*))
 *(.dtors)
 *(.rodata*)
 .rodata.nrf_log_backend_rtt_api
                0x0002ab68        0xc _build/nrf52832_xxaa/nrf_log_backend_rtt.c.o
                0x0002ab68                nrf_log_backend_rtt_api
 .rodata.str1.4
                0x0002ab74        0x4 _build/nrf52832_xxaa/nrf_log_frontend.c.o
 .rodata.mempool
                0x0002ab78       0x14 _build/nrf52832_xxaa/nrf_log_frontend.c.o
 .rodata.severity_names
                0x0002ab8c       0x14 _build/nrf52832_xxaa/nrf_log_str_formatter.c.o
 .rodata.m_colors
                0x0002aba0       0x24 _build/nrf52832_xxaa/nrf_log_str_formatter.c.o
 .rodata.str1.4
                0x0002abc4       0x8e _build/nrf52832_xxaa/nrf_log_str_formatter.c.o
                                 0x92 (size before relaxing)
 *fill*         0x0002ac52        0x2 
 .rodata.m_detection_delay_timer_id
                0x0002ac54        0x4 _build/nrf52832_xxaa/app_button.c.o
 .rodata.m_board_btn_list
                0x0002ac58        0x4 _build/nrf52832_xxaa/boards.c.o
 .rodata.m_board_led_list
                0x0002ac5c        0x4 _build/nrf52832_xxaa/boards.c.o
 .rodata.str1.4
                0x0002ac60       0x19 _build/nrf52832_xxaa/app_error_weak.c.o
 *fill*         0x0002ac79        0x3 
 .rodata        0x0002ac7c       0x20 _build/nrf52832_xxaa/app_uart_fifo.c.o
 .rodata        0x0002ac9c        0x4 _build/nrf52832_xxaa/nrf_sdh.c.o
 .rodata.sdh_req_observers
                0x0002aca0        0xc _build/nrf52832_xxaa/nrf_sdh.c.o
 .rodata.sdh_state_observers
                0x0002acac        0xc _build/nrf52832_xxaa/nrf_sdh.c.o
 .rodata.str1.4
                0x0002acb8        0x8 _build/nrf52832_xxaa/nrf_sdh.c.o
 .rodata.sdh_stack_observers
                0x0002acc0        0xc _build/nrf52832_xxaa/nrf_sdh.c.o
 .rodata.sdh_soc_observers
                0x0002accc        0xc _build/nrf52832_xxaa/nrf_sdh_soc.c.o
 .rodata.str1.4
                0x0002acd8        0xc _build/nrf52832_xxaa/nrf_sdh_soc.c.o
 .rodata.str1.4
                0x0002ace4        0x7 _build/nrf52832_xxaa/nrf_balloc.c.o
 *fill*         0x0002aceb        0x1 
 .rodata._aV2C.6721
                0x0002acec       0x10 _build/nrf52832_xxaa/nrf_fprintf_format.c.o
 .rodata.str1.4
                0x0002acfc        0x9 _build/nrf52832_xxaa/nrf_pwr_mgmt.c.o
 *fill*         0x0002ad05        0x3 
 .rodata.str1.4
                0x0002ad08      0x308 _build/nrf52832_xxaa/nrf_strerror.c.o
 .rodata.nrf_strerror_array
                0x0002b010       0xf0 _build/nrf52832_xxaa/nrf_strerror.c.o
 .rodata.m_unknown_str
                0x0002b100       0x13 _build/nrf52832_xxaa/nrf_strerror.c.o
 *fill*         0x0002b113        0x1 
 .rodata.str1.4
                0x0002b114        0x6 _build/nrf52832_xxaa/nrf_drv_clock.c.o
 *fill*         0x0002b11a        0x2 
 .rodata.str1.4
                0x0002b11c        0x7 _build/nrf52832_xxaa/nrf_drv_gpiote.c.o
 *fill*         0x0002b123        0x1 
 .rodata.str1.4
                0x0002b124        0x5 _build/nrf52832_xxaa/nrf_drv_uart.c.o
 *fill*         0x0002b129        0x3 
 .rodata.m_button_timer_id
                0x0002b12c        0x4 _build/nrf52832_xxaa/bsp.c.o
 .rodata.app_buttons
                0x0002b130       0x20 _build/nrf52832_xxaa/bsp.c.o
 .rodata.m_leds_timer_id
                0x0002b150        0x4 _build/nrf52832_xxaa/bsp.c.o
 .rodata.m_alert_timer_id
                0x0002b154        0x4 _build/nrf52832_xxaa/bsp.c.o
 .rodata        0x0002b158       0x18 _build/nrf52832_xxaa/main.c.o
 .rodata.str1.4
                0x0002b170       0xa4 _build/nrf52832_xxaa/main.c.o
 .rodata.str1.4
                0x0002b214       0x17 _build/nrf52832_xxaa/SEGGER_RTT.c.o
 *fill*         0x0002b22b        0x1 
 .rodata.str1.4
                0x0002b22c      0x139 _build/nrf52832_xxaa/nrf_ble_gatt.c.o
 *fill*         0x0002b365        0x3 
 .rodata        0x0002b368       0x10 _build/nrf52832_xxaa/ble_nus.c.o
 .rodata.sdh_ble_observers
                0x0002b378        0xc _build/nrf52832_xxaa/nrf_sdh_ble.c.o
 .rodata.str1.4
                0x0002b384      0x250 _build/nrf52832_xxaa/nrf_sdh_ble.c.o
 .rodata._global_impure_ptr
                0x0002b5d4        0x4 d:/windows_app/5.4 2016q3/bin/../lib/gcc/arm-none-eabi/5.4.1/../../../../arm-none-eabi/lib/armv7e-m/fpu\libc_nano.a(lib_a-impure.o)
                0x0002b5d4                _global_impure_ptr
 .rodata.str1.1
                0x0002b5d8        0xa d:/windows_app/5.4 2016q3/bin/../lib/gcc/arm-none-eabi/5.4.1/../../../../arm-none-eabi/lib/armv7e-m/fpu\libc_nano.a(lib_a-locale.o)
                                  0xb (size before relaxing)
 .rodata._ctype_
                0x0002b5e2      0x101 d:/windows_app/5.4 2016q3/bin/../lib/gcc/arm-none-eabi/5.4.1/../../../../arm-none-eabi/lib/armv7e-m/fpu\libc_nano.a(lib_a-ctype_.o)
                0x0002b5e2                _ctype_
 *fill*         0x0002b6e3        0x1 
 .rodata.__sf_fake_stdin
                0x0002b6e4       0x20 d:/windows_app/5.4 2016q3/bin/../lib/gcc/arm-none-eabi/5.4.1/../../../../arm-none-eabi/lib/armv7e-m/fpu\libc_nano.a(lib_a-findfp.o)
                0x0002b6e4                __sf_fake_stdin
 .rodata.__sf_fake_stdout
                0x0002b704       0x20 d:/windows_app/5.4 2016q3/bin/../lib/gcc/arm-none-eabi/5.4.1/../../../../arm-none-eabi/lib/armv7e-m/fpu\libc_nano.a(lib_a-findfp.o)
                0x0002b704                __sf_fake_stdout
 .rodata.__sf_fake_stderr
                0x0002b724       0x20 d:/windows_app/5.4 2016q3/bin/../lib/gcc/arm-none-eabi/5.4.1/../../../../arm-none-eabi/lib/armv7e-m/fpu\libc_nano.a(lib_a-findfp.o)
                0x0002b724                __sf_fake_stderr
 .rodata.str1.1
                0x0002b744       0x11 d:/windows_app/5.4 2016q3/bin/../lib/gcc/arm-none-eabi/5.4.1/../../../../arm-none-eabi/lib/armv7e-m/fpu\libc_nano.a(lib_a-nano-vfprintf.o)
 .rodata.str1.1
                0x0002b755       0x22 d:/windows_app/5.4 2016q3/bin/../lib/gcc/arm-none-eabi/5.4.1/../../../../arm-none-eabi/lib/armv7e-m/fpu\libc_nano.a(lib_a-nano-vfprintf_i.o)
 *(.eh_frame*)
 *fill*         0x0002b777        0x1 
 .eh_frame      0x0002b778        0x0 d:/windows_app/5.4 2016q3/bin/../lib/gcc/arm-none-eabi/5.4.1/armv7e-m/fpu/crtbegin.o
 .eh_frame      0x0002b778        0x4 d:/windows_app/5.4 2016q3/bin/../lib/gcc/arm-none-eabi/5.4.1/armv7e-m/fpu/crtend.o

.glue_7         0x0002b77c        0x0
 .glue_7        0x0002b77c        0x0 linker stubs

.glue_7t        0x0002b77c        0x0
 .glue_7t       0x0002b77c        0x0 linker stubs

.vfp11_veneer   0x0002b77c        0x0
 .vfp11_veneer  0x0002b77c        0x0 linker stubs

.v4_bx          0x0002b77c        0x0
 .v4_bx         0x0002b77c        0x0 linker stubs

.iplt           0x0002b77c        0x0
 .iplt          0x0002b77c        0x0 d:/windows_app/5.4 2016q3/bin/../lib/gcc/arm-none-eabi/5.4.1/armv7e-m/fpu/crtbegin.o

.mem_section_dummy_rom

.sdh_soc_observers
                0x0002b77c       0x18
                0x0002b77c                PROVIDE (__start_sdh_soc_observers, .)
 *(SORT(.sdh_soc_observers*))
 .sdh_soc_observers0
                0x0002b77c        0x8 _build/nrf52832_xxaa/nrf_fstorage_sd.c.o
 .sdh_soc_observers0
                0x0002b784        0x8 _build/nrf52832_xxaa/nrf_drv_clock.c.o
 .sdh_soc_observers1
                0x0002b78c        0x8 _build/nrf52832_xxaa/main.c.o
                0x0002b794                PROVIDE (__stop_sdh_soc_observers, .)

.log_const_data
                0x0002b794       0x50
                0x0002b794                PROVIDE (__start_log_const_data, .)
 *(SORT(.log_const_data*))
 .log_const_data_app
                0x0002b794        0x8 _build/nrf52832_xxaa/nrf_log_frontend.c.o
                0x0002b794                m_nrf_log_app_logs_data_const
 .log_const_data_balloc
                0x0002b79c        0x8 _build/nrf52832_xxaa/nrf_balloc.c.o
                0x0002b79c                m_nrf_log_balloc_logs_data_const
 .log_const_data_ble_gatt
                0x0002b7a4        0x8 _build/nrf52832_xxaa/nrf_ble_gatt.c.o
                0x0002b7a4                m_nrf_log_ble_gatt_logs_data_const
 .log_const_data_clock
                0x0002b7ac        0x8 _build/nrf52832_xxaa/nrf_drv_clock.c.o
                0x0002b7ac                m_nrf_log_clock_logs_data_const
 .log_const_data_gpiote
                0x0002b7b4        0x8 _build/nrf52832_xxaa/nrf_drv_gpiote.c.o
                0x0002b7b4                m_nrf_log_gpiote_logs_data_const
 .log_const_data_nrf_sdh
                0x0002b7bc        0x8 _build/nrf52832_xxaa/nrf_sdh.c.o
                0x0002b7bc                m_nrf_log_nrf_sdh_logs_data_const
 .log_const_data_nrf_sdh_ble
                0x0002b7c4        0x8 _build/nrf52832_xxaa/nrf_sdh_ble.c.o
                0x0002b7c4                m_nrf_log_nrf_sdh_ble_logs_data_const
 .log_const_data_nrf_sdh_soc
                0x0002b7cc        0x8 _build/nrf52832_xxaa/nrf_sdh_soc.c.o
                0x0002b7cc                m_nrf_log_nrf_sdh_soc_logs_data_const
 .log_const_data_pwr_mgmt
                0x0002b7d4        0x8 _build/nrf52832_xxaa/nrf_pwr_mgmt.c.o
                0x0002b7d4                m_nrf_log_pwr_mgmt_logs_data_const
 .log_const_data_uart
                0x0002b7dc        0x8 _build/nrf52832_xxaa/nrf_drv_uart.c.o
                0x0002b7dc                m_nrf_log_uart_logs_data_const
                0x0002b7e4                PROVIDE (__stop_log_const_data, .)

.sdh_req_observers
                0x0002b7e4        0x8
                0x0002b7e4                PROVIDE (__start_sdh_req_observers, .)
 *(SORT(.sdh_req_observers*))
 .sdh_req_observers0
                0x0002b7e4        0x8 _build/nrf52832_xxaa/nrf_fstorage_sd.c.o
                0x0002b7e4                m_req_obs
                0x0002b7ec                PROVIDE (__stop_sdh_req_observers, .)

.sdh_state_observers
                0x0002b7ec       0x10
                0x0002b7ec                PROVIDE (__start_sdh_state_observers, .)
 *(SORT(.sdh_state_observers*))
 .sdh_state_observers0
                0x0002b7ec        0x8 _build/nrf52832_xxaa/nrf_fstorage_sd.c.o
 .sdh_state_observers0
                0x0002b7f4        0x8 _build/nrf52832_xxaa/nrf_drv_clock.c.o
                0x0002b7fc                PROVIDE (__stop_sdh_state_observers, .)

.sdh_stack_observers
                0x0002b7fc       0x10
                0x0002b7fc                PROVIDE (__start_sdh_stack_observers, .)
 *(SORT(.sdh_stack_observers*))
 .sdh_stack_observers0
                0x0002b7fc        0x8 _build/nrf52832_xxaa/nrf_sdh_soc.c.o
 .sdh_stack_observers0
                0x0002b804        0x8 _build/nrf52832_xxaa/nrf_sdh_ble.c.o
                0x0002b80c                PROVIDE (__stop_sdh_stack_observers, .)

.ARM.extab
 *(.ARM.extab* .gnu.linkonce.armextab.*)
                0x0002b80c                __exidx_start = .

.ARM.exidx      0x0002b80c        0x8
 *(.ARM.exidx* .gnu.linkonce.armexidx.*)
 .ARM.exidx     0x0002b80c        0x8 d:/windows_app/5.4 2016q3/bin/../lib/gcc/arm-none-eabi/5.4.1/../../../../arm-none-eabi/lib/armv7e-m/fpu/crt0.o
 .ARM.exidx     0x0002b814        0x0 d:/windows_app/5.4 2016q3/bin/../lib/gcc/arm-none-eabi/5.4.1/armv7e-m/fpu\libgcc.a(_udivmoddi4.o)
                                  0x8 (size before relaxing)
                0x0002b814                __exidx_end = .
                0x0002b814                __etext = .

.rel.dyn        0x0002b814        0x0
 .rel.iplt      0x0002b814        0x0 d:/windows_app/5.4 2016q3/bin/../lib/gcc/arm-none-eabi/5.4.1/armv7e-m/fpu/crtbegin.o

.data           0x20005668      0x1fc load address 0x0002b814
                0x20005668                __data_start__ = .
 *(vtable)
 *(.data*)
 .data.rtt_log_backend
                0x20005668        0xc _build/nrf52832_xxaa/nrf_log_default_backends.c.o
 .data.app_uart_inst
                0x20005674        0x8 _build/nrf52832_xxaa/app_uart_fifo.c.o
 .data.m_adv_uuids
                0x2000567c        0x4 _build/nrf52832_xxaa/main.c.o
 .data.m_conn_handle
                0x20005680        0x2 _build/nrf52832_xxaa/main.c.o
 .data.m_ble_nus_max_data_len
                0x20005682        0x2 _build/nrf52832_xxaa/main.c.o
 .data.SystemCoreClock
                0x20005684        0x4 _build/nrf52832_xxaa/system_nrf52.c.o
                0x20005684                SystemCoreClock
 .data.impure_data
                0x20005688       0x60 d:/windows_app/5.4 2016q3/bin/../lib/gcc/arm-none-eabi/5.4.1/../../../../arm-none-eabi/lib/armv7e-m/fpu\libc_nano.a(lib_a-impure.o)
 .data._impure_ptr
                0x200056e8        0x4 d:/windows_app/5.4 2016q3/bin/../lib/gcc/arm-none-eabi/5.4.1/../../../../arm-none-eabi/lib/armv7e-m/fpu\libc_nano.a(lib_a-impure.o)
                0x200056e8                _impure_ptr
 .data.__global_locale
                0x200056ec      0x16c d:/windows_app/5.4 2016q3/bin/../lib/gcc/arm-none-eabi/5.4.1/../../../../arm-none-eabi/lib/armv7e-m/fpu\libc_nano.a(lib_a-locale.o)
                0x200056ec                __global_locale
                0x20005858                . = ALIGN (0x4)
                0x20005858                PROVIDE (__preinit_array_start, .)
 *(.preinit_array)
                0x20005858                PROVIDE (__preinit_array_end, .)
                0x20005858                . = ALIGN (0x4)
                0x20005858                PROVIDE (__init_array_start, .)
 *(SORT(.init_array.*))
 *(.init_array)
 .init_array    0x20005858        0x4 d:/windows_app/5.4 2016q3/bin/../lib/gcc/arm-none-eabi/5.4.1/armv7e-m/fpu/crtbegin.o
                0x2000585c                PROVIDE (__init_array_end, .)
                0x2000585c                . = ALIGN (0x4)
                [!provide]                PROVIDE (__fini_array_start, .)
 *(SORT(.fini_array.*))
 *(.fini_array)
 .fini_array    0x2000585c        0x4 d:/windows_app/5.4 2016q3/bin/../lib/gcc/arm-none-eabi/5.4.1/armv7e-m/fpu/crtbegin.o
                [!provide]                PROVIDE (__fini_array_end, .)
 *(.jcr*)
 .jcr           0x20005860        0x0 d:/windows_app/5.4 2016q3/bin/../lib/gcc/arm-none-eabi/5.4.1/armv7e-m/fpu/crtbegin.o
 .jcr           0x20005860        0x4 d:/windows_app/5.4 2016q3/bin/../lib/gcc/arm-none-eabi/5.4.1/armv7e-m/fpu/crtend.o
                0x20005864                . = ALIGN (0x4)
                0x20005864                __data_end__ = .
LOAD d:/windows_app/5.4 2016q3/bin/../lib/gcc/arm-none-eabi/5.4.1/armv7e-m/fpu/crti.o
LOAD d:/windows_app/5.4 2016q3/bin/../lib/gcc/arm-none-eabi/5.4.1/armv7e-m/fpu/crtbegin.o
LOAD d:/windows_app/5.4 2016q3/bin/../lib/gcc/arm-none-eabi/5.4.1/../../../../arm-none-eabi/lib/armv7e-m/fpu/crt0.o
LOAD _build/nrf52832_xxaa/nrf_log_backend_rtt.c.o
LOAD _build/nrf52832_xxaa/ble_dis.c.o
LOAD _build/nrf52832_xxaa/nrf_log_backend_serial.c.o
LOAD _build/nrf52832_xxaa/nrf_log_default_backends.c.o
LOAD _build/nrf52832_xxaa/nrf_log_frontend.c.o
LOAD _build/nrf52832_xxaa/nrf_log_str_formatter.c.o
LOAD _build/nrf52832_xxaa/app_button.c.o
LOAD _build/nrf52832_xxaa/boards.c.o
LOAD _build/nrf52832_xxaa/app_error.c.o
LOAD _build/nrf52832_xxaa/app_error_weak.c.o
LOAD _build/nrf52832_xxaa/app_fifo.c.o
LOAD _build/nrf52832_xxaa/app_scheduler.c.o
LOAD _build/nrf52832_xxaa/app_timer.c.o
LOAD _build/nrf52832_xxaa/app_uart_fifo.c.o
LOAD _build/nrf52832_xxaa/app_util_platform.c.o
LOAD _build/nrf52832_xxaa/hardfault_implementation.c.o
LOAD _build/nrf52832_xxaa/nrf_assert.c.o
LOAD _build/nrf52832_xxaa/nrf_atfifo.c.o
LOAD _build/nrf52832_xxaa/nrf_section_iter.c.o
LOAD _build/nrf52832_xxaa/nrf_sdh.c.o
LOAD _build/nrf52832_xxaa/nrf_sdh_soc.c.o
LOAD _build/nrf52832_xxaa/nrf_balloc.c.o
LOAD _build/nrf52832_xxaa/nrf_fprintf.c.o
LOAD _build/nrf52832_xxaa/nrf_fprintf_format.c.o
LOAD _build/nrf52832_xxaa/nrf_fstorage.c.o
LOAD _build/nrf52832_xxaa/nrf_fstorage_sd.c.o
LOAD _build/nrf52832_xxaa/nrf_memobj.c.o
LOAD _build/nrf52832_xxaa/nrf_pwr_mgmt.c.o
LOAD _build/nrf52832_xxaa/nrf_strerror.c.o
LOAD _build/nrf52832_xxaa/retarget.c.o
LOAD _build/nrf52832_xxaa/sdk_mapped_flags.c.o
LOAD _build/nrf52832_xxaa/nrf_drv_clock.c.o
LOAD _build/nrf52832_xxaa/nrf_drv_common.c.o
LOAD _build/nrf52832_xxaa/nrf_drv_gpiote.c.o
LOAD _build/nrf52832_xxaa/nrf_drv_uart.c.o
LOAD _build/nrf52832_xxaa/bsp.c.o
LOAD _build/nrf52832_xxaa/bsp_btn_ble.c.o
LOAD _build/nrf52832_xxaa/bsp_nfc.c.o
LOAD _build/nrf52832_xxaa/main.c.o
LOAD _build/nrf52832_xxaa/SEGGER_RTT.c.o
LOAD _build/nrf52832_xxaa/SEGGER_RTT_Syscalls_GCC.c.o
LOAD _build/nrf52832_xxaa/SEGGER_RTT_printf.c.o
LOAD _build/nrf52832_xxaa/ble_advdata.c.o
LOAD _build/nrf52832_xxaa/ble_advertising.c.o
LOAD _build/nrf52832_xxaa/ble_conn_params.c.o
LOAD _build/nrf52832_xxaa/ble_conn_state.c.o
LOAD _build/nrf52832_xxaa/ble_srv_common.c.o
LOAD _build/nrf52832_xxaa/nrf_ble_gatt.c.o
LOAD _build/nrf52832_xxaa/gcc_startup_nrf52.S.o
LOAD _build/nrf52832_xxaa/system_nrf52.c.o
LOAD _build/nrf52832_xxaa/ble_nus.c.o
LOAD _build/nrf52832_xxaa/nrf_sdh_ble.c.o
LOAD d:/windows_app/5.4 2016q3/bin/../lib/gcc/arm-none-eabi/5.4.1/../../../../arm-none-eabi/lib/armv7e-m/fpu\libc_nano.a
LOAD d:/windows_app/5.4 2016q3/bin/../lib/gcc/arm-none-eabi/5.4.1/../../../../arm-none-eabi/lib/armv7e-m/fpu\libnosys.a
LOAD d:/windows_app/5.4 2016q3/bin/../lib/gcc/arm-none-eabi/5.4.1/../../../../arm-none-eabi/lib/armv7e-m/fpu\libm.a
START GROUP
LOAD d:/windows_app/5.4 2016q3/bin/../lib/gcc/arm-none-eabi/5.4.1/armv7e-m/fpu\libgcc.a
LOAD d:/windows_app/5.4 2016q3/bin/../lib/gcc/arm-none-eabi/5.4.1/../../../../arm-none-eabi/lib/armv7e-m/fpu\libg_nano.a
LOAD d:/windows_app/5.4 2016q3/bin/../lib/gcc/arm-none-eabi/5.4.1/../../../../arm-none-eabi/lib/armv7e-m/fpu\libc_nano.a
END GROUP
START GROUP
LOAD d:/windows_app/5.4 2016q3/bin/../lib/gcc/arm-none-eabi/5.4.1/armv7e-m/fpu\libgcc.a
LOAD d:/windows_app/5.4 2016q3/bin/../lib/gcc/arm-none-eabi/5.4.1/../../../../arm-none-eabi/lib/armv7e-m/fpu\libc_nano.a
END GROUP
LOAD d:/windows_app/5.4 2016q3/bin/../lib/gcc/arm-none-eabi/5.4.1/armv7e-m/fpu/crtend.o
LOAD d:/windows_app/5.4 2016q3/bin/../lib/gcc/arm-none-eabi/5.4.1/armv7e-m/fpu/crtn.o
START GROUP
LOAD d:/windows_app/5.4 2016q3/bin/../lib/gcc/arm-none-eabi/5.4.1/armv7e-m/fpu\libgcc.a
LOAD d:/windows_app/5.4 2016q3/bin/../lib/gcc/arm-none-eabi/5.4.1/../../../../arm-none-eabi/lib/armv7e-m/fpu\libc.a
LOAD d:/windows_app/5.4 2016q3/bin/../lib/gcc/arm-none-eabi/5.4.1/../../../../arm-none-eabi/lib/armv7e-m/fpu\libnosys.a
END GROUP

.igot.plt       0x20005864        0x0 load address 0x0002ba10
 .igot.plt      0x20005864        0x0 d:/windows_app/5.4 2016q3/bin/../lib/gcc/arm-none-eabi/5.4.1/armv7e-m/fpu/crtbegin.o
                0x20005864                . = ALIGN (0x4)

.mem_section_dummy_ram

.log_dynamic_data
                0x20005864       0x78 load address 0x0002ba10
                0x20005864                PROVIDE (__start_log_dynamic_data, .)
 *(SORT(.log_dynamic_data*))
 .log_dynamic_data_app
                0x20005864        0xc _build/nrf52832_xxaa/nrf_log_frontend.c.o
                0x20005864                m_nrf_log_app_logs_data_dynamic
 .log_dynamic_data_balloc
                0x20005870        0xc _build/nrf52832_xxaa/nrf_balloc.c.o
                0x20005870                m_nrf_log_balloc_logs_data_dynamic
 .log_dynamic_data_ble_gatt
                0x2000587c        0xc _build/nrf52832_xxaa/nrf_ble_gatt.c.o
                0x2000587c                m_nrf_log_ble_gatt_logs_data_dynamic
 .log_dynamic_data_clock
                0x20005888        0xc _build/nrf52832_xxaa/nrf_drv_clock.c.o
                0x20005888                m_nrf_log_clock_logs_data_dynamic
 .log_dynamic_data_gpiote
                0x20005894        0xc _build/nrf52832_xxaa/nrf_drv_gpiote.c.o
                0x20005894                m_nrf_log_gpiote_logs_data_dynamic
 .log_dynamic_data_nrf_sdh
                0x200058a0        0xc _build/nrf52832_xxaa/nrf_sdh.c.o
                0x200058a0                m_nrf_log_nrf_sdh_logs_data_dynamic
 .log_dynamic_data_nrf_sdh_ble
                0x200058ac        0xc _build/nrf52832_xxaa/nrf_sdh_ble.c.o
                0x200058ac                m_nrf_log_nrf_sdh_ble_logs_data_dynamic
 .log_dynamic_data_nrf_sdh_soc
                0x200058b8        0xc _build/nrf52832_xxaa/nrf_sdh_soc.c.o
                0x200058b8                m_nrf_log_nrf_sdh_soc_logs_data_dynamic
 .log_dynamic_data_pwr_mgmt
                0x200058c4        0xc _build/nrf52832_xxaa/nrf_pwr_mgmt.c.o
                0x200058c4                m_nrf_log_pwr_mgmt_logs_data_dynamic
 .log_dynamic_data_uart
                0x200058d0        0xc _build/nrf52832_xxaa/nrf_drv_uart.c.o
                0x200058d0                m_nrf_log_uart_logs_data_dynamic
                [!provide]                PROVIDE (__stop_log_dynamic_data, .)

.bss            0x200058dc      0xf18 load address 0x0002ba88
                0x200058dc                . = ALIGN (0x4)
                0x200058dc                __bss_start__ = .
 *(.bss*)
 .bss           0x200058dc       0x1c d:/windows_app/5.4 2016q3/bin/../lib/gcc/arm-none-eabi/5.4.1/armv7e-m/fpu/crtbegin.o
 .bss.m_string_buff
                0x200058f8       0x40 _build/nrf52832_xxaa/nrf_log_backend_rtt.c.o
 .bss.m_log_data
                0x20005938      0x420 _build/nrf52832_xxaa/nrf_log_frontend.c.o
 .bss.mempool_nrf_balloc_cb
                0x20005d58        0x8 _build/nrf52832_xxaa/nrf_log_frontend.c.o
 .bss.mempool_nrf_balloc_pool_stack
                0x20005d60        0x8 _build/nrf52832_xxaa/nrf_log_frontend.c.o
 .bss.mempool_nrf_balloc_pool_mem
                0x20005d68       0xc0 _build/nrf52832_xxaa/nrf_log_frontend.c.o
 .bss.m_detection_delay
                0x20005e28        0x4 _build/nrf52832_xxaa/app_button.c.o
 .bss.mp_buttons
                0x20005e2c        0x4 _build/nrf52832_xxaa/app_button.c.o
 .bss.m_button_count
                0x20005e30        0x1 _build/nrf52832_xxaa/app_button.c.o
 *fill*         0x20005e31        0x3 
 .bss.m_detection_delay_timer_id_data
                0x20005e34       0x20 _build/nrf52832_xxaa/app_button.c.o
 .bss.m_pin_state
                0x20005e54        0x4 _build/nrf52832_xxaa/app_button.c.o
 .bss.m_pin_transition
                0x20005e58        0x4 _build/nrf52832_xxaa/app_button.c.o
 .bss.m_ticks_latest
                0x20005e5c        0x4 _build/nrf52832_xxaa/app_timer.c.o
 .bss.mp_timer_id_head
                0x20005e60        0x4 _build/nrf52832_xxaa/app_timer.c.o
 .bss.m_ticks_elapsed_q_read_ind
                0x20005e64        0x1 _build/nrf52832_xxaa/app_timer.c.o
 .bss.m_ticks_elapsed_q_write_ind
                0x20005e65        0x1 _build/nrf52832_xxaa/app_timer.c.o
 .bss.m_rtc1_reset
                0x20005e66        0x1 _build/nrf52832_xxaa/app_timer.c.o
 *fill*         0x20005e67        0x1 
 .bss.m_op_queue
                0x20005e68      0x10c _build/nrf52832_xxaa/app_timer.c.o
 .bss.m_ticks_elapsed
                0x20005f74        0x8 _build/nrf52832_xxaa/app_timer.c.o
 .bss.m_rtc1_running
                0x20005f7c        0x1 _build/nrf52832_xxaa/app_timer.c.o
 *fill*         0x20005f7d        0x3 
 .bss.tx_buffer
                0x20005f80        0x1 _build/nrf52832_xxaa/app_uart_fifo.c.o
 *fill*         0x20005f81        0x3 
 .bss.m_event_handler
                0x20005f84        0x4 _build/nrf52832_xxaa/app_uart_fifo.c.o
 .bss.rx_buffer
                0x20005f88        0x1 _build/nrf52832_xxaa/app_uart_fifo.c.o
 *fill*         0x20005f89        0x3 
 .bss.m_tx_fifo
                0x20005f8c       0x10 _build/nrf52832_xxaa/app_uart_fifo.c.o
 .bss.m_rx_ovf  0x20005f9c        0x1 _build/nrf52832_xxaa/app_uart_fifo.c.o
 *fill*         0x20005f9d        0x3 
 .bss.m_rx_fifo
                0x20005fa0       0x10 _build/nrf52832_xxaa/app_uart_fifo.c.o
 .bss.m_nrf_sdh_enabled
                0x20005fb0        0x1 _build/nrf52832_xxaa/nrf_sdh.c.o
 .bss.m_nrf_sdh_continue
                0x20005fb1        0x1 _build/nrf52832_xxaa/nrf_sdh.c.o
 .bss.m_nrf_sdh_suspended
                0x20005fb2        0x1 _build/nrf52832_xxaa/nrf_sdh.c.o
 *fill*         0x20005fb3        0x1 
 .bss.m_fifo_inst
                0x20005fb4       0x10 _build/nrf52832_xxaa/nrf_fstorage_sd.c.o
 .bss.m_iget_ctx
                0x20005fc4        0x4 _build/nrf52832_xxaa/nrf_fstorage_sd.c.o
 .bss.m_p_cur_op
                0x20005fc8        0x4 _build/nrf52832_xxaa/nrf_fstorage_sd.c.o
 .bss.m_flags   0x20005fcc       0x14 _build/nrf52832_xxaa/nrf_fstorage_sd.c.o
 .bss.m_clock_cb
                0x20005fe0       0x14 _build/nrf52832_xxaa/nrf_drv_clock.c.o
 .bss.m_cb      0x20005ff4       0x58 _build/nrf52832_xxaa/nrf_drv_gpiote.c.o
 .bss.m_cb      0x2000604c       0x20 _build/nrf52832_xxaa/nrf_drv_uart.c.o
 .bss.m_leds_timer_id_data
                0x2000606c       0x20 _build/nrf52832_xxaa/bsp.c.o
 .bss.current_long_push_pin_no.7314
                0x2000608c        0x1 _build/nrf52832_xxaa/bsp.c.o
 .bss.m_alert_on
                0x2000608d        0x1 _build/nrf52832_xxaa/bsp.c.o
 *fill*         0x2000608e        0x2 
 .bss.m_indication_type
                0x20006090        0x4 _build/nrf52832_xxaa/bsp.c.o
 .bss.release_event_at_push.7315
                0x20006094        0x4 _build/nrf52832_xxaa/bsp.c.o
 .bss.m_leds_clear
                0x20006098        0x1 _build/nrf52832_xxaa/bsp.c.o
 *fill*         0x20006099        0x3 
 .bss.m_registered_callback
                0x2000609c        0x4 _build/nrf52832_xxaa/bsp.c.o
 .bss.m_button_timer_id_data
                0x200060a0       0x20 _build/nrf52832_xxaa/bsp.c.o
 .bss.m_stable_state
                0x200060c0        0x1 _build/nrf52832_xxaa/bsp.c.o
 *fill*         0x200060c1        0x3 
 .bss.m_alert_timer_id_data
                0x200060c4       0x20 _build/nrf52832_xxaa/bsp.c.o
 .bss.m_events_list
                0x200060e4        0xc _build/nrf52832_xxaa/bsp.c.o
 .bss.m_error_handler
                0x200060f0        0x4 _build/nrf52832_xxaa/bsp_btn_ble.c.o
 .bss.m_num_connections
                0x200060f4        0x4 _build/nrf52832_xxaa/bsp_btn_ble.c.o
 .bss.data_array.10653
                0x200060f8       0xf4 _build/nrf52832_xxaa/main.c.o
 .bss.index.10654
                0x200061ec        0x1 _build/nrf52832_xxaa/main.c.o
 *fill*         0x200061ed        0x3 
 .bss.tx_buf.10672
                0x200061f0      0x100 _build/nrf52832_xxaa/main.c.o
 .bss.rx_buf.10671
                0x200062f0      0x100 _build/nrf52832_xxaa/main.c.o
 .bss.m_advertising
                0x200063f0       0xd8 _build/nrf52832_xxaa/main.c.o
 .bss.m_gatt    0x200064c8       0x14 _build/nrf52832_xxaa/main.c.o
 .bss.m_nus     0x200064dc       0x1c _build/nrf52832_xxaa/main.c.o
 .bss._acDownBuffer
                0x200064f8       0x10 _build/nrf52832_xxaa/SEGGER_RTT.c.o
 .bss._acUpBuffer
                0x20006508      0x200 _build/nrf52832_xxaa/SEGGER_RTT.c.o
 .bss.m_conn_params_config
                0x20006708       0x1c _build/nrf52832_xxaa/ble_conn_params.c.o
 .bss.m_conn_params_instances
                0x20006724       0x14 _build/nrf52832_xxaa/ble_conn_params.c.o
 .bss.m_timer_data
                0x20006738       0x20 _build/nrf52832_xxaa/ble_conn_params.c.o
 .bss.m_preferred_conn_params
                0x20006758        0x8 _build/nrf52832_xxaa/ble_conn_params.c.o
 .bss.__malloc_sbrk_start
                0x20006760        0x4 d:/windows_app/5.4 2016q3/bin/../lib/gcc/arm-none-eabi/5.4.1/../../../../arm-none-eabi/lib/armv7e-m/fpu\libc_nano.a(lib_a-nano-mallocr.o)
                0x20006760                __malloc_sbrk_start
 .bss.__malloc_free_list
                0x20006764        0x4 d:/windows_app/5.4 2016q3/bin/../lib/gcc/arm-none-eabi/5.4.1/../../../../arm-none-eabi/lib/armv7e-m/fpu\libc_nano.a(lib_a-nano-mallocr.o)
                0x20006764                __malloc_free_list
 .bss.heap_end.4169
                0x20006768        0x4 d:/windows_app/5.4 2016q3/bin/../lib/gcc/arm-none-eabi/5.4.1/../../../../arm-none-eabi/lib/armv7e-m/fpu\libnosys.a(sbrk.o)
 *(COMMON)
 COMMON         0x2000676c        0xc _build/nrf52832_xxaa/app_util_platform.c.o
                0x2000676c                nrf_nvic_state
 COMMON         0x20006778       0x78 _build/nrf52832_xxaa/SEGGER_RTT.c.o
                0x20006778                _SEGGER_RTT
 COMMON         0x200067f0        0x4 d:/windows_app/5.4 2016q3/bin/../lib/gcc/arm-none-eabi/5.4.1/../../../../arm-none-eabi/lib/armv7e-m/fpu\libc_nano.a(lib_a-reent.o)
                0x200067f0                errno
                0x200067f4                . = ALIGN (0x4)
                0x200067f4                __bss_end__ = .

.heap           0x200067f8     0x2000
                0x200067f8                __HeapBase = .
                0x200067f8                __end__ = .
                0x200067f8                PROVIDE (end, .)
 *(.heap*)
 .heap          0x200067f8     0x2000 _build/nrf52832_xxaa/gcc_startup_nrf52.S.o
                0x200087f8                __HeapLimit = .

.stack_dummy    0x200067f8     0x2000
 *(.stack*)
 .stack         0x200067f8     0x2000 _build/nrf52832_xxaa/gcc_startup_nrf52.S.o
                0x20010000                __StackTop = (ORIGIN (RAM) + LENGTH (RAM))
                0x2000e000                __StackLimit = (__StackTop - SIZEOF (.stack_dummy))
                0x20010000                PROVIDE (__stack, __StackTop)
                0x00000001                ASSERT ((__StackLimit >= __HeapLimit), region RAM overflowed with stack)
                0x00000274                DataInitFlashUsed = (__bss_start__ - __data_start__)
                0x00008814                CodeFlashUsed = (__etext - ORIGIN (FLASH))
                0x00008a88                TotalFlashUsed = (CodeFlashUsed + DataInitFlashUsed)
                0x00000001                ASSERT ((TotalFlashUsed <= LENGTH (FLASH)), region FLASH overflowed with .data and user data)
OUTPUT(_build/nrf52832_xxaa.out elf32-littlearm)

.ARM.attributes
                0x00000000       0x30
 .ARM.attributes
                0x00000000       0x22 d:/windows_app/5.4 2016q3/bin/../lib/gcc/arm-none-eabi/5.4.1/armv7e-m/fpu/crti.o
 .ARM.attributes
                0x00000022       0x34 d:/windows_app/5.4 2016q3/bin/../lib/gcc/arm-none-eabi/5.4.1/armv7e-m/fpu/crtbegin.o
 .ARM.attributes
                0x00000056       0x20 d:/windows_app/5.4 2016q3/bin/../lib/gcc/arm-none-eabi/5.4.1/../../../../arm-none-eabi/lib/armv7e-m/fpu/crt0.o
 .ARM.attributes
                0x00000076       0x39 _build/nrf52832_xxaa/nrf_log_backend_rtt.c.o
 .ARM.attributes
                0x000000af       0x39 _build/nrf52832_xxaa/nrf_log_backend_serial.c.o
 .ARM.attributes
                0x000000e8       0x39 _build/nrf52832_xxaa/nrf_log_default_backends.c.o
 .ARM.attributes
                0x00000121       0x39 _build/nrf52832_xxaa/nrf_log_frontend.c.o
 .ARM.attributes
                0x0000015a       0x39 _build/nrf52832_xxaa/nrf_log_str_formatter.c.o
 .ARM.attributes
                0x00000193       0x39 _build/nrf52832_xxaa/app_button.c.o
 .ARM.attributes
                0x000001cc       0x39 _build/nrf52832_xxaa/boards.c.o
 .ARM.attributes
                0x00000205       0x39 _build/nrf52832_xxaa/app_error.c.o
 .ARM.attributes
                0x0000023e       0x39 _build/nrf52832_xxaa/app_error_weak.c.o
 .ARM.attributes
                0x00000277       0x39 _build/nrf52832_xxaa/app_fifo.c.o
 .ARM.attributes
                0x000002b0       0x39 _build/nrf52832_xxaa/app_timer.c.o
 .ARM.attributes
                0x000002e9       0x39 _build/nrf52832_xxaa/app_uart_fifo.c.o
 .ARM.attributes
                0x00000322       0x39 _build/nrf52832_xxaa/app_util_platform.c.o
 .ARM.attributes
                0x0000035b       0x39 _build/nrf52832_xxaa/nrf_atfifo.c.o
 .ARM.attributes
                0x00000394       0x39 _build/nrf52832_xxaa/nrf_section_iter.c.o
 .ARM.attributes
                0x000003cd       0x39 _build/nrf52832_xxaa/nrf_sdh.c.o
 .ARM.attributes
                0x00000406       0x39 _build/nrf52832_xxaa/nrf_sdh_soc.c.o
 .ARM.attributes
                0x0000043f       0x39 _build/nrf52832_xxaa/nrf_balloc.c.o
 .ARM.attributes
                0x00000478       0x39 _build/nrf52832_xxaa/nrf_fprintf.c.o
 .ARM.attributes
                0x000004b1       0x39 _build/nrf52832_xxaa/nrf_fprintf_format.c.o
 .ARM.attributes
                0x000004ea       0x39 _build/nrf52832_xxaa/nrf_fstorage.c.o
 .ARM.attributes
                0x00000523       0x39 _build/nrf52832_xxaa/nrf_fstorage_sd.c.o
 .ARM.attributes
                0x0000055c       0x39 _build/nrf52832_xxaa/nrf_memobj.c.o
 .ARM.attributes
                0x00000595       0x39 _build/nrf52832_xxaa/nrf_pwr_mgmt.c.o
 .ARM.attributes
                0x000005ce       0x39 _build/nrf52832_xxaa/nrf_strerror.c.o
 .ARM.attributes
                0x00000607       0x39 _build/nrf52832_xxaa/retarget.c.o
 .ARM.attributes
                0x00000640       0x39 _build/nrf52832_xxaa/nrf_drv_clock.c.o
 .ARM.attributes
                0x00000679       0x39 _build/nrf52832_xxaa/nrf_drv_common.c.o
 .ARM.attributes
                0x000006b2       0x39 _build/nrf52832_xxaa/nrf_drv_gpiote.c.o
 .ARM.attributes
                0x000006eb       0x39 _build/nrf52832_xxaa/nrf_drv_uart.c.o
 .ARM.attributes
                0x00000724       0x39 _build/nrf52832_xxaa/bsp.c.o
 .ARM.attributes
                0x0000075d       0x39 _build/nrf52832_xxaa/bsp_btn_ble.c.o
 .ARM.attributes
                0x00000796       0x39 _build/nrf52832_xxaa/main.c.o
 .ARM.attributes
                0x000007cf       0x39 _build/nrf52832_xxaa/SEGGER_RTT.c.o
 .ARM.attributes
                0x00000808       0x39 _build/nrf52832_xxaa/ble_advdata.c.o
 .ARM.attributes
                0x00000841       0x39 _build/nrf52832_xxaa/ble_advertising.c.o
 .ARM.attributes
                0x0000087a       0x39 _build/nrf52832_xxaa/ble_conn_params.c.o
 .ARM.attributes
                0x000008b3       0x39 _build/nrf52832_xxaa/nrf_ble_gatt.c.o
 .ARM.attributes
                0x000008ec       0x20 _build/nrf52832_xxaa/gcc_startup_nrf52.S.o
 .ARM.attributes
                0x0000090c       0x39 _build/nrf52832_xxaa/system_nrf52.c.o
 .ARM.attributes
                0x00000945       0x39 _build/nrf52832_xxaa/ble_nus.c.o
 .ARM.attributes
                0x0000097e       0x39 _build/nrf52832_xxaa/nrf_sdh_ble.c.o
 .ARM.attributes
                0x000009b7       0x34 d:/windows_app/5.4 2016q3/bin/../lib/gcc/arm-none-eabi/5.4.1/../../../../arm-none-eabi/lib/armv7e-m/fpu\libc_nano.a(lib_a-exit.o)
 .ARM.attributes
                0x000009eb       0x34 d:/windows_app/5.4 2016q3/bin/../lib/gcc/arm-none-eabi/5.4.1/../../../../arm-none-eabi/lib/armv7e-m/fpu\libc_nano.a(lib_a-impure.o)
 .ARM.attributes
                0x00000a1f       0x34 d:/windows_app/5.4 2016q3/bin/../lib/gcc/arm-none-eabi/5.4.1/../../../../arm-none-eabi/lib/armv7e-m/fpu\libc_nano.a(lib_a-init.o)
 .ARM.attributes
                0x00000a53       0x34 d:/windows_app/5.4 2016q3/bin/../lib/gcc/arm-none-eabi/5.4.1/../../../../arm-none-eabi/lib/armv7e-m/fpu\libc_nano.a(lib_a-locale.o)
 .ARM.attributes
                0x00000a87       0x34 d:/windows_app/5.4 2016q3/bin/../lib/gcc/arm-none-eabi/5.4.1/../../../../arm-none-eabi/lib/armv7e-m/fpu\libc_nano.a(lib_a-mbtowc_r.o)
 .ARM.attributes
                0x00000abb       0x34 d:/windows_app/5.4 2016q3/bin/../lib/gcc/arm-none-eabi/5.4.1/../../../../arm-none-eabi/lib/armv7e-m/fpu\libc_nano.a(lib_a-memcpy-stub.o)
 .ARM.attributes
                0x00000aef       0x34 d:/windows_app/5.4 2016q3/bin/../lib/gcc/arm-none-eabi/5.4.1/../../../../arm-none-eabi/lib/armv7e-m/fpu\libc_nano.a(lib_a-memset.o)
 .ARM.attributes
                0x00000b23       0x34 d:/windows_app/5.4 2016q3/bin/../lib/gcc/arm-none-eabi/5.4.1/../../../../arm-none-eabi/lib/armv7e-m/fpu\libc_nano.a(lib_a-printf.o)
 .ARM.attributes
                0x00000b57       0x34 d:/windows_app/5.4 2016q3/bin/../lib/gcc/arm-none-eabi/5.4.1/../../../../arm-none-eabi/lib/armv7e-m/fpu\libc_nano.a(lib_a-strcpy.o)
 .ARM.attributes
                0x00000b8b       0x1b d:/windows_app/5.4 2016q3/bin/../lib/gcc/arm-none-eabi/5.4.1/../../../../arm-none-eabi/lib/armv7e-m/fpu\libc_nano.a(lib_a-strlen.o)
 .ARM.attributes
                0x00000ba6       0x34 d:/windows_app/5.4 2016q3/bin/../lib/gcc/arm-none-eabi/5.4.1/../../../../arm-none-eabi/lib/armv7e-m/fpu\libc_nano.a(lib_a-wctomb_r.o)
 .ARM.attributes
                0x00000bda       0x34 d:/windows_app/5.4 2016q3/bin/../lib/gcc/arm-none-eabi/5.4.1/../../../../arm-none-eabi/lib/armv7e-m/fpu\libc_nano.a(lib_a-ctype_.o)
 .ARM.attributes
                0x00000c0e       0x34 d:/windows_app/5.4 2016q3/bin/../lib/gcc/arm-none-eabi/5.4.1/../../../../arm-none-eabi/lib/armv7e-m/fpu\libc_nano.a(lib_a-findfp.o)
 .ARM.attributes
                0x00000c42       0x34 d:/windows_app/5.4 2016q3/bin/../lib/gcc/arm-none-eabi/5.4.1/../../../../arm-none-eabi/lib/armv7e-m/fpu\libc_nano.a(lib_a-fwalk.o)
 .ARM.attributes
                0x00000c76       0x34 d:/windows_app/5.4 2016q3/bin/../lib/gcc/arm-none-eabi/5.4.1/../../../../arm-none-eabi/lib/armv7e-m/fpu\libc_nano.a(lib_a-nano-mallocr.o)
 .ARM.attributes
                0x00000caa       0x34 d:/windows_app/5.4 2016q3/bin/../lib/gcc/arm-none-eabi/5.4.1/../../../../arm-none-eabi/lib/armv7e-m/fpu\libc_nano.a(lib_a-nano-vfprintf.o)
 .ARM.attributes
                0x00000cde       0x34 d:/windows_app/5.4 2016q3/bin/../lib/gcc/arm-none-eabi/5.4.1/../../../../arm-none-eabi/lib/armv7e-m/fpu\libc_nano.a(lib_a-nano-vfprintf_i.o)
 .ARM.attributes
                0x00000d12       0x34 d:/windows_app/5.4 2016q3/bin/../lib/gcc/arm-none-eabi/5.4.1/../../../../arm-none-eabi/lib/armv7e-m/fpu\libc_nano.a(lib_a-sbrkr.o)
 .ARM.attributes
                0x00000d46       0x34 d:/windows_app/5.4 2016q3/bin/../lib/gcc/arm-none-eabi/5.4.1/../../../../arm-none-eabi/lib/armv7e-m/fpu\libc_nano.a(lib_a-stdio.o)
 .ARM.attributes
                0x00000d7a       0x34 d:/windows_app/5.4 2016q3/bin/../lib/gcc/arm-none-eabi/5.4.1/../../../../arm-none-eabi/lib/armv7e-m/fpu\libc_nano.a(lib_a-wbuf.o)
 .ARM.attributes
                0x00000dae       0x34 d:/windows_app/5.4 2016q3/bin/../lib/gcc/arm-none-eabi/5.4.1/../../../../arm-none-eabi/lib/armv7e-m/fpu\libc_nano.a(lib_a-writer.o)
 .ARM.attributes
                0x00000de2       0x34 d:/windows_app/5.4 2016q3/bin/../lib/gcc/arm-none-eabi/5.4.1/../../../../arm-none-eabi/lib/armv7e-m/fpu\libc_nano.a(lib_a-wsetup.o)
 .ARM.attributes
                0x00000e16       0x34 d:/windows_app/5.4 2016q3/bin/../lib/gcc/arm-none-eabi/5.4.1/../../../../arm-none-eabi/lib/armv7e-m/fpu\libc_nano.a(lib_a-closer.o)
 .ARM.attributes
                0x00000e4a       0x34 d:/windows_app/5.4 2016q3/bin/../lib/gcc/arm-none-eabi/5.4.1/../../../../arm-none-eabi/lib/armv7e-m/fpu\libc_nano.a(lib_a-fflush.o)
 .ARM.attributes
                0x00000e7e       0x34 d:/windows_app/5.4 2016q3/bin/../lib/gcc/arm-none-eabi/5.4.1/../../../../arm-none-eabi/lib/armv7e-m/fpu\libc_nano.a(lib_a-lseekr.o)
 .ARM.attributes
                0x00000eb2       0x34 d:/windows_app/5.4 2016q3/bin/../lib/gcc/arm-none-eabi/5.4.1/../../../../arm-none-eabi/lib/armv7e-m/fpu\libc_nano.a(lib_a-makebuf.o)
 .ARM.attributes
                0x00000ee6       0x20 d:/windows_app/5.4 2016q3/bin/../lib/gcc/arm-none-eabi/5.4.1/../../../../arm-none-eabi/lib/armv7e-m/fpu\libc_nano.a(lib_a-memchr.o)
 .ARM.attributes
                0x00000f06       0x34 d:/windows_app/5.4 2016q3/bin/../lib/gcc/arm-none-eabi/5.4.1/../../../../arm-none-eabi/lib/armv7e-m/fpu\libc_nano.a(lib_a-mlock.o)
 .ARM.attributes
                0x00000f3a       0x34 d:/windows_app/5.4 2016q3/bin/../lib/gcc/arm-none-eabi/5.4.1/../../../../arm-none-eabi/lib/armv7e-m/fpu\libc_nano.a(lib_a-nano-freer.o)
 .ARM.attributes
                0x00000f6e       0x34 d:/windows_app/5.4 2016q3/bin/../lib/gcc/arm-none-eabi/5.4.1/../../../../arm-none-eabi/lib/armv7e-m/fpu\libc_nano.a(lib_a-readr.o)
 .ARM.attributes
                0x00000fa2       0x34 d:/windows_app/5.4 2016q3/bin/../lib/gcc/arm-none-eabi/5.4.1/../../../../arm-none-eabi/lib/armv7e-m/fpu\libc_nano.a(lib_a-reent.o)
 .ARM.attributes
                0x00000fd6       0x34 d:/windows_app/5.4 2016q3/bin/../lib/gcc/arm-none-eabi/5.4.1/../../../../arm-none-eabi/lib/armv7e-m/fpu\libc_nano.a(lib_a-fstatr.o)
 .ARM.attributes
                0x0000100a       0x34 d:/windows_app/5.4 2016q3/bin/../lib/gcc/arm-none-eabi/5.4.1/../../../../arm-none-eabi/lib/armv7e-m/fpu\libc_nano.a(lib_a-isattyr.o)
 .ARM.attributes
                0x0000103e       0x34 d:/windows_app/5.4 2016q3/bin/../lib/gcc/arm-none-eabi/5.4.1/../../../../arm-none-eabi/lib/armv7e-m/fpu\libnosys.a(close.o)
 .ARM.attributes
                0x00001072       0x34 d:/windows_app/5.4 2016q3/bin/../lib/gcc/arm-none-eabi/5.4.1/../../../../arm-none-eabi/lib/armv7e-m/fpu\libnosys.a(fstat.o)
 .ARM.attributes
                0x000010a6       0x34 d:/windows_app/5.4 2016q3/bin/../lib/gcc/arm-none-eabi/5.4.1/../../../../arm-none-eabi/lib/armv7e-m/fpu\libnosys.a(isatty.o)
 .ARM.attributes
                0x000010da       0x34 d:/windows_app/5.4 2016q3/bin/../lib/gcc/arm-none-eabi/5.4.1/../../../../arm-none-eabi/lib/armv7e-m/fpu\libnosys.a(lseek.o)
 .ARM.attributes
                0x0000110e       0x34 d:/windows_app/5.4 2016q3/bin/../lib/gcc/arm-none-eabi/5.4.1/../../../../arm-none-eabi/lib/armv7e-m/fpu\libnosys.a(sbrk.o)
 .ARM.attributes
                0x00001142       0x34 d:/windows_app/5.4 2016q3/bin/../lib/gcc/arm-none-eabi/5.4.1/../../../../arm-none-eabi/lib/armv7e-m/fpu\libnosys.a(_exit.o)
 .ARM.attributes
                0x00001176       0x22 d:/windows_app/5.4 2016q3/bin/../lib/gcc/arm-none-eabi/5.4.1/armv7e-m/fpu\libgcc.a(_aeabi_uldivmod.o)
 .ARM.attributes
                0x00001198       0x34 d:/windows_app/5.4 2016q3/bin/../lib/gcc/arm-none-eabi/5.4.1/armv7e-m/fpu\libgcc.a(_udivmoddi4.o)
 .ARM.attributes
                0x000011cc       0x22 d:/windows_app/5.4 2016q3/bin/../lib/gcc/arm-none-eabi/5.4.1/armv7e-m/fpu\libgcc.a(_dvmd_tls.o)
 .ARM.attributes
                0x000011ee       0x34 d:/windows_app/5.4 2016q3/bin/../lib/gcc/arm-none-eabi/5.4.1/armv7e-m/fpu/crtend.o
 .ARM.attributes
                0x00001222       0x22 d:/windows_app/5.4 2016q3/bin/../lib/gcc/arm-none-eabi/5.4.1/armv7e-m/fpu/crtn.o

.comment        0x00000000       0x6e
 .comment       0x00000000       0x6e _build/nrf52832_xxaa/nrf_log_backend_rtt.c.o
                                 0x6f (size before relaxing)
 .comment       0x0000006e       0x6f _build/nrf52832_xxaa/nrf_log_backend_serial.c.o
 .comment       0x0000006e       0x6f _build/nrf52832_xxaa/nrf_log_default_backends.c.o
 .comment       0x0000006e       0x6f _build/nrf52832_xxaa/nrf_log_frontend.c.o
 .comment       0x0000006e       0x6f _build/nrf52832_xxaa/nrf_log_str_formatter.c.o
 .comment       0x0000006e       0x6f _build/nrf52832_xxaa/app_button.c.o
 .comment       0x0000006e       0x6f _build/nrf52832_xxaa/boards.c.o
 .comment       0x0000006e       0x6f _build/nrf52832_xxaa/app_error.c.o
 .comment       0x0000006e       0x6f _build/nrf52832_xxaa/app_error_weak.c.o
 .comment       0x0000006e       0x6f _build/nrf52832_xxaa/app_fifo.c.o
 .comment       0x0000006e       0x6f _build/nrf52832_xxaa/app_timer.c.o
 .comment       0x0000006e       0x6f _build/nrf52832_xxaa/app_uart_fifo.c.o
 .comment       0x0000006e       0x6f _build/nrf52832_xxaa/app_util_platform.c.o
 .comment       0x0000006e       0x6f _build/nrf52832_xxaa/nrf_atfifo.c.o
 .comment       0x0000006e       0x6f _build/nrf52832_xxaa/nrf_section_iter.c.o
 .comment       0x0000006e       0x6f _build/nrf52832_xxaa/nrf_sdh.c.o
 .comment       0x0000006e       0x6f _build/nrf52832_xxaa/nrf_sdh_soc.c.o
 .comment       0x0000006e       0x6f _build/nrf52832_xxaa/nrf_balloc.c.o
 .comment       0x0000006e       0x6f _build/nrf52832_xxaa/nrf_fprintf.c.o
 .comment       0x0000006e       0x6f _build/nrf52832_xxaa/nrf_fprintf_format.c.o
 .comment       0x0000006e       0x6f _build/nrf52832_xxaa/nrf_fstorage.c.o
 .comment       0x0000006e       0x6f _build/nrf52832_xxaa/nrf_fstorage_sd.c.o
 .comment       0x0000006e       0x6f _build/nrf52832_xxaa/nrf_memobj.c.o
 .comment       0x0000006e       0x6f _build/nrf52832_xxaa/nrf_pwr_mgmt.c.o
 .comment       0x0000006e       0x6f _build/nrf52832_xxaa/nrf_strerror.c.o
 .comment       0x0000006e       0x6f _build/nrf52832_xxaa/retarget.c.o
 .comment       0x0000006e       0x6f _build/nrf52832_xxaa/nrf_drv_clock.c.o
 .comment       0x0000006e       0x6f _build/nrf52832_xxaa/nrf_drv_common.c.o
 .comment       0x0000006e       0x6f _build/nrf52832_xxaa/nrf_drv_gpiote.c.o
 .comment       0x0000006e       0x6f _build/nrf52832_xxaa/nrf_drv_uart.c.o
 .comment       0x0000006e       0x6f _build/nrf52832_xxaa/bsp.c.o
 .comment       0x0000006e       0x6f _build/nrf52832_xxaa/bsp_btn_ble.c.o
 .comment       0x0000006e       0x6f _build/nrf52832_xxaa/main.c.o
 .comment       0x0000006e       0x6f _build/nrf52832_xxaa/SEGGER_RTT.c.o
 .comment       0x0000006e       0x6f _build/nrf52832_xxaa/ble_advdata.c.o
 .comment       0x0000006e       0x6f _build/nrf52832_xxaa/ble_advertising.c.o
 .comment       0x0000006e       0x6f _build/nrf52832_xxaa/ble_conn_params.c.o
 .comment       0x0000006e       0x6f _build/nrf52832_xxaa/nrf_ble_gatt.c.o
 .comment       0x0000006e       0x6f _build/nrf52832_xxaa/system_nrf52.c.o
 .comment       0x0000006e       0x6f _build/nrf52832_xxaa/ble_nus.c.o
 .comment       0x0000006e       0x6f _build/nrf52832_xxaa/nrf_sdh_ble.c.o

.debug_info     0x00000000    0x33b2f
 .debug_info    0x00000000      0x426 _build/nrf52832_xxaa/nrf_log_backend_rtt.c.o
 .debug_info    0x00000426      0x7e0 _build/nrf52832_xxaa/nrf_log_backend_serial.c.o
 .debug_info    0x00000c06      0x32d _build/nrf52832_xxaa/nrf_log_default_backends.c.o
 .debug_info    0x00000f33     0x304f _build/nrf52832_xxaa/nrf_log_frontend.c.o
 .debug_info    0x00003f82      0x7f7 _build/nrf52832_xxaa/nrf_log_str_formatter.c.o
 .debug_info    0x00004779      0x623 _build/nrf52832_xxaa/app_button.c.o
 .debug_info    0x00004d9c      0xbf8 _build/nrf52832_xxaa/boards.c.o
 .debug_info    0x00005994      0x339 _build/nrf52832_xxaa/app_error.c.o
 .debug_info    0x00005ccd      0x497 _build/nrf52832_xxaa/app_error_weak.c.o
 .debug_info    0x00006164      0x609 _build/nrf52832_xxaa/app_fifo.c.o
 .debug_info    0x0000676d     0x1aa9 _build/nrf52832_xxaa/app_timer.c.o
 .debug_info    0x00008216     0x12a3 _build/nrf52832_xxaa/app_uart_fifo.c.o
 .debug_info    0x000094b9      0x980 _build/nrf52832_xxaa/app_util_platform.c.o
 .debug_info    0x00009e39      0x9a3 _build/nrf52832_xxaa/nrf_atfifo.c.o
 .debug_info    0x0000a7dc      0x1f2 _build/nrf52832_xxaa/nrf_section_iter.c.o
 .debug_info    0x0000a9ce     0x17cc _build/nrf52832_xxaa/nrf_sdh.c.o
 .debug_info    0x0000c19a      0x5be _build/nrf52832_xxaa/nrf_sdh_soc.c.o
 .debug_info    0x0000c758      0x48c _build/nrf52832_xxaa/nrf_balloc.c.o
 .debug_info    0x0000cbe4      0x286 _build/nrf52832_xxaa/nrf_fprintf.c.o
 .debug_info    0x0000ce6a      0x93e _build/nrf52832_xxaa/nrf_fprintf_format.c.o
 .debug_info    0x0000d7a8      0x78e _build/nrf52832_xxaa/nrf_fstorage.c.o
 .debug_info    0x0000df36     0x1662 _build/nrf52832_xxaa/nrf_fstorage_sd.c.o
 .debug_info    0x0000f598      0xa72 _build/nrf52832_xxaa/nrf_memobj.c.o
 .debug_info    0x0001000a     0x12d5 _build/nrf52832_xxaa/nrf_pwr_mgmt.c.o
 .debug_info    0x000112df      0x278 _build/nrf52832_xxaa/nrf_strerror.c.o
 .debug_info    0x00011557      0x21a _build/nrf52832_xxaa/retarget.c.o
 .debug_info    0x00011771     0x1984 _build/nrf52832_xxaa/nrf_drv_clock.c.o
 .debug_info    0x000130f5      0x6c6 _build/nrf52832_xxaa/nrf_drv_common.c.o
 .debug_info    0x000137bb     0x2848 _build/nrf52832_xxaa/nrf_drv_gpiote.c.o
 .debug_info    0x00016003     0x43ad _build/nrf52832_xxaa/nrf_drv_uart.c.o
 .debug_info    0x0001a3b0     0x178f _build/nrf52832_xxaa/bsp.c.o
 .debug_info    0x0001bb3f     0x1b22 _build/nrf52832_xxaa/bsp_btn_ble.c.o
 .debug_info    0x0001d661     0x51df _build/nrf52832_xxaa/main.c.o
 .debug_info    0x00022840     0x2ab9 _build/nrf52832_xxaa/SEGGER_RTT.c.o
 .debug_info    0x000252f9     0x1b37 _build/nrf52832_xxaa/ble_advdata.c.o
 .debug_info    0x00026e30     0x288f _build/nrf52832_xxaa/ble_advertising.c.o
 .debug_info    0x000296bf     0x25cd _build/nrf52832_xxaa/ble_conn_params.c.o
 .debug_info    0x0002bc8c     0x244f _build/nrf52832_xxaa/nrf_ble_gatt.c.o
 .debug_info    0x0002e0db       0xb2 _build/nrf52832_xxaa/gcc_startup_nrf52.S.o
 .debug_info    0x0002e18d     0x1144 _build/nrf52832_xxaa/system_nrf52.c.o
 .debug_info    0x0002f2d1     0x2269 _build/nrf52832_xxaa/ble_nus.c.o
 .debug_info    0x0003153a     0x25f5 _build/nrf52832_xxaa/nrf_sdh_ble.c.o

.debug_abbrev   0x00000000     0x70a3
 .debug_abbrev  0x00000000      0x1f9 _build/nrf52832_xxaa/nrf_log_backend_rtt.c.o
 .debug_abbrev  0x000001f9      0x1fd _build/nrf52832_xxaa/nrf_log_backend_serial.c.o
 .debug_abbrev  0x000003f6      0x191 _build/nrf52832_xxaa/nrf_log_default_backends.c.o
 .debug_abbrev  0x00000587      0x490 _build/nrf52832_xxaa/nrf_log_frontend.c.o
 .debug_abbrev  0x00000a17      0x1ca _build/nrf52832_xxaa/nrf_log_str_formatter.c.o
 .debug_abbrev  0x00000be1      0x1e1 _build/nrf52832_xxaa/app_button.c.o
 .debug_abbrev  0x00000dc2      0x269 _build/nrf52832_xxaa/boards.c.o
 .debug_abbrev  0x0000102b      0x129 _build/nrf52832_xxaa/app_error.c.o
 .debug_abbrev  0x00001154      0x19a _build/nrf52832_xxaa/app_error_weak.c.o
 .debug_abbrev  0x000012ee      0x193 _build/nrf52832_xxaa/app_fifo.c.o
 .debug_abbrev  0x00001481      0x40d _build/nrf52832_xxaa/app_timer.c.o
 .debug_abbrev  0x0000188e      0x281 _build/nrf52832_xxaa/app_uart_fifo.c.o
 .debug_abbrev  0x00001b0f      0x2ad _build/nrf52832_xxaa/app_util_platform.c.o
 .debug_abbrev  0x00001dbc      0x22e _build/nrf52832_xxaa/nrf_atfifo.c.o
 .debug_abbrev  0x00001fea       0xbf _build/nrf52832_xxaa/nrf_section_iter.c.o
 .debug_abbrev  0x000020a9      0x438 _build/nrf52832_xxaa/nrf_sdh.c.o
 .debug_abbrev  0x000024e1      0x1e0 _build/nrf52832_xxaa/nrf_sdh_soc.c.o
 .debug_abbrev  0x000026c1      0x203 _build/nrf52832_xxaa/nrf_balloc.c.o
 .debug_abbrev  0x000028c4      0x148 _build/nrf52832_xxaa/nrf_fprintf.c.o
 .debug_abbrev  0x00002a0c      0x294 _build/nrf52832_xxaa/nrf_fprintf_format.c.o
 .debug_abbrev  0x00002ca0      0x18e _build/nrf52832_xxaa/nrf_fstorage.c.o
 .debug_abbrev  0x00002e2e      0x3d1 _build/nrf52832_xxaa/nrf_fstorage_sd.c.o
 .debug_abbrev  0x000031ff      0x2b3 _build/nrf52832_xxaa/nrf_memobj.c.o
 .debug_abbrev  0x000034b2      0x3a4 _build/nrf52832_xxaa/nrf_pwr_mgmt.c.o
 .debug_abbrev  0x00003856      0x149 _build/nrf52832_xxaa/nrf_strerror.c.o
 .debug_abbrev  0x0000399f      0x11d _build/nrf52832_xxaa/retarget.c.o
 .debug_abbrev  0x00003abc      0x4b8 _build/nrf52832_xxaa/nrf_drv_clock.c.o
 .debug_abbrev  0x00003f74      0x1ad _build/nrf52832_xxaa/nrf_drv_common.c.o
 .debug_abbrev  0x00004121      0x43d _build/nrf52832_xxaa/nrf_drv_gpiote.c.o
 .debug_abbrev  0x0000455e      0x3d4 _build/nrf52832_xxaa/nrf_drv_uart.c.o
 .debug_abbrev  0x00004932      0x3ea _build/nrf52832_xxaa/bsp.c.o
 .debug_abbrev  0x00004d1c      0x2ea _build/nrf52832_xxaa/bsp_btn_ble.c.o
 .debug_abbrev  0x00005006      0x4eb _build/nrf52832_xxaa/main.c.o
 .debug_abbrev  0x000054f1      0x2c8 _build/nrf52832_xxaa/SEGGER_RTT.c.o
 .debug_abbrev  0x000057b9      0x322 _build/nrf52832_xxaa/ble_advdata.c.o
 .debug_abbrev  0x00005adb      0x47f _build/nrf52832_xxaa/ble_advertising.c.o
 .debug_abbrev  0x00005f5a      0x463 _build/nrf52832_xxaa/ble_conn_params.c.o
 .debug_abbrev  0x000063bd      0x3c9 _build/nrf52832_xxaa/nrf_ble_gatt.c.o
 .debug_abbrev  0x00006786       0x14 _build/nrf52832_xxaa/gcc_startup_nrf52.S.o
 .debug_abbrev  0x0000679a      0x1e7 _build/nrf52832_xxaa/system_nrf52.c.o
 .debug_abbrev  0x00006981      0x396 _build/nrf52832_xxaa/ble_nus.c.o
 .debug_abbrev  0x00006d17      0x38c _build/nrf52832_xxaa/nrf_sdh_ble.c.o

.debug_loc      0x00000000    0x191fd
 .debug_loc     0x00000000      0x127 _build/nrf52832_xxaa/nrf_log_backend_rtt.c.o
 .debug_loc     0x00000127      0x185 _build/nrf52832_xxaa/nrf_log_backend_serial.c.o
 .debug_loc     0x000002ac       0x15 _build/nrf52832_xxaa/nrf_log_default_backends.c.o
 .debug_loc     0x000002c1     0x3506 _build/nrf52832_xxaa/nrf_log_frontend.c.o
 .debug_loc     0x000037c7      0x5fe _build/nrf52832_xxaa/nrf_log_str_formatter.c.o
 .debug_loc     0x00003dc5      0x37f _build/nrf52832_xxaa/app_button.c.o
 .debug_loc     0x00004144      0x885 _build/nrf52832_xxaa/boards.c.o
 .debug_loc     0x000049c9      0x145 _build/nrf52832_xxaa/app_error.c.o
 .debug_loc     0x00004b0e       0x63 _build/nrf52832_xxaa/app_error_weak.c.o
 .debug_loc     0x00004b71      0x698 _build/nrf52832_xxaa/app_fifo.c.o